Archive member included because of file (symbol)

C:\fehqt\Proteus/EWL/lib/armv7e-m\libm.a(s_cosf.o)
                              ..\robot.o (cosf)
C:\fehqt\Proteus/EWL/lib/armv7e-m\libm.a(s_floor.o)
                              ..\robot.o (floor)
C:\fehqt\Proteus/EWL/lib/armv7e-m\libm.a(s_sinf.o)
                              ..\robot.o (sinf)
C:\fehqt\Proteus/EWL/lib/armv7e-m\libm.a(w_atan2f.o)
                              ..\robot.o (atan2f)
C:\fehqt\Proteus/EWL/lib/armv7e-m\libm.a(w_fmod.o)
                              ..\robot.o (fmod)
C:\fehqt\Proteus/EWL/lib/armv7e-m\libm.a(e_atan2f.o)
                              C:\fehqt\Proteus/EWL/lib/armv7e-m\libm.a(w_atan2f.o) (__ieee754_atan2f)
C:\fehqt\Proteus/EWL/lib/armv7e-m\libm.a(e_fmod.o)
                              C:\fehqt\Proteus/EWL/lib/armv7e-m\libm.a(w_fmod.o) (__ieee754_fmod)
C:\fehqt\Proteus/EWL/lib/armv7e-m\libm.a(e_rem_pio2f.o)
                              C:\fehqt\Proteus/EWL/lib/armv7e-m\libm.a(s_cosf.o) (__ieee754_rem_pio2f)
C:\fehqt\Proteus/EWL/lib/armv7e-m\libm.a(k_cosf.o)
                              C:\fehqt\Proteus/EWL/lib/armv7e-m\libm.a(s_cosf.o) (__kernel_cosf)
C:\fehqt\Proteus/EWL/lib/armv7e-m\libm.a(k_rem_pio2f.o)
                              C:\fehqt\Proteus/EWL/lib/armv7e-m\libm.a(e_rem_pio2f.o) (__kernel_rem_pio2f)
C:\fehqt\Proteus/EWL/lib/armv7e-m\libm.a(k_sinf.o)
                              C:\fehqt\Proteus/EWL/lib/armv7e-m\libm.a(s_cosf.o) (__kernel_sinf)
C:\fehqt\Proteus/EWL/lib/armv7e-m\libm.a(s_atanf.o)
                              C:\fehqt\Proteus/EWL/lib/armv7e-m\libm.a(e_atan2f.o) (atanf)
C:\fehqt\Proteus/EWL/lib/armv7e-m\libm.a(s_floorf.o)
                              C:\fehqt\Proteus/EWL/lib/armv7e-m\libm.a(k_rem_pio2f.o) (floorf)
C:\fehqt\Proteus/EWL/lib/armv7e-m\libm.a(s_scalbnf.o)
                              C:\fehqt\Proteus/EWL/lib/armv7e-m\libm.a(k_rem_pio2f.o) (scalbnf)
C:\fehqt\Proteus/EWL/lib/armv7e-m\libc.a(errno.o)
                              C:\fehqt\Proteus/EWL/lib/armv7e-m\libm.a(e_atan2f.o) (errno)
C:\fehqt\Proteus/EWL/lib/armv7e-m\libc.a(sprintf.o)
                              Libraries\FEHLCD.o (sprintf)
C:\fehqt\Proteus/EWL/lib/armv7e-m\libc.a(vsnprintf.o)
                              C:\fehqt\Proteus/EWL/lib/armv7e-m\libc.a(sprintf.o) (vsnprintf)
C:\fehqt\Proteus/EWL/lib/armv7e-m\libc.a(exit.o)
                              Startup\__arm_start.o (exit)
C:\fehqt\Proteus/EWL/lib/armv7e-m\libc.a(memcpy.o)
                              ..\tests.o (memcpy)
C:\fehqt\Proteus/EWL/lib/armv7e-m\libc.a(memset.o)
                              Startup\__arm_start.o (memset)
C:\fehqt\Proteus/EWL/lib/armv7e-m\libc.a(strcmp.o)
                              Libraries\FEHLCD.o (strcmp)
C:\fehqt\Proteus/EWL/lib/armv7e-m\libc.a(strcpy.o)
                              Libraries\FEHLCD.o (strcpy)
C:\fehqt\Proteus/EWL/lib/armv7e-m\libc.a(strlen.o)
                              Libraries\FEHLCD.o (strlen)
C:\fehqt\Proteus/EWL/lib/armv7e-m\libc.a(printformat_.o)
                              (__pformatter_)
C:\fehqt\Proteus/EWL/lib/armv7e-m\libc.a(scanformat_.o)
                              (__sformatter)
C:\fehqt\Proteus/EWL/lib/armv7e-m\libc.a(ctype_aeabi.o)
                              C:\fehqt\Proteus/EWL/lib/armv7e-m\libc.a(scanformat_.o) (isspace)
C:\fehqt\Proteus/EWL/lib/armv7e-m\libc.a(__strtoul.o)
                              C:\fehqt\Proteus/EWL/lib/armv7e-m\libc.a(scanformat_.o) (__strtoul)
C:\fehqt\Proteus/EWL/lib/armv7e-m\libc.a(__filll_mem.o)
                              C:\fehqt\Proteus/EWL/lib/armv7e-m\libc.a(memset.o) (__fill_mem)
C:\fehqt\Proteus/EWL/lib/armv7e-m\libc.a(memchr.o)
                              C:\fehqt\Proteus/EWL/lib/armv7e-m\libc.a(printformat_.o) (memchr)
C:\fehqt\Proteus/EWL/lib/armv7e-m\libc.a(strchr.o)
                              C:\fehqt\Proteus/EWL/lib/armv7e-m\libc.a(printformat_.o) (strchr)
c:/fehqt/proteus/gcc/bin/../lib/gcc/arm-none-eabi/4.6.2/armv7e-m\libgcc.a(_arm_addsubdf3.o)
                              ..\robot.o (__aeabi_dsub)
c:/fehqt/proteus/gcc/bin/../lib/gcc/arm-none-eabi/4.6.2/armv7e-m\libgcc.a(_arm_muldivdf3.o)
                              ..\robot.o (__aeabi_dmul)
c:/fehqt/proteus/gcc/bin/../lib/gcc/arm-none-eabi/4.6.2/armv7e-m\libgcc.a(_arm_cmpdf2.o)
                              ..\robot.o (__aeabi_dcmplt)
c:/fehqt/proteus/gcc/bin/../lib/gcc/arm-none-eabi/4.6.2/armv7e-m\libgcc.a(_arm_fixdfsi.o)
                              Libraries\FEHMotor.o (__aeabi_d2iz)
c:/fehqt/proteus/gcc/bin/../lib/gcc/arm-none-eabi/4.6.2/armv7e-m\libgcc.a(_arm_fixunsdfsi.o)
                              Libraries\FEHUtility.o (__aeabi_d2uiz)
c:/fehqt/proteus/gcc/bin/../lib/gcc/arm-none-eabi/4.6.2/armv7e-m\libgcc.a(_arm_truncdfsf2.o)
                              ..\robot.o (__aeabi_d2f)
c:/fehqt/proteus/gcc/bin/../lib/gcc/arm-none-eabi/4.6.2/armv7e-m\libgcc.a(_arm_addsubsf3.o)
                              ..\robot.o (__aeabi_fsub)
[...]
Memory Configuration

Name             Origin             Length             Attributes
m_interrupts     0x0000c000         0x00000400         xr
m_cfmprotrom     0x0000c400         0x00000010         xr
m_text           0x0000c410         0x00073bf0         xr
m_data           0x1fff0400         0x0000fc00         xrw
m_data2          0x20000000         0x00010000         xrw
*default*        0x00000000         0xffffffff

Linker script and memory map

LOAD ..\tests.o
LOAD ..\robot.o
LOAD ..\main.o
LOAD Startup\__arm_start.o
LOAD Startup\__arm_end.o
LOAD Startup\kinetis_sysinit.o
LOAD Libraries\FEHMotor.o
LOAD Drivers\mcg.o
LOAD Drivers\i2c.o
LOAD Drivers\spi.o
LOAD Drivers\uart.o
LOAD Drivers\ff.o
LOAD Drivers\SDHC.o
LOAD Drivers\lptmr.o
LOAD FEHProteus.o
LOAD Drivers\FEHPropeller.o
LOAD Libraries\FEHUtility.o
LOAD Libraries\FEHIO.o
LOAD Drivers\adc16.o
LOAD Libraries\FEHBuzzer.o
LOAD Libraries\FEHServo.o
LOAD Libraries\FEHLCD.o
LOAD Libraries\FEHAccel.o
LOAD Libraries\FEHBattery.o
LOAD Drivers\FEHXBee.o
LOAD Libraries\FEHRPS.o
LOAD Libraries\FEHSD.o
                0x0001ace8                __pformatter = __pformatter_
                [0x0001b0e0]                __sformatter = __sformatter
LOAD C:\fehqt\Proteus/EWL/lib/armv7e-m\libstdc++.a
LOAD C:\fehqt\Proteus/EWL/lib/armv7e-m\libm.a
START GROUP
LOAD C:\fehqt\Proteus/EWL/lib/armv7e-m\libc.a
LOAD C:\fehqt\Proteus/EWL/lib/armv7e-m\libc++.a
LOAD C:\fehqt\Proteus/EWL/lib/armv7e-m\libm.a
LOAD c:/fehqt/proteus/gcc/bin/../lib/gcc/arm-none-eabi/4.6.2/armv7e-m\libgcc.a
LOAD C:\fehqt\Proteus/EWL/lib/armv7e-m\librt.a
LOAD c:/fehqt/proteus/gcc/bin/../lib/gcc/arm-none-eabi/4.6.2/../../../../arm-none-eabi/lib/armv7e-m\libsupc++.a
END GROUP
                0x20000000                _estack = 0x20000000
                0x20000000                __SP_INIT = _estack
                0x00000800                __heap_size = 0x800
                0x00000800                __stack_size = 0x800

.interrupts     0x0000c000      0x1e0
                0x0000c000                __vector_table = .
                0x0000c000                . = ALIGN (0x4)
 *(.vectortable)
 .vectortable   0x0000c000      0x1e0 Startup\kinetis_sysinit.o
                0x0000c1e0                . = ALIGN (0x4)

.cfmprotect     0x0000c400        0x0
                0x0000c400                . = ALIGN (0x4)
 *(.cfmconfig)
                0x0000c400                . = ALIGN (0x4)

.text           0x0000c410    0x10414
                0x0000c410                . = ALIGN (0x4)
 *(.text)
 .text          0x0000c410      0x370 c:/fehqt/proteus/gcc/bin/../lib/gcc/arm-none-eabi/4.6.2/armv7e-m\libgcc.a(_arm_addsubdf3.o)
                0x0000c410                __aeabi_drsub
                0x0000c418                __aeabi_dsub
                0x0000c418                __subdf3
                0x0000c41c                __aeabi_dadd
                0x0000c41c                __adddf3
                0x0000c694                __floatunsidf
                0x0000c694                __aeabi_ui2d
                0x0000c6b4                __floatsidf
                0x0000c6b4                __aeabi_i2d
                0x0000c6d8                __aeabi_f2d
                0x0000c6d8                __extendsfdf2
                0x0000c714                __floatundidf
                0x0000c714                __aeabi_ul2d
                0x0000c724                __floatdidf
                0x0000c724                __aeabi_l2d
 .text          0x0000c780      0x424 c:/fehqt/proteus/gcc/bin/../lib/gcc/arm-none-eabi/4.6.2/armv7e-m\libgcc.a(_arm_muldivdf3.o)
                0x0000c780                __aeabi_dmul
                0x0000c780                __muldf3
                0x0000c9d4                __divdf3
                0x0000c9d4                __aeabi_ddiv
 .text          0x0000cba4      0x110 c:/fehqt/proteus/gcc/bin/../lib/gcc/arm-none-eabi/4.6.2/armv7e-m\libgcc.a(_arm_cmpdf2.o)
                0x0000cba4                __gtdf2
                0x0000cba4                __gedf2
                0x0000cbac                __ltdf2
                0x0000cbac                __ledf2
                0x0000cbb4                __nedf2
                0x0000cbb4                __eqdf2
                0x0000cbb4                __cmpdf2
                0x0000cc30                __aeabi_cdrcmple
                0x0000cc40                __aeabi_cdcmpeq
                0x0000cc40                __aeabi_cdcmple
                0x0000cc50                __aeabi_dcmpeq
                0x0000cc64                __aeabi_dcmplt
                0x0000cc78                __aeabi_dcmple
                0x0000cc8c                __aeabi_dcmpge
                0x0000cca0                __aeabi_dcmpgt
 .text          0x0000ccb4       0x50 c:/fehqt/proteus/gcc/bin/../lib/gcc/arm-none-eabi/4.6.2/armv7e-m\libgcc.a(_arm_fixdfsi.o)
                0x0000ccb4                __aeabi_d2iz
                0x0000ccb4                __fixdfsi
 .text          0x0000cd04       0x40 c:/fehqt/proteus/gcc/bin/../lib/gcc/arm-none-eabi/4.6.2/armv7e-m\libgcc.a(_arm_fixunsdfsi.o)
                0x0000cd04                __aeabi_d2uiz
                0x0000cd04                __fixunsdfsi
 .text          0x0000cd44       0xa0 c:/fehqt/proteus/gcc/bin/../lib/gcc/arm-none-eabi/4.6.2/armv7e-m\libgcc.a(_arm_truncdfsf2.o)
                0x0000cd44                __truncdfsf2
                0x0000cd44                __aeabi_d2f
 .text          0x0000cde4      0x21c c:/fehqt/proteus/gcc/bin/../lib/gcc/arm-none-eabi/4.6.2/armv7e-m\libgcc.a(_arm_addsubsf3.o)
                0x0000cde4                __aeabi_frsub
                0x0000cdec                __subsf3
                0x0000cdec                __aeabi_fsub
                0x0000cdf0                __aeabi_fadd
                0x0000cdf0                __addsf3
                0x0000cf50                __aeabi_ui2f
                0x0000cf50                __floatunsisf
                0x0000cf58                __aeabi_i2f
                0x0000cf58                __floatsisf
                0x0000cf74                __aeabi_ul2f
                0x0000cf74                __floatundisf
                0x0000cf84                __aeabi_l2f
                0x0000cf84                __floatdisf
 .text          0x0000d000      0x2a0 c:/fehqt/proteus/gcc/bin/../lib/gcc/arm-none-eabi/4.6.2/armv7e-m\libgcc.a(_arm_muldivsf3.o)
                0x0000d000                __mulsf3
                0x0000d000                __aeabi_fmul
                0x0000d168                __aeabi_fdiv
                0x0000d168                __divsf3
 .text          0x0000d2a0       0xec c:/fehqt/proteus/gcc/bin/../lib/gcc/arm-none-eabi/4.6.2/armv7e-m\libgcc.a(_arm_cmpsf2.o)
                0x0000d2a0                __gesf2
                0x0000d2a0                __gtsf2
                0x0000d2a8                __lesf2
                0x0000d2a8                __ltsf2
                0x0000d2b0                __nesf2
                0x0000d2b0                __eqsf2
                0x0000d2b0                __cmpsf2
                0x0000d310                __aeabi_cfrcmple
                0x0000d318                __aeabi_cfcmpeq
                0x0000d318                __aeabi_cfcmple
                0x0000d328                __aeabi_fcmpeq
                0x0000d33c                __aeabi_fcmplt
                0x0000d350                __aeabi_fcmple
                0x0000d364                __aeabi_fcmpge
                0x0000d378                __aeabi_fcmpgt
 .text          0x0000d38c       0x4c c:/fehqt/proteus/gcc/bin/../lib/gcc/arm-none-eabi/4.6.2/armv7e-m\libgcc.a(_arm_fixsfsi.o)
                0x0000d38c                __aeabi_f2iz
                0x0000d38c                __fixsfsi
 *(.text*)
 .text._ZSt5atan2ff
                0x0000d3d8       0x20 ..\robot.o
                0x0000d3d8                std::atan2(float, float)
 .text._ZSt3cosf
                0x0000d3f8       0x1c ..\robot.o
                0x0000d3f8                std::cos(float)
 .text._ZSt3sinf
                0x0000d414       0x1c ..\robot.o
                0x0000d414                std::sin(float)
 .text._ZSt3absf
                0x0000d430       0x1c ..\robot.o
                0x0000d430                std::abs(float)
 *fill*         0x0000d44c        0x4 00
 .text._Z9wrapAnglef
                0x0000d450       0x80 ..\robot.o
                0x0000d450                wrapAngle(float)
 .text._Z3maxff
                0x0000d4d0       0x3c ..\robot.o
                0x0000d4d0                max(float, float)
 *fill*         0x0000d50c        0x4 00
 .text._ZN5RobotC2Ev
                0x0000d510      0x150 ..\robot.o
                0x0000d510                Robot::Robot()
                0x0000d510                Robot::Robot()
 .text._ZN5Robot14moveToPositionE5Pointfb
                0x0000d660      0x120 ..\robot.o
                0x0000d660                Robot::moveToPosition(Point, float, bool)
 .text._ZN5Robot11moveAtAngleEff
                0x0000d780       0x78 ..\robot.o
                0x0000d780                Robot::moveAtAngle(float, float)
 .text._ZN5Robot7stopAllEv
                0x0000d7f8       0x38 ..\robot.o
                0x0000d7f8                Robot::stopAll()
 .text._ZN5Robot4turnEffb
                0x0000d830      0x1f0 ..\robot.o
                0x0000d830                Robot::turn(float, float, bool)
 .text._ZN5Robot14updateLocationEv
                0x0000da20      0x280 ..\robot.o
                0x0000da20                Robot::updateLocation()
 .text._ZN5Robot8setMotorE6Motorsf
                0x0000dca0       0xb0 ..\robot.o
                0x0000dca0                Robot::setMotor(Motors, float)
 .text._ZN5Robot4stopE6Motors
                0x0000dd50       0x68 ..\robot.o
                0x0000dd50                Robot::stop(Motors)
 .text._ZN5Robot18waitMoveToLocationE5Pointfb
                0x0000ddb8      0x338 ..\robot.o
                0x0000ddb8                Robot::waitMoveToLocation(Point, float, bool)
 .text._ZN5Robot15waitMoveToAngleEffb
                0x0000e0f0      0x128 ..\robot.o
                0x0000e0f0                Robot::waitMoveToAngle(float, float, bool)
 .text._ZN5Robot7waitForEf
                0x0000e218       0xac ..\robot.o
                0x0000e218                Robot::waitFor(float)
 .text._ZSt4fmodIfdENSt15__ewl_enable_ifIXaasrSt19__ewl_is_arithmeticIT_E5valuesrS1_IT0_E5valueENSt13__ewl_promoteIS2_S4_vE4typeEE4typeES2_S4_
                0x0000e2c4       0x34 ..\robot.o
                0x0000e2c4                std::__ewl_enable_if<(std::__ewl_is_arithmetic<float>::value)&&(std::__ewl_is_arithmetic<double>::value), std::__ewl_promote<float, double, void>::type>::type std::fmod<float, double>(float, double)
 .text.main     0x0000e2f8      0x19c ..\main.o
                0x0000e2f8                main
 .text.zero_fill_bss
                0x0000e494       0x34 Startup\__arm_start.o
 .text.__thumb_startup
                0x0000e4c8       0x34 Startup\__arm_start.o
                0x0000e4c8                __thumb_startup
 .text.InitFEHProteus
                0x0000e4fc      0x15c Startup\__arm_start.o
                0x0000e4fc                InitFEHProteus
 .text.pll_init_bl
                0x0000e658      0x130 Startup\__arm_start.o
 .text.InitPowerButton
                0x0000e788       0x90 Startup\__arm_start.o
                0x0000e788                InitPowerButton
 .text._ExitProcess
                0x0000e818        0xc Startup\__arm_end.o
                0x0000e818                _ExitProcess
 .text.Default_Handler
                0x0000e824        0xc Startup\kinetis_sysinit.o
                0x0000e824                BusFault_Handler()
                0x0000e824                HardFault_Handler()
                0x0000e824                SysTick_Handler()
                0x0000e824                PendSV_Handler()
                0x0000e824                DebugMonitor_Handler()
                0x0000e824                MemManage_Handler()
                0x0000e824                NMI_Handler()
                0x0000e824                SVC_Handler()
                0x0000e824                Default_Handler
                0x0000e824                UsageFault_Handler()
 .text.__init_hardware
                0x0000e830       0x44 Startup\kinetis_sysinit.o
                0x0000e830                __init_hardware
 .text._Z8PortDISRv
                0x0000e874       0x64 Startup\kinetis_sysinit.o
                0x0000e874                PortDISR()
 .text._ZN8FEHMotorC2ENS_12FEHMotorPortEf
                0x0000e8d8       0xb0 Libraries\FEHMotor.o
                0x0000e8d8                FEHMotor::FEHMotor(FEHMotor::FEHMotorPort, float)
                0x0000e8d8                FEHMotor::FEHMotor(FEHMotor::FEHMotorPort, float)
 .text._ZN8FEHMotor4StopEv
                0x0000e988       0x3c Libraries\FEHMotor.o
                0x0000e988                FEHMotor::Stop()
 .text._ZN8FEHMotor8SetPowerEi
                0x0000e9c4       0x60 Libraries\FEHMotor.o
                0x0000e9c4                FEHMotor::SetPower(int)
 *fill*         0x0000ea24        0x4 00
 .text._ZN8FEHMotor10SetPercentEf
                0x0000ea28      0x158 Libraries\FEHMotor.o
                0x0000ea28                FEHMotor::SetPercent(float)
 .text._Z21IIC_StartTransmissionhh
                0x0000eb80       0x98 Drivers\i2c.o
                0x0000eb80                IIC_StartTransmission(unsigned char, unsigned char)
 .text._Z5Pausev
                0x0000ec18       0x34 Drivers\i2c.o
                0x0000ec18                Pause()
 .text._Z21MMA8451QWriteRegisterhh
                0x0000ec4c      0x12c Drivers\i2c.o
                0x0000ec4c                MMA8451QWriteRegister(unsigned char, unsigned char)
 .text._Z12SPI_SendCharh
                0x0000ed78       0x1c Drivers\spi.o
                0x0000ed78                SPI_SendChar(unsigned char)
 .text._Z16SPI_WriteCommandhh
                0x0000ed94       0x34 Drivers\spi.o
                0x0000ed94                SPI_WriteCommand(unsigned char, unsigned char)
 .text._Z11SPI_GetCharv
                0x0000edc8       0x14 Drivers\spi.o
                0x0000edc8                SPI_GetChar()
 .text._Z15SPI_ReadCommandh
                0x0000eddc       0x3c Drivers\spi.o
                0x0000eddc                SPI_ReadCommand(unsigned char)
 .text._Z13SPI_CS_Assertv
                0x0000ee18       0x24 Drivers\spi.o
                0x0000ee18                SPI_CS_Assert()
 .text._Z15SPI_CS_Deassertv
                0x0000ee3c       0x24 Drivers\spi.o
                0x0000ee3c                SPI_CS_Deassert()
 .text._Z12SPI_Transferh
                0x0000ee60       0x88 Drivers\spi.o
                0x0000ee60                SPI_Transfer(unsigned char)
 .text._Z8SPI_Initv
                0x0000eee8       0xe8 Drivers\spi.o
                0x0000eee8                SPI_Init()
 .text._Z9uart_initPV11UART_MemMapii
                0x0000efd0      0x20c Drivers\uart.o
                0x0000efd0                uart_init(UART_MemMap volatile*, int, int)
 .text._Z12uart_getcharPV11UART_MemMap
                0x0000f1dc       0x34 Drivers\uart.o
                0x0000f1dc                uart_getchar(UART_MemMap volatile*)
 .text._Z12uart_putcharPV11UART_MemMapc
                0x0000f210       0x38 Drivers\uart.o
                0x0000f210                uart_putchar(UART_MemMap volatile*, char)
 .text._ZL7mem_cpyPvPKvj
                0x0000f248       0x50 Drivers\ff.o
 .text._ZL7mem_setPvij
                0x0000f298       0x44 Drivers\ff.o
 .text._ZL7mem_cmpPKvS0_j
                0x0000f2dc       0x7c Drivers\ff.o
 .text._ZL7chk_chrPKci
                0x0000f358       0x48 Drivers\ff.o
 .text._ZL11move_windowP5FATFSm
                0x0000f3a0       0xf0 Drivers\ff.o
 .text._ZL4syncP5FATFS
                0x0000f490      0x188 Drivers\ff.o
 .text._Z10clust2sectP5FATFSm
                0x0000f618       0x44 Drivers\ff.o
                0x0000f618                clust2sect(FATFS*, unsigned long)
 .text._Z7get_fatP5FATFSm
                0x0000f65c      0x1d4 Drivers\ff.o
                0x0000f65c                get_fat(FATFS*, unsigned long)
 .text._Z7put_fatP5FATFSmm
                0x0000f830      0x268 Drivers\ff.o
                0x0000f830                put_fat(FATFS*, unsigned long, unsigned long)
 .text._ZL12remove_chainP5FATFSm
                0x0000fa98       0xbc Drivers\ff.o
 .text._ZL12create_chainP5FATFSm
                0x0000fb54      0x130 Drivers\ff.o
 .text._ZL10clmt_clustP3FILm
                0x0000fc84       0x70 Drivers\ff.o
 .text._ZL7dir_sdiP3DIRt
                0x0000fcf4      0x124 Drivers\ff.o
 .text._ZL8dir_nextP3DIRi
                0x0000fe18      0x1fc Drivers\ff.o
 .text._ZL8dir_findP3DIR
                0x00010014       0xbc Drivers\ff.o
 .text._ZL12dir_registerP3DIR
                0x000100d0       0xcc Drivers\ff.o
 .text._ZL11create_nameP3DIRPPKc
                0x0001019c      0x250 Drivers\ff.o
 .text._ZL11follow_pathP3DIRPKc
                0x000103ec      0x150 Drivers\ff.o
 .text._ZL8check_fsP5FATFSm
                0x0001053c       0xf0 Drivers\ff.o
 .text._ZL11chk_mountedPPKcPP5FATFSh
                0x0001062c      0x5f8 Drivers\ff.o
 .text._ZL8validateP5FATFSt
                0x00010c24       0x54 Drivers\ff.o
 .text._Z7f_mounthP5FATFS
                0x00010c78       0x64 Drivers\ff.o
                0x00010c78                f_mount(unsigned char, FATFS*)
 .text._Z6f_openP3FILPKch
                0x00010cdc      0x358 Drivers\ff.o
                0x00010cdc                f_open(FIL*, char const*, unsigned char)
 .text._Z7f_writeP3FILPKvjPj
                0x00011034      0x39c Drivers\ff.o
                0x00011034                f_write(FIL*, void const*, unsigned int, unsigned int*)
 .text._Z6f_syncP3FIL
                0x000113d0      0x1c0 Drivers\ff.o
                0x000113d0                f_sync(FIL*)
 .text._Z7f_closeP3FIL
                0x00011590       0x2c Drivers\ff.o
                0x00011590                f_close(FIL*)
 .text._Z6f_putccP3FIL
                0x000115bc       0x44 Drivers\ff.o
                0x000115bc                f_putc(char, FIL*)
 .text._Z6f_putsPKcP3FIL
                0x00011600       0x64 Drivers\ff.o
                0x00011600                f_puts(char const*, FIL*)
 .text._Z5powerii
                0x00011664       0x50 Drivers\ff.o
                0x00011664                power(int, int)
 .text._Z8f_printfP3FILPKcSt9__va_list
                0x000116b4      0x76c Drivers\ff.o
                0x000116b4                f_printf(FIL*, char const*, std::__va_list)
 .text._ZL17SDHC_set_baudratemm
                0x00011e20      0x14c Drivers\SDHC.o
 .text._Z9SDHC_initP17esdhc_info_structPK17esdhc_init_struct
                0x00011f6c      0x1c4 Drivers\SDHC.o
                0x00011f6c                SDHC_init(esdhc_info_struct*, esdhc_init_struct const*)
 .text._ZL15SDHC_is_runningv
                0x00012130       0x28 Drivers\SDHC.o
 .text._ZL16SDHC_status_waitm
                0x00012158       0x38 Drivers\SDHC.o
 .text._ZL17SDHC_send_commandP20esdhc_command_struct
                0x00012190      0x2a0 Drivers\SDHC.o
 .text._Z10SDHC_ioctlmPv
                0x00012430      0x978 Drivers\SDHC.o
                0x00012430                SDHC_ioctl(unsigned long, void*)
 .text._Z15disk_initializeh
                0x00012da8      0x448 Drivers\SDHC.o
                0x00012da8                disk_initialize(unsigned char)
 .text._ZL14rcvr_datablockPhm
                0x000131f0      0x134 Drivers\SDHC.o
 .text._Z9disk_readhPhmh
                0x00013324      0x13c Drivers\SDHC.o
                0x00013324                disk_read(unsigned char, unsigned char*, unsigned long, unsigned char)
 .text._ZL14xmit_datablockPKhm
                0x00013460       0xe0 Drivers\SDHC.o
 .text._Z10disk_writehPKhmh
                0x00013540      0x1cc Drivers\SDHC.o
                0x00013540                disk_write(unsigned char, unsigned char const*, unsigned long, unsigned char)
 .text._Z10disk_ioctlhhPv
                0x0001370c      0x128 Drivers\SDHC.o
                0x0001370c                disk_ioctl(unsigned char, unsigned char, void*)
 .text._Z11disk_statush
                0x00013834       0x30 Drivers\SDHC.o
                0x00013834                disk_status(unsigned char)
 .text._Z13time_delay_msm
                0x00013864       0xa4 Drivers\lptmr.o
                0x00013864                time_delay_ms(unsigned long)
 .text._Z41__static_initialization_and_destruction_0ii
                0x00013908       0x30 FEHProteus.o
 .text._GLOBAL__sub_I_Propeller
                0x00013938       0x14 FEHProteus.o
 .text._ZN12FEHPropellerC2Ev
                0x0001394c       0x20 Drivers\FEHPropeller.o
                0x0001394c                FEHPropeller::FEHPropeller()
                0x0001394c                FEHPropeller::FEHPropeller()
 .text._ZN12FEHPropeller10InitializeEv
                0x0001396c       0x94 Drivers\FEHPropeller.o
                0x0001396c                FEHPropeller::Initialize()
 .text._ZN12FEHPropeller12SetMotorRateEhhh
                0x00013a00       0x78 Drivers\FEHPropeller.o
                0x00013a00                FEHPropeller::SetMotorRate(unsigned char, unsigned char, unsigned char)
 .text._ZL5Delaymjj
                0x00013a78       0xc4 Libraries\FEHUtility.o
 .text._Z5Sleepi
                0x00013b3c       0x34 Libraries\FEHUtility.o
                0x00013b3c                Sleep(int)
 .text._Z5Sleepd
                0x00013b70       0x58 Libraries\FEHUtility.o
                0x00013b70                Sleep(double)
 .text._Z7TimeNowv
                0x00013bc8       0x70 Libraries\FEHUtility.o
                0x00013bc8                TimeNow()
 .text._Z11TimeNowMSecv
                0x00013c38       0x44 Libraries\FEHUtility.o
                0x00013c38                TimeNowMSec()
 .text._ZN15DigitalInputPinC2EN5FEHIO8FEHIOPinE
                0x00013c7c       0x24 Libraries\FEHIO.o
                0x00013c7c                DigitalInputPin::DigitalInputPin(FEHIO::FEHIOPin)
                0x00013c7c                DigitalInputPin::DigitalInputPin(FEHIO::FEHIOPin)
 .text._ZN15DigitalInputPin10InitializeEN5FEHIO8FEHIOPinE
                0x00013ca0      0x224 Libraries\FEHIO.o
                0x00013ca0                DigitalInputPin::Initialize(FEHIO::FEHIOPin)
 .text._ZN15DigitalInputPin5ValueEv
                0x00013ec4      0x148 Libraries\FEHIO.o
                0x00013ec4                DigitalInputPin::Value()
 .text._Z9portB_isrv
                0x0001400c       0xd4 Libraries\FEHIO.o
                0x0001400c                portB_isr()
 .text._Z9portC_isrv
                0x000140e0       0xd8 Libraries\FEHIO.o
                0x000140e0                portC_isr()
 .text._Z9portA_isrv
                0x000141b8       0xd8 Libraries\FEHIO.o
                0x000141b8                portA_isr()
 .text._Z9portE_isrv
                0x00014290       0xd0 Libraries\FEHIO.o
                0x00014290                portE_isr()
 .text._ZN14AnalogInputPinC2EN5FEHIO8FEHIOPinE
                0x00014360       0x20 Libraries\FEHIO.o
                0x00014360                AnalogInputPin::AnalogInputPin(FEHIO::FEHIOPin)
                0x00014360                AnalogInputPin::AnalogInputPin(FEHIO::FEHIOPin)
 .text._ZN13AnalogEncoder12EncoderValueEv
                0x00014380       0xe4 Libraries\FEHIO.o
                0x00014380                AnalogEncoder::EncoderValue()
 .text._ZN14AnalogInputPin8InitADCsEv
                0x00014464      0x120 Libraries\FEHIO.o
                0x00014464                AnalogInputPin::InitADCs()
 .text._Z8pit0_isrv
                0x00014584       0x34 Libraries\FEHIO.o
                0x00014584                pit0_isr()
 .text._ZN13AnalogEncoder4InitEv
                0x000145b8       0x64 Libraries\FEHIO.o
                0x000145b8                AnalogEncoder::Init()
 .text._ZN13AnalogEncoder14SetCounterInitEj
                0x0001461c       0x20 Libraries\FEHIO.o
                0x0001461c                AnalogEncoder::SetCounterInit(unsigned int)
 .text._ZN13AnalogEncoder10ProcessIntEv
                0x0001463c       0x80 Libraries\FEHIO.o
                0x0001463c                AnalogEncoder::ProcessInt()
 .text._ZN13AnalogEncoder14ProcessIntSelfEv
                0x000146bc       0x80 Libraries\FEHIO.o
                0x000146bc                AnalogEncoder::ProcessIntSelf()
 .text._Z7ADC_CalPV10ADC_MemMap
                0x0001473c      0x14c Drivers\adc16.o
                0x0001473c                ADC_Cal(ADC_MemMap volatile*)
 .text._Z14ADC_Config_AltPV10ADC_MemMapP7adc_cfg
                0x00014888       0x6c Drivers\adc16.o
                0x00014888                ADC_Config_Alt(ADC_MemMap volatile*, adc_cfg*)
 .text._ZN9FEHBuzzerC2Ev
                0x000148f4       0x18 Libraries\FEHBuzzer.o
                0x000148f4                FEHBuzzer::FEHBuzzer()
                0x000148f4                FEHBuzzer::FEHBuzzer()
 .text._Z41__static_initialization_and_destruction_0ii
                0x0001490c       0x30 Libraries\FEHBuzzer.o
 .text._GLOBAL__sub_I_Buzzer
                0x0001493c       0x14 Libraries\FEHBuzzer.o
 .text._ZN8FEHServoC2ENS_12FEHServoPortE
                0x00014950       0x3c Libraries\FEHServo.o
                0x00014950                FEHServo::FEHServo(FEHServo::FEHServoPort)
                0x00014950                FEHServo::FEHServo(FEHServo::FEHServoPort)
 .text._ZN8FEHServo6SetMinEi
                0x0001498c       0x3c Libraries\FEHServo.o
                0x0001498c                FEHServo::SetMin(int)
 .text._ZN8FEHServo6SetMaxEi
                0x000149c8       0x3c Libraries\FEHServo.o
                0x000149c8                FEHServo::SetMax(int)
 *fill*         0x00014a04        0x4 00
 .text._ZN8FEHServo9SetDegreeEf
                0x00014a08      0x148 Libraries\FEHServo.o
                0x00014a08                FEHServo::SetDegree(float)
 .text._ZN6FEHLCD11_InitializeEv
                0x00014b50      0x5dc Libraries\FEHLCD.o
                0x00014b50                FEHLCD::_Initialize()
 .text._ZN6FEHLCDC2Ev
                0x0001512c       0x64 Libraries\FEHLCD.o
                0x0001512c                FEHLCD::FEHLCD()
                0x0001512c                FEHLCD::FEHLCD()
 .text._ZN6FEHLCD10InitializeEv
                0x00015190       0x38 Libraries\FEHLCD.o
                0x00015190                FEHLCD::Initialize()
 .text._ZN6FEHLCD10PrintImageEii
                0x000151c8      0x100 Libraries\FEHLCD.o
                0x000151c8                FEHLCD::PrintImage(int, int)
 .text._ZN6FEHLCD9PrintLogoEii
                0x000152c8      0x100 Libraries\FEHLCD.o
                0x000152c8                FEHLCD::PrintLogo(int, int)
 .text._ZN6FEHLCD22ConvertFEHColorTo24BitENS_11FEHLCDColorE
                0x000153c8       0x80 Libraries\FEHLCD.o
                0x000153c8                FEHLCD::ConvertFEHColorTo24Bit(FEHLCD::FEHLCDColor)
 .text._ZN6FEHLCD24Convert24BitColorTo16BitEj
                0x00015448       0x40 Libraries\FEHLCD.o
                0x00015448                FEHLCD::Convert24BitColorTo16Bit(unsigned int)
 .text._ZN6FEHLCD22ConvertRGBColorTo16BitEhhh
                0x00015488       0x44 Libraries\FEHLCD.o
                0x00015488                FEHLCD::ConvertRGBColorTo16Bit(unsigned char, unsigned char, unsigned char)
 .text._ZN6FEHLCD5ClearENS_11FEHLCDColorE
                0x000154cc       0x28 Libraries\FEHLCD.o
                0x000154cc                FEHLCD::Clear(FEHLCD::FEHLCDColor)
 .text._ZN6FEHLCD5ClearEj
                0x000154f4       0x2c Libraries\FEHLCD.o
                0x000154f4                FEHLCD::Clear(unsigned int)
 .text._ZN6FEHLCD5ClearEv
                0x00015520       0x18 Libraries\FEHLCD.o
                0x00015520                FEHLCD::Clear()
 .text._ZN6FEHLCD18SetBackgroundColorENS_11FEHLCDColorE
                0x00015538       0x28 Libraries\FEHLCD.o
                0x00015538                FEHLCD::SetBackgroundColor(FEHLCD::FEHLCDColor)
 .text._ZN6FEHLCD18SetBackgroundColorEj
                0x00015560       0x28 Libraries\FEHLCD.o
                0x00015560                FEHLCD::SetBackgroundColor(unsigned int)
 .text._ZN6FEHLCD12SetFontColorENS_11FEHLCDColorE
                0x00015588       0x28 Libraries\FEHLCD.o
                0x00015588                FEHLCD::SetFontColor(FEHLCD::FEHLCDColor)
 .text._ZN6FEHLCD12SetFontColorEj
                0x000155b0       0x28 Libraries\FEHLCD.o
                0x000155b0                FEHLCD::SetFontColor(unsigned int)
 .text._ZN6FEHLCD7WriteAtEPKcii
                0x000155d8       0x58 Libraries\FEHLCD.o
                0x000155d8                FEHLCD::WriteAt(char const*, int, int)
 .text._ZN6FEHLCD7WriteAtEfii
                0x00015630       0xf8 Libraries\FEHLCD.o
                0x00015630                FEHLCD::WriteAt(float, int, int)
 .text._ZN6FEHLCD11TS_SPI_InitEv
                0x00015728       0xa8 Libraries\FEHLCD.o
                0x00015728                FEHLCD::TS_SPI_Init()
 .text._ZN6FEHLCD5TouchEPfS0_
                0x000157d0      0x240 Libraries\FEHLCD.o
                0x000157d0                FEHLCD::Touch(float*, float*)
 .text._ZN6FEHLCD3absEi
                0x00015a10       0x28 Libraries\FEHLCD.o
                0x00015a10                FEHLCD::abs(int)
 .text._ZN6FEHLCD7WriteRCEPKcii
                0x00015a38       0x40 Libraries\FEHLCD.o
                0x00015a38                FEHLCD::WriteRC(char const*, int, int)
 .text._ZN6FEHLCD7WriteRCEfii
                0x00015a78       0x40 Libraries\FEHLCD.o
                0x00015a78                FEHLCD::WriteRC(float, int, int)
 .text._ZN6FEHLCD5WriteEPKc
                0x00015ab8       0x5c Libraries\FEHLCD.o
                0x00015ab8                FEHLCD::Write(char const*)
 .text._ZN6FEHLCD5WriteEi
                0x00015b14       0x34 Libraries\FEHLCD.o
                0x00015b14                FEHLCD::Write(int)
 .text._ZN6FEHLCD5WriteEc
                0x00015b48       0x30 Libraries\FEHLCD.o
                0x00015b48                FEHLCD::Write(char)
 .text._ZN6FEHLCD9WriteLineEPKc
                0x00015b78       0x28 Libraries\FEHLCD.o
                0x00015b78                FEHLCD::WriteLine(char const*)
 .text._ZN6FEHLCD9WriteLineEc
                0x00015ba0       0x2c Libraries\FEHLCD.o
                0x00015ba0                FEHLCD::WriteLine(char)
 .text._ZN6FEHLCD10WriteIndexEh
                0x00015bcc      0x288 Libraries\FEHLCD.o
                0x00015bcc                FEHLCD::WriteIndex(unsigned char)
 .text._ZN6FEHLCD14WriteParameterEh
                0x00015e54      0x254 Libraries\FEHLCD.o
                0x00015e54                FEHLCD::WriteParameter(unsigned char)
 .text._ZN6FEHLCD6_ClearEv
                0x000160a8      0x228 Libraries\FEHLCD.o
                0x000160a8                FEHLCD::_Clear()
 .text._ZN6FEHLCD8NextLineEv
                0x000162d0       0x30 Libraries\FEHLCD.o
                0x000162d0                FEHLCD::NextLine()
 .text._ZN6FEHLCD9CheckLineEv
                0x00016300       0x2c Libraries\FEHLCD.o
                0x00016300                FEHLCD::CheckLine()
 .text._ZN6FEHLCD8NextCharEv
                0x0001632c       0x34 Libraries\FEHLCD.o
                0x0001632c                FEHLCD::NextChar()
 .text._ZN6FEHLCD9DrawPixelEii
                0x00016360       0x30 Libraries\FEHLCD.o
                0x00016360                FEHLCD::DrawPixel(int, int)
 .text._Z4SwapRiS_
                0x00016390       0x28 Libraries\FEHLCD.o
                0x00016390                Swap(int&, int&)
 .text._ZN6FEHLCD13DrawRectangleEiiii
                0x000163b8       0x80 Libraries\FEHLCD.o
                0x000163b8                FEHLCD::DrawRectangle(int, int, int, int)
 .text._ZN6FEHLCD13SetDrawRegionEiiii
                0x00016438      0x10c Libraries\FEHLCD.o
                0x00016438                FEHLCD::SetDrawRegion(int, int, int, int)
 .text._ZN6FEHLCD8DrawLineEiiii
                0x00016544      0x17c Libraries\FEHLCD.o
                0x00016544                FEHLCD::DrawLine(int, int, int, int)
 .text._ZN6FEHLCD9WriteCharEiic
                0x000166c0       0x40 Libraries\FEHLCD.o
                0x000166c0                FEHLCD::WriteChar(int, int, char)
 .text._ZN6FEHLCD11WriteCharAtEiic
                0x00016700      0x278 Libraries\FEHLCD.o
                0x00016700                FEHLCD::WriteCharAt(int, int, char)
 .text._ZN6FEHLCD11RepeatColorEv
                0x00016978       0xbc Libraries\FEHLCD.o
                0x00016978                FEHLCD::RepeatColor()
 .text._ZN6FEHLCD10_ForePixelEv
                0x00016a34      0x160 Libraries\FEHLCD.o
                0x00016a34                FEHLCD::_ForePixel()
 .text._ZN6FEHLCD10_BackPixelEv
                0x00016b94      0x160 Libraries\FEHLCD.o
                0x00016b94                FEHLCD::_BackPixel()
 .text._ZN6FEHLCD22SetRegisterColorValuesEv
                0x00016cf4      0x4c0 Libraries\FEHLCD.o
                0x00016cf4                FEHLCD::SetRegisterColorValues()
 .text._ZN7FEHIcon4IconC2Ev
                0x000171b4       0x18 Libraries\FEHLCD.o
                0x000171b4                FEHIcon::Icon::Icon()
                0x000171b4                FEHIcon::Icon::Icon()
 .text._ZN7FEHIcon4Icon13SetPropertiesEPciiiijj
                0x000171cc       0x70 Libraries\FEHLCD.o
                0x000171cc                FEHIcon::Icon::SetProperties(char*, int, int, int, int, unsigned int, unsigned int)
 .text._ZN7FEHIcon4Icon4DrawEv
                0x0001723c       0xb0 Libraries\FEHLCD.o
                0x0001723c                FEHIcon::Icon::Draw()
 .text._ZN7FEHIcon4Icon6SelectEv
                0x000172ec       0xb8 Libraries\FEHLCD.o
                0x000172ec                FEHIcon::Icon::Select()
 .text._ZN7FEHIcon4Icon8DeselectEv
                0x000173a4       0xb4 Libraries\FEHLCD.o
                0x000173a4                FEHIcon::Icon::Deselect()
 .text._ZN7FEHIcon4Icon7PressedEffi
                0x00017458      0x1dc Libraries\FEHLCD.o
                0x00017458                FEHIcon::Icon::Pressed(float, float, int)
 .text._ZN7FEHIcon4Icon12WhilePressedEff
                0x00017634       0x5c Libraries\FEHLCD.o
                0x00017634                FEHIcon::Icon::WhilePressed(float, float)
 .text._ZN7FEHIcon13DrawIconArrayEPNS_4IconEiiiiiiPA20_cjj
                0x00017690      0x194 Libraries\FEHLCD.o
                0x00017690                FEHIcon::DrawIconArray(FEHIcon::Icon*, int, int, int, int, int, int, char (*) [20], unsigned int, unsigned int)
 .text._Z41__static_initialization_and_destruction_0ii
                0x00017824       0x30 Libraries\FEHLCD.o
 .text._GLOBAL__sub_I_image
                0x00017854       0x14 Libraries\FEHLCD.o
 .text._ZN8FEHAccelC2Ev
                0x00017868       0x8c Libraries\FEHAccel.o
                0x00017868                FEHAccel::FEHAccel()
                0x00017868                FEHAccel::FEHAccel()
 .text._Z41__static_initialization_and_destruction_0ii
                0x000178f4       0x30 Libraries\FEHAccel.o
 .text._GLOBAL__sub_I_Accel
                0x00017924       0x14 Libraries\FEHAccel.o
 .text._ZN10FEHBatteryC2EN5FEHIO8FEHIOPinE
                0x00017938       0x24 Libraries\FEHBattery.o
                0x00017938                FEHBattery::FEHBattery(FEHIO::FEHIOPin)
                0x00017938                FEHBattery::FEHBattery(FEHIO::FEHIOPin)
 .text._Z41__static_initialization_and_destruction_0ii
                0x0001795c       0x34 Libraries\FEHBattery.o
 .text._GLOBAL__sub_I_Battery
                0x00017990       0x14 Libraries\FEHBattery.o
 .text._ZN7FEHXBeeC2Ev
                0x000179a4       0x20 Drivers\FEHXBee.o
                0x000179a4                FEHXBee::FEHXBee()
                0x000179a4                FEHXBee::FEHXBee()
 .text._ZN7FEHXBee10InitializeEv
                0x000179c4      0x148 Drivers\FEHXBee.o
                0x000179c4                FEHXBee::Initialize()
 .text._ZN7FEHXBee13IsInitializedEv
                0x00017b0c       0x18 Drivers\FEHXBee.o
                0x00017b0c                FEHXBee::IsInitialized()
 .text._ZN7FEHXBee17ReceiveDataSearchEPcjh
                0x00017b24       0xb4 Drivers\FEHXBee.o
                0x00017b24                FEHXBee::ReceiveDataSearch(char*, unsigned int, unsigned char)
 .text._ZN7FEHXBee8SendDataEPcj
                0x00017bd8       0x50 Drivers\FEHXBee.o
                0x00017bd8                FEHXBee::SendData(char*, unsigned int)
 .text._ZN7FEHXBee17SetPacketCallBackEPFvPhhE
                0x00017c28       0x20 Drivers\FEHXBee.o
                0x00017c28                FEHXBee::SetPacketCallBack(void (*)(unsigned char*, unsigned char))
 .text._Z9UART0_ISRv
                0x00017c48      0x174 Drivers\FEHXBee.o
                0x00017c48                UART0_ISR()
 .text._ZN6FEHRPSC2Ev
                0x00017dbc       0x88 Libraries\FEHRPS.o
                0x00017dbc                FEHRPS::FEHRPS()
                0x00017dbc                FEHRPS::FEHRPS()
 .text._ZN6FEHRPS10InitializeEi
                0x00017e44      0x8b4 Libraries\FEHRPS.o
                0x00017e44                FEHRPS::Initialize(int)
 .text._ZN6FEHRPS10InitializeEc
                0x000186f8       0x4c Libraries\FEHRPS.o
                0x000186f8                FEHRPS::Initialize(char)
 .text._ZN6FEHRPS19InitializeTouchMenuEv
                0x00018744      0x908 Libraries\FEHRPS.o
                0x00018744                FEHRPS::InitializeTouchMenu()
 .text._ZN6FEHRPS19CurrentRegionLetterEv
                0x0001904c       0x20 Libraries\FEHRPS.o
                0x0001904c                FEHRPS::CurrentRegionLetter()
 .text._ZN6FEHRPS13WaitForPacketEv
                0x0001906c       0x78 Libraries\FEHRPS.o
                0x0001906c                FEHRPS::WaitForPacket()
 .text._ZN6FEHRPS1XEv
                0x000190e4       0x20 Libraries\FEHRPS.o
                0x000190e4                FEHRPS::X()
 .text._ZN6FEHRPS1YEv
                0x00019104       0x20 Libraries\FEHRPS.o
                0x00019104                FEHRPS::Y()
 .text._ZN6FEHRPS7HeadingEv
                0x00019124       0x20 Libraries\FEHRPS.o
                0x00019124                FEHRPS::Heading()
 .text._Z14RPSDataProcessPhh
                0x00019144      0x164 Libraries\FEHRPS.o
                0x00019144                RPSDataProcess(unsigned char*, unsigned char)
 .text._Z41__static_initialization_and_destruction_0ii
                0x000192a8       0x30 Libraries\FEHRPS.o
 .text._GLOBAL__sub_I_RPS
                0x000192d8       0x14 Libraries\FEHRPS.o
 .text._ZN5FEHSDC2Ev
                0x000192ec       0x24 Libraries\FEHSD.o
                0x000192ec                FEHSD::FEHSD()
                0x000192ec                FEHSD::FEHSD()
 .text._ZN5FEHSD7OpenLogEv
                0x00019310      0x1a4 Libraries\FEHSD.o
                0x00019310                FEHSD::OpenLog()
 .text._ZN5FEHSD8CloseLogEv
                0x000194b4       0x38 Libraries\FEHSD.o
                0x000194b4                FEHSD::CloseLog()
 .text._ZN5FEHSD6PrintfEPKcz
                0x000194ec       0x30 Libraries\FEHSD.o
                0x000194ec                FEHSD::Printf(char const*, ...)
 .text._ZN5FEHSD10InitializeEv
                0x0001951c      0x118 Libraries\FEHSD.o
                0x0001951c                FEHSD::Initialize()
 .text._Z41__static_initialization_and_destruction_0ii
                0x00019634       0x30 Libraries\FEHSD.o
 .text._GLOBAL__sub_I_SD
                0x00019664       0x14 Libraries\FEHSD.o
 .text.cosf     0x00019678       0x98 C:\fehqt\Proteus/EWL/lib/armv7e-m\libm.a(s_cosf.o)
                0x00019678                cosf
 .text.floor    0x00019710      0x118 C:\fehqt\Proteus/EWL/lib/armv7e-m\libm.a(s_floor.o)
                0x00019710                floor
 .text.sinf     0x00019828       0x88 C:\fehqt\Proteus/EWL/lib/armv7e-m\libm.a(s_sinf.o)
                0x00019828                sinf
 .text.atan2f   0x000198b0        0x4 C:\fehqt\Proteus/EWL/lib/armv7e-m\libm.a(w_atan2f.o)
                0x000198b0                atan2f
 .text.fmod     0x000198b4        0x4 C:\fehqt\Proteus/EWL/lib/armv7e-m\libm.a(w_fmod.o)
                0x000198b4                fmod
 .text.__ieee754_atan2f
                0x000198b8      0x130 C:\fehqt\Proteus/EWL/lib/armv7e-m\libm.a(e_atan2f.o)
                0x000198b8                __ieee754_atan2f
 .text.__ieee754_fmod
                0x000199e8      0x244 C:\fehqt\Proteus/EWL/lib/armv7e-m\libm.a(e_fmod.o)
                0x000199e8                __ieee754_fmod
 .text.__ieee754_rem_pio2f
                0x00019c2c      0x2ac C:\fehqt\Proteus/EWL/lib/armv7e-m\libm.a(e_rem_pio2f.o)
                0x00019c2c                __ieee754_rem_pio2f
 .text.__kernel_cosf
                0x00019ed8      0x138 C:\fehqt\Proteus/EWL/lib/armv7e-m\libm.a(k_cosf.o)
                0x00019ed8                __kernel_cosf
 .text.__kernel_rem_pio2f
                0x0001a010      0x5e8 C:\fehqt\Proteus/EWL/lib/armv7e-m\libm.a(k_rem_pio2f.o)
                0x0001a010                __kernel_rem_pio2f
 .text.__kernel_sinf
                0x0001a5f8       0xf4 C:\fehqt\Proteus/EWL/lib/armv7e-m\libm.a(k_sinf.o)
                0x0001a5f8                __kernel_sinf
 .text.atanf    0x0001a6ec      0x240 C:\fehqt\Proteus/EWL/lib/armv7e-m\libm.a(s_atanf.o)
                0x0001a6ec                atanf
 .text.floorf   0x0001a92c       0x84 C:\fehqt\Proteus/EWL/lib/armv7e-m\libm.a(s_floorf.o)
                0x0001a92c                floorf
 .text.scalbnf  0x0001a9b0       0xac C:\fehqt\Proteus/EWL/lib/armv7e-m\libm.a(s_scalbnf.o)
                0x0001a9b0                scalbnf
 .text.sprintf  0x0001aa5c       0x1c C:\fehqt\Proteus/EWL/lib/armv7e-m\libc.a(sprintf.o)
                0x0001aa5c                sprintf
 .text.__StringWrite
                0x0001aa78       0x28 C:\fehqt\Proteus/EWL/lib/armv7e-m\libc.a(vsnprintf.o)
                0x0001aa78                __StringWrite
 .text.vsnprintf
                0x0001aaa0       0x34 C:\fehqt\Proteus/EWL/lib/armv7e-m\libc.a(vsnprintf.o)
                0x0001aaa0                vsnprintf
 .text.exit     0x0001aad4       0x38 C:\fehqt\Proteus/EWL/lib/armv7e-m\libc.a(exit.o)
                0x0001aad4                exit
 .text.memcpy   0x0001ab0c       0x12 C:\fehqt\Proteus/EWL/lib/armv7e-m\libc.a(memcpy.o)
                0x0001ab0c                memcpy
 .text.memset   0x0001ab1e        0xc C:\fehqt\Proteus/EWL/lib/armv7e-m\libc.a(memset.o)
                0x0001ab1e                memset
 .text.strcpy   0x0001ab2a       0x18 C:\fehqt\Proteus/EWL/lib/armv7e-m\libc.a(strcpy.o)
                0x0001ab2a                strcpy
 .text.strlen   0x0001ab42       0x10 C:\fehqt\Proteus/EWL/lib/armv7e-m\libc.a(strlen.o)
                0x0001ab42                strlen
 .text.long2str.isra.0
                0x0001ab52      0x196 C:\fehqt\Proteus/EWL/lib/armv7e-m\libc.a(printformat_.o)
 .text.__pformatter_
                0x0001ace8      0x3f8 C:\fehqt\Proteus/EWL/lib/armv7e-m\libc.a(printformat_.o)
                0x0001ace8                __pformatter_
 .text.__sformatter
                0x0001b0e0      0x74e C:\fehqt\Proteus/EWL/lib/armv7e-m\libc.a(scanformat_.o)
                0x0001b0e0                __sformatter
 *fill*         0x0001b82e        0x2 00
 .text.isalpha  0x0001b830       0x1c C:\fehqt\Proteus/EWL/lib/armv7e-m\libc.a(ctype_aeabi.o)
                0x0001b830                isalpha
 .text.isspace  0x0001b84c       0x1c C:\fehqt\Proteus/EWL/lib/armv7e-m\libc.a(ctype_aeabi.o)
                0x0001b84c                isspace
 .text.toupper  0x0001b868        0xc C:\fehqt\Proteus/EWL/lib/armv7e-m\libc.a(ctype_aeabi.o)
                0x0001b868                toupper
 .text.__strtoul
                0x0001b874      0x1dc C:\fehqt\Proteus/EWL/lib/armv7e-m\libc.a(__strtoul.o)
                0x0001b874                __strtoul
 .text.__fill_mem
                0x0001ba50       0x76 C:\fehqt\Proteus/EWL/lib/armv7e-m\libc.a(__filll_mem.o)
                0x0001ba50                __fill_mem
 .text.memchr   0x0001bac6       0x1a C:\fehqt\Proteus/EWL/lib/armv7e-m\libc.a(memchr.o)
                0x0001bac6                memchr
 .text.strchr   0x0001bae0       0x1c C:\fehqt\Proteus/EWL/lib/armv7e-m\libc.a(strchr.o)
                0x0001bae0                strchr
 .text.__init_cpp
                0x0001bafc       0x4c C:\fehqt\Proteus/EWL/lib/armv7e-m\librt.a(gcc_ctor_dtor.o)
                0x0001bafc                __init_cpp
 .text.__fini_cpp
                0x0001bb48       0x34 C:\fehqt\Proteus/EWL/lib/armv7e-m\librt.a(gcc_ctor_dtor.o)
                0x0001bb48                __fini_cpp
 .text.__copy_rom_section
                0x0001bb7c       0x44 C:\fehqt\Proteus/EWL/lib/armv7e-m\librt.a(ROMCopy.o)
                0x0001bb7c                __copy_rom_section
 .text.__copy_rom_sections_to_ram
                0x0001bbc0       0x34 C:\fehqt\Proteus/EWL/lib/armv7e-m\librt.a(ROMCopy.o)
                0x0001bbc0                __copy_rom_sections_to_ram
 .text.__destroy_global_chain
                0x0001bbf4       0x1c C:\fehqt\Proteus/EWL/lib/armv7e-m\librt.a(__arm_eabi_init.o)
                0x0001bbf4                __destroy_global_chain
 .text.__init_registers
                0x0001bc10       0x20 C:\fehqt\Proteus/EWL/lib/armv7e-m\librt.a(__arm_eabi_init.o)
                0x0001bc10                __init_registers
 .text.__init_user
                0x0001bc30        0x4 C:\fehqt\Proteus/EWL/lib/armv7e-m\librt.a(__arm_eabi_init.o)
                0x0001bc30                __init_user
 *(.rodata)
 .rodata        0x0001bc34       0x5c ..\robot.o
 .rodata        0x0001bc90       0x10 Drivers\ff.o
 .rodata        0x0001bca0       0x78 Libraries\FEHIO.o
 .rodata        0x0001bd18       0x34 Libraries\FEHLCD.o
 .rodata        0x0001bd4c      0x220 Libraries\FEHRPS.o
 .rodata        0x0001bf6c       0xdc Libraries\FEHSD.o
 *(.rodata*)
 .rodata._ZZL11create_nameP3DIRPPKcE5excvt
                0x0001c048       0x80 Drivers\ff.o
 .rodata.K60_SDHC0_init
                0x0001c0c8        0xc Drivers\SDHC.o
                0x0001c0c8                K60_SDHC0_init
 .rodata._ZL21ESDHC_COMMAND_XFERTYP
                0x0001c0d4      0x100 Drivers\SDHC.o
 .rodata._ZL9GPIOPorts
                0x0001c1d4       0x20 Libraries\FEHIO.o
 .rodata._ZL10ADCNumbers
                0x0001c1f4       0x24 Libraries\FEHIO.o
 .rodata._ZL14GPIOPinNumbers
                0x0001c218       0x80 Libraries\FEHIO.o
 .rodata._ZL16AnalogPinNumbers
                0x0001c298       0x84 Libraries\FEHIO.o
 *fill*         0x0001c31c        0x4 00
 .rodata.Zero   0x0001c320       0x10 C:\fehqt\Proteus/EWL/lib/armv7e-m\libm.a(e_fmod.o)
 .rodata.npio2_hw
                0x0001c330       0x80 C:\fehqt\Proteus/EWL/lib/armv7e-m\libm.a(e_rem_pio2f.o)
 .rodata.two_over_pi
                0x0001c3b0      0x318 C:\fehqt\Proteus/EWL/lib/armv7e-m\libm.a(e_rem_pio2f.o)
 .rodata.init_jk
                0x0001c6c8        0xc C:\fehqt\Proteus/EWL/lib/armv7e-m\libm.a(k_rem_pio2f.o)
 .rodata.PIo2   0x0001c6d4       0x2c C:\fehqt\Proteus/EWL/lib/armv7e-m\libm.a(k_rem_pio2f.o)
 .rodata.atanlo
                0x0001c700       0x10 C:\fehqt\Proteus/EWL/lib/armv7e-m\libm.a(s_atanf.o)
 .rodata.atanhi
                0x0001c710       0x10 C:\fehqt\Proteus/EWL/lib/armv7e-m\libm.a(s_atanf.o)
 .rodata.str1.1
                0x0001c720        0x1 C:\fehqt\Proteus/EWL/lib/armv7e-m\libc.a(printformat_.o)
 .rodata.__aeabi_ctype_table_C
                0x0001c721      0x101 C:\fehqt\Proteus/EWL/lib/armv7e-m\libc.a(ctype_aeabi.o)
                0x0001c721                __aeabi_ctype_table_C
 *(.glue_7)
 .glue_7        0x00000000        0x0 linker stubs
 *(.glue_7t)
 .glue_7t       0x00000000        0x0 linker stubs
 *(.eh_frame)
 *(.init)
 *(.fini)
                0x0001c824                . = ALIGN (0x4)
 *fill*         0x0001c822        0x2 00
                0x0001c824                _etext = .

.vfp11_veneer   0x0001c824        0x0
 .vfp11_veneer  0x00000000        0x0 linker stubs

.v4_bx          0x0001c824        0x0
 .v4_bx         0x00000000        0x0 linker stubs

.ARM.extab
 *(.ARM.extab* .gnu.linkonce.armextab.*)

.ARM            0x0001c824        0x0
                0x0001c824                __exidx_start = .
 *(.ARM.exidx*)
                0x0001c824                __exidx_end = .

.ctors          0x0001c824        0x0
                0x0001c824                __CTOR_LIST__ = .
 *crtbegin.o(.ctors)
 *(EXCLUDE_FILE(*crtend.o) .ctors)
 *(SORT(.ctors.*))
 *(.ctors)
                0x0001c824                __CTOR_END__ = .

.dtors          0x0001c824        0x0
                0x0001c824                __DTOR_LIST__ = .
 *crtbegin.o(.dtors)
 *(EXCLUDE_FILE(*crtend.o) .dtors)
 *(SORT(.dtors.*))
 *(.dtors)
                0x0001c824                __DTOR_END__ = .

.preinit_array  0x0001c824        0x0
                0x0001c824                PROVIDE (__preinit_array_start, .)
 *(.preinit_array*)
                0x0001c824                PROVIDE (__preinit_array_end, .)

.init_array     0x0001c824       0x1c
                0x0001c824                PROVIDE (__init_array_start, .)
 *(SORT(.init_array.*))
 *(.init_array*)
 .init_array    0x0001c824        0x4 FEHProteus.o
 .init_array    0x0001c828        0x4 Libraries\FEHBuzzer.o
 .init_array    0x0001c82c        0x4 Libraries\FEHLCD.o
 .init_array    0x0001c830        0x4 Libraries\FEHAccel.o
 .init_array    0x0001c834        0x4 Libraries\FEHBattery.o
 .init_array    0x0001c838        0x4 Libraries\FEHRPS.o
 .init_array    0x0001c83c        0x4 Libraries\FEHSD.o
                0x0001c840                PROVIDE (__init_array_end, .)

.fini_array     0x0001c840        0x0
                0x0001c840                PROVIDE (__fini_array_start, .)
 *(SORT(.fini_array.*))
 *(.fini_array*)
                0x0001c840                PROVIDE (__fini_array_end, .)
                0x0001c840                ___ROM_AT = .

.data           0x1fff0400      0xd1c load address 0x0001c840
                0x1fff0400                . = ALIGN (0x4)
                0x1fff0400                _sdata = .
 *(.data)
 *(.data*)
 .data._ZL4Stat
                0x1fff0400        0x1 Drivers\SDHC.o
 *fill*         0x1fff0401        0x3 00
 .data.image    0x1fff0404      0x750 Libraries\FEHLCD.o
                0x1fff0404                image
 .data.logo     0x1fff0b54      0x3e8 Libraries\FEHLCD.o
                0x1fff0b54                logo
 .data._ZN6FEHLCD8fontDataE
                0x1fff0f3c      0x1e0 Libraries\FEHLCD.o
                0x1fff0f3c                FEHLCD::fontData
                0x1fff111c                . = ALIGN (0x4)
                0x1fff111c                _edata = .
                0x00000d1c                ___data_size = (_edata - _sdata)
                0x0001d55c                ___m_data2_ROMStart = (___ROM_AT + SIZEOF (.data))

.user_data2     0x20000000        0x0 load address 0x0001d55c
                0x20000000                . = ALIGN (0x4)
                0x20000000                ___m_data2_RAMStart = .
 *(.data2)
                0x20000000                ___m_data2_RAMEnd = .
                0x20000000                . = ALIGN (0x4)
                0x00000000                ___m_data2_ROMSize = (___m_data2_RAMEnd - ___m_data2_RAMStart)
                0x20000000                . = ALIGN (0x4)

.bss            0x1fff111c      0x7f8 load address 0x0001d55c
                0x1fff111c                __START_BSS = .
                0x1fff111c                PROVIDE (__bss_start__, __START_BSS)
 *(.bss)
 *(.bss*)
 .bss._ZL4argv  0x1fff111c        0x4 Startup\__arm_start.o
 .bss.MasterTransmission
                0x1fff1120        0x1 Drivers\i2c.o
                0x1fff1120                MasterTransmission
 .bss.SlaveID   0x1fff1121        0x1 Drivers\i2c.o
                0x1fff1121                SlaveID
 *fill*         0x1fff1122        0x2 00
 .bss._ZL5FatFs
                0x1fff1124        0x4 Drivers\ff.o
 .bss._ZL4Fsid  0x1fff1128        0x2 Drivers\ff.o
 .bss._ZL7CurrVol
                0x1fff112a        0x1 Drivers\ff.o
 *fill*         0x1fff112b        0x1 00
 .bss.SDHC_Card
                0x1fff112c       0x14 Drivers\SDHC.o
                0x1fff112c                SDHC_Card
 .bss.SDHC_Init
                0x1fff1140        0x4 Drivers\SDHC.o
                0x1fff1140                SDHC_Init
 .bss.SDHC_Info
                0x1fff1144      0x204 Drivers\SDHC.o
                0x1fff1144                SDHC_Info
 .bss.SDHC_Device
                0x1fff1348        0x8 Drivers\SDHC.o
                0x1fff1348                SDHC_Device
 .bss.Propeller
                0x1fff1350        0x4 FEHProteus.o
                0x1fff1350                Propeller
 .bss.CoreClockKHz
                0x1fff1354        0x4 FEHProteus.o
                0x1fff1354                CoreClockKHz
 .bss.CoreClockMHz
                0x1fff1358        0x4 FEHProteus.o
                0x1fff1358                CoreClockMHz
 .bss.PeripheralClockKHz
                0x1fff135c        0x4 FEHProteus.o
                0x1fff135c                PeripheralClockKHz
 .bss._ZN14AnalogInputPin17Master_Adc_ConfigE
                0x1fff1360       0x10 Libraries\FEHIO.o
                0x1fff1360                AnalogInputPin::Master_Adc_Config
 .bss._ZN14AnalogInputPin18Encoder_Adc_ConfigE
                0x1fff1370       0x10 Libraries\FEHIO.o
                0x1fff1370                AnalogInputPin::Encoder_Adc_Config
 .bss.interrupt_counts
                0x1fff1380       0x80 Libraries\FEHIO.o
                0x1fff1380                interrupt_counts
 .bss._ZN13AnalogEncoder7pinListE
                0x1fff1400        0x4 Libraries\FEHIO.o
                0x1fff1400                AnalogEncoder::pinList
 .bss.__interrupt_counter
                0x1fff1404        0x4 Libraries\FEHIO.o
                0x1fff1404                __interrupt_counter
 .bss.Buzzer    0x1fff1408        0x4 Libraries\FEHBuzzer.o
                0x1fff1408                Buzzer
 .bss.LCD       0x1fff140c       0x44 Libraries\FEHLCD.o
                0x1fff140c                LCD
 .bss.initialized
                0x1fff1450        0x1 Libraries\FEHLCD.o
                0x1fff1450                initialized
 *fill*         0x1fff1451        0x3 00
 .bss.Accel     0x1fff1454        0x4 Libraries\FEHAccel.o
                0x1fff1454                Accel
 .bss.Battery   0x1fff1458        0x4 Libraries\FEHBattery.o
                0x1fff1458                Battery
 .bss.XBeeDataProcess
                0x1fff145c        0x4 Drivers\FEHXBee.o
                0x1fff145c                XBeeDataProcess
 .bss._xbeebuffer
                0x1fff1460       0x10 Drivers\FEHXBee.o
                0x1fff1460                _xbeebuffer
 .bss._xbeebufferindex
                0x1fff1470        0x1 Drivers\FEHXBee.o
                0x1fff1470                _xbeebufferindex
 .bss._xbeestate
                0x1fff1471        0x1 Drivers\FEHXBee.o
                0x1fff1471                _xbeestate
 .bss._xbeebytereceived
                0x1fff1472        0x1 Drivers\FEHXBee.o
                0x1fff1472                _xbeebytereceived
 .bss._xbeebyte
                0x1fff1473        0x1 Drivers\FEHXBee.o
                0x1fff1473                _xbeebyte
 .bss.RPS       0x1fff1474        0x8 Libraries\FEHRPS.o
                0x1fff1474                RPS
 .bss._enabled  0x1fff147c        0x1 Libraries\FEHRPS.o
                0x1fff147c                _enabled
 *fill*         0x1fff147d        0x3 00
 .bss._RPS_x    0x1fff1480        0x4 Libraries\FEHRPS.o
                0x1fff1480                _RPS_x
 .bss._RPS_y    0x1fff1484        0x4 Libraries\FEHRPS.o
                0x1fff1484                _RPS_y
 .bss._RPS_heading
                0x1fff1488        0x4 Libraries\FEHRPS.o
                0x1fff1488                _RPS_heading
 .bss._RPS_objective
                0x1fff148c        0x4 Libraries\FEHRPS.o
                0x1fff148c                _RPS_objective
 .bss._RPS_time
                0x1fff1490        0x1 Libraries\FEHRPS.o
                0x1fff1490                _RPS_time
 .bss._RPS_stop
                0x1fff1491        0x1 Libraries\FEHRPS.o
                0x1fff1491                _RPS_stop
 .bss._RPS_foundpacket
                0x1fff1492        0x1 Libraries\FEHRPS.o
                0x1fff1492                _RPS_foundpacket
 *fill*         0x1fff1493        0x1 00
 .bss.SD        0x1fff1494        0x4 Libraries\FEHSD.o
                0x1fff1494                SD
 .bss.logfil    0x1fff1498      0x228 Libraries\FEHSD.o
                0x1fff1498                logfil
 .bss._ZL9FATFS_Obj
                0x1fff16c0      0x234 Libraries\FEHSD.o
 .bss.f_res     0x1fff18f4        0x1 Libraries\FEHSD.o
                0x1fff18f4                f_res
 *fill*         0x1fff18f5        0x3 00
 .bss.__stdio_exit
                0x1fff18f8        0x4 C:\fehqt\Proteus/EWL/lib/armv7e-m\libc.a(exit.o)
                0x1fff18f8                __stdio_exit
 .bss.__console_exit
                0x1fff18fc        0x4 C:\fehqt\Proteus/EWL/lib/armv7e-m\libc.a(exit.o)
                0x1fff18fc                __console_exit
 .bss.__S_romp  0x1fff1900        0xc C:\fehqt\Proteus/EWL/lib/armv7e-m\librt.a(ROMCopy.o)
 .bss.__global_destructor_chain
                0x1fff190c        0x4 C:\fehqt\Proteus/EWL/lib/armv7e-m\librt.a(__arm_eabi_init.o)
                0x1fff190c                __global_destructor_chain
 *(COMMON)
 COMMON         0x1fff1910        0x4 C:\fehqt\Proteus/EWL/lib/armv7e-m\libc.a(errno.o)
                0x1fff1910                errno
                0x1fff1914                . = ALIGN (0x4)
                0x1fff1914                __END_BSS = .
                0x1fff1914                PROVIDE (__bss_end__, __END_BSS)

._user_heap_stack
                0x1fff1914     0x1000 load address 0x0001dd54
                0x1fff1914                . = ALIGN (0x4)
                0x1fff1914                PROVIDE (end, .)
                0x1fff1914                PROVIDE (_end, .)
                0x1fff1914                __heap_addr = .
                0x1fff2114                . = (. + __heap_size)
 *fill*         0x1fff1914      0x800 00
                0x1fff2914                . = (. + __stack_size)
 *fill*         0x1fff2114      0x800 00
                0x1fff2914                . = ALIGN (0x4)
                0x0001d55c                _romp_at = ((___ROM_AT + SIZEOF (.data)) + SIZEOF (.user_data2))

.romp           0x20000000       0x24 load address 0x0001d55c
                0x0001d55c                __S_romp = _romp_at
                0x20000000        0x4 LONG 0x1c840 ___ROM_AT
                0x20000004        0x4 LONG 0x1fff0400 _sdata
                0x20000008        0x4 LONG 0xd1c ___data_size
                0x2000000c        0x4 LONG 0x1d55c ___m_data2_ROMStart
                0x20000010        0x4 LONG 0x20000000 ___m_data2_RAMStart
                0x20000014        0x4 LONG 0x0 ___m_data2_ROMSize
                0x20000018        0x4 LONG 0x0
                0x2000001c        0x4 LONG 0x0
                0x20000020        0x4 LONG 0x0

.ARM.attributes
                0x00000000       0x33
 *(.ARM.attributes)
 .ARM.attributes
                0x00000000       0x33 ..\robot.o
 .ARM.attributes
                0x00000033       0x33 ..\main.o
 .ARM.attributes
                0x00000066       0x33 Startup\__arm_start.o
 .ARM.attributes
                0x00000099       0x33 Startup\__arm_end.o
 .ARM.attributes
                0x000000cc       0x33 Startup\kinetis_sysinit.o
 .ARM.attributes
                0x000000ff       0x33 Libraries\FEHMotor.o
 .ARM.attributes
                0x00000132       0x33 Drivers\i2c.o
 .ARM.attributes
                0x00000165       0x33 Drivers\spi.o
 .ARM.attributes
                0x00000198       0x33 Drivers\uart.o
 .ARM.attributes
                0x000001cb       0x33 Drivers\ff.o
 .ARM.attributes
                0x000001fe       0x33 Drivers\SDHC.o
 .ARM.attributes
                0x00000231       0x33 Drivers\lptmr.o
 .ARM.attributes
                0x00000264       0x33 FEHProteus.o
 .ARM.attributes
                0x00000297       0x33 Drivers\FEHPropeller.o
 .ARM.attributes
                0x000002ca       0x33 Libraries\FEHUtility.o
 .ARM.attributes
                0x000002fd       0x33 Libraries\FEHIO.o
 .ARM.attributes
                0x00000330       0x33 Drivers\adc16.o
 .ARM.attributes
                0x00000363       0x33 Libraries\FEHBuzzer.o
 .ARM.attributes
                0x00000396       0x33 Libraries\FEHServo.o
 .ARM.attributes
                0x000003c9       0x33 Libraries\FEHLCD.o
 .ARM.attributes
                0x000003fc       0x33 Libraries\FEHAccel.o
 .ARM.attributes
                0x0000042f       0x33 Libraries\FEHBattery.o
 .ARM.attributes
                0x00000462       0x33 Drivers\FEHXBee.o
 .ARM.attributes
                0x00000495       0x33 Libraries\FEHRPS.o
 .ARM.attributes
                0x000004c8       0x33 Libraries\FEHSD.o
 .ARM.attributes
                0x000004fb       0x33 C:\fehqt\Proteus/EWL/lib/armv7e-m\libm.a(s_cosf.o)
 .ARM.attributes
                0x0000052e       0x33 C:\fehqt\Proteus/EWL/lib/armv7e-m\libm.a(s_floor.o)
 .ARM.attributes
                0x00000561       0x33 C:\fehqt\Proteus/EWL/lib/armv7e-m\libm.a(s_sinf.o)
 .ARM.attributes
                0x00000594       0x33 C:\fehqt\Proteus/EWL/lib/armv7e-m\libm.a(w_atan2f.o)
 .ARM.attributes
                0x000005c7       0x33 C:\fehqt\Proteus/EWL/lib/armv7e-m\libm.a(w_fmod.o)
 .ARM.attributes
                0x000005fa       0x33 C:\fehqt\Proteus/EWL/lib/armv7e-m\libm.a(e_atan2f.o)
 .ARM.attributes
                0x0000062d       0x33 C:\fehqt\Proteus/EWL/lib/armv7e-m\libm.a(e_fmod.o)
 .ARM.attributes
                0x00000660       0x33 C:\fehqt\Proteus/EWL/lib/armv7e-m\libm.a(e_rem_pio2f.o)
 .ARM.attributes
                0x00000693       0x33 C:\fehqt\Proteus/EWL/lib/armv7e-m\libm.a(k_cosf.o)
 .ARM.attributes
                0x000006c6       0x33 C:\fehqt\Proteus/EWL/lib/armv7e-m\libm.a(k_rem_pio2f.o)
 .ARM.attributes
                0x000006f9       0x33 C:\fehqt\Proteus/EWL/lib/armv7e-m\libm.a(k_sinf.o)
 .ARM.attributes
                0x0000072c       0x33 C:\fehqt\Proteus/EWL/lib/armv7e-m\libm.a(s_atanf.o)
 .ARM.attributes
                0x0000075f       0x33 C:\fehqt\Proteus/EWL/lib/armv7e-m\libm.a(s_floorf.o)
 .ARM.attributes
                0x00000792       0x33 C:\fehqt\Proteus/EWL/lib/armv7e-m\libm.a(s_scalbnf.o)
 .ARM.attributes
                0x000007c5       0x33 C:\fehqt\Proteus/EWL/lib/armv7e-m\libc.a(errno.o)
 .ARM.attributes
                0x000007f8       0x33 C:\fehqt\Proteus/EWL/lib/armv7e-m\libc.a(sprintf.o)
 .ARM.attributes
                0x0000082b       0x33 C:\fehqt\Proteus/EWL/lib/armv7e-m\libc.a(vsnprintf.o)
 .ARM.attributes
                0x0000085e       0x33 C:\fehqt\Proteus/EWL/lib/armv7e-m\libc.a(exit.o)
 .ARM.attributes
                0x00000891       0x33 C:\fehqt\Proteus/EWL/lib/armv7e-m\libc.a(memcpy.o)
 .ARM.attributes
                0x000008c4       0x33 C:\fehqt\Proteus/EWL/lib/armv7e-m\libc.a(memset.o)
 .ARM.attributes
                0x000008f7       0x33 C:\fehqt\Proteus/EWL/lib/armv7e-m\libc.a(strcpy.o)
 .ARM.attributes
                0x0000092a       0x33 C:\fehqt\Proteus/EWL/lib/armv7e-m\libc.a(strlen.o)
 .ARM.attributes
                0x0000095d       0x33 C:\fehqt\Proteus/EWL/lib/armv7e-m\libc.a(printformat_.o)
 .ARM.attributes
                0x00000990       0x33 C:\fehqt\Proteus/EWL/lib/armv7e-m\libc.a(scanformat_.o)
 .ARM.attributes
                0x000009c3       0x33 C:\fehqt\Proteus/EWL/lib/armv7e-m\libc.a(ctype_aeabi.o)
 .ARM.attributes
                0x000009f6       0x33 C:\fehqt\Proteus/EWL/lib/armv7e-m\libc.a(__strtoul.o)
 .ARM.attributes
                0x00000a29       0x33 C:\fehqt\Proteus/EWL/lib/armv7e-m\libc.a(__filll_mem.o)
 .ARM.attributes
                0x00000a5c       0x33 C:\fehqt\Proteus/EWL/lib/armv7e-m\libc.a(memchr.o)
 .ARM.attributes
                0x00000a8f       0x33 C:\fehqt\Proteus/EWL/lib/armv7e-m\libc.a(strchr.o)
 .ARM.attributes
                0x00000ac2       0x1e c:/fehqt/proteus/gcc/bin/../lib/gcc/arm-none-eabi/4.6.2/armv7e-m\libgcc.a(_arm_addsubdf3.o)
 .ARM.attributes
                0x00000ae0       0x1e c:/fehqt/proteus/gcc/bin/../lib/gcc/arm-none-eabi/4.6.2/armv7e-m\libgcc.a(_arm_muldivdf3.o)
 .ARM.attributes
                0x00000afe       0x1e c:/fehqt/proteus/gcc/bin/../lib/gcc/arm-none-eabi/4.6.2/armv7e-m\libgcc.a(_arm_cmpdf2.o)
 .ARM.attributes
                0x00000b1c       0x1e c:/fehqt/proteus/gcc/bin/../lib/gcc/arm-none-eabi/4.6.2/armv7e-m\libgcc.a(_arm_fixdfsi.o)
 .ARM.attributes
                0x00000b3a       0x1e c:/fehqt/proteus/gcc/bin/../lib/gcc/arm-none-eabi/4.6.2/armv7e-m\libgcc.a(_arm_fixunsdfsi.o)
 .ARM.attributes
                0x00000b58       0x1e c:/fehqt/proteus/gcc/bin/../lib/gcc/arm-none-eabi/4.6.2/armv7e-m\libgcc.a(_arm_truncdfsf2.o)
 .ARM.attributes
                0x00000b76       0x1e c:/fehqt/proteus/gcc/bin/../lib/gcc/arm-none-eabi/4.6.2/armv7e-m\libgcc.a(_arm_addsubsf3.o)
 .ARM.attributes
                0x00000b94       0x1e c:/fehqt/proteus/gcc/bin/../lib/gcc/arm-none-eabi/4.6.2/armv7e-m\libgcc.a(_arm_muldivsf3.o)
 .ARM.attributes
                0x00000bb2       0x1e c:/fehqt/proteus/gcc/bin/../lib/gcc/arm-none-eabi/4.6.2/armv7e-m\libgcc.a(_arm_cmpsf2.o)
 .ARM.attributes
                0x00000bd0       0x1e c:/fehqt/proteus/gcc/bin/../lib/gcc/arm-none-eabi/4.6.2/armv7e-m\libgcc.a(_arm_fixsfsi.o)
 .ARM.attributes
                0x00000bee       0x33 C:\fehqt\Proteus/EWL/lib/armv7e-m\librt.a(gcc_ctor_dtor.o)
 .ARM.attributes
                0x00000c21       0x33 C:\fehqt\Proteus/EWL/lib/armv7e-m\librt.a(ROMCopy.o)
 .ARM.attributes
                0x00000c54       0x33 C:\fehqt\Proteus/EWL/lib/armv7e-m\librt.a(__arm_eabi_init.o)
OUTPUT(../fehsla-robot.elf elf32-littlearm)

.debug_info     0x00000000    0x16f94
 .debug_info    0x00000000     0x1c7c ..\robot.o
 .debug_info    0x00001c7c      0x8be ..\main.o
 .debug_info    0x0000253a     0x12c5 Startup\__arm_start.o
 .debug_info    0x000037ff       0x58 Startup\__arm_end.o
 .debug_info    0x00003857      0x57d Startup\kinetis_sysinit.o
 .debug_info    0x00003dd4      0x335 Libraries\FEHMotor.o
 .debug_info    0x00004109      0x250 Drivers\i2c.o
 .debug_info    0x00004359      0x6cf Drivers\spi.o
 .debug_info    0x00004a28      0x59c Drivers\uart.o
 .debug_info    0x00004fc4     0x1da0 Drivers\ff.o
 .debug_info    0x00006d64      0xf1d Drivers\SDHC.o
 .debug_info    0x00007c81      0x2de Drivers\lptmr.o
 .debug_info    0x00007f5f      0x1a7 FEHProteus.o
 .debug_info    0x00008106      0x722 Drivers\FEHPropeller.o
 .debug_info    0x00008828      0x36c Libraries\FEHUtility.o
 .debug_info    0x00008b94     0x1c6a Libraries\FEHIO.o
 .debug_info    0x0000a7fe      0x4ab Drivers\adc16.o
 .debug_info    0x0000aca9      0xa42 Libraries\FEHBuzzer.o
 .debug_info    0x0000b6eb     0x1500 Libraries\FEHServo.o
 .debug_info    0x0000cbeb     0x2c25 Libraries\FEHLCD.o
 .debug_info    0x0000f810      0x26a Libraries\FEHAccel.o
 .debug_info    0x0000fa7a      0x3a9 Libraries\FEHBattery.o
 .debug_info    0x0000fe23      0xac3 Drivers\FEHXBee.o
 .debug_info    0x000108e6     0x19c7 Libraries\FEHRPS.o
 .debug_info    0x000122ad     0x1242 Libraries\FEHSD.o
 .debug_info    0x000134ef      0x159 C:\fehqt\Proteus/EWL/lib/armv7e-m\libm.a(s_cosf.o)
 .debug_info    0x00013648      0x1b1 C:\fehqt\Proteus/EWL/lib/armv7e-m\libm.a(s_floor.o)
 .debug_info    0x000137f9      0x155 C:\fehqt\Proteus/EWL/lib/armv7e-m\libm.a(s_sinf.o)
 .debug_info    0x0001394e       0xc6 C:\fehqt\Proteus/EWL/lib/armv7e-m\libm.a(w_atan2f.o)
 .debug_info    0x00013a14       0xc7 C:\fehqt\Proteus/EWL/lib/armv7e-m\libm.a(w_fmod.o)
 .debug_info    0x00013adb      0x205 C:\fehqt\Proteus/EWL/lib/armv7e-m\libm.a(e_atan2f.o)
 .debug_info    0x00013ce0      0x264 C:\fehqt\Proteus/EWL/lib/armv7e-m\libm.a(e_fmod.o)
 .debug_info    0x00013f44      0x2e9 C:\fehqt\Proteus/EWL/lib/armv7e-m\libm.a(e_rem_pio2f.o)
 .debug_info    0x0001422d      0x1d0 C:\fehqt\Proteus/EWL/lib/armv7e-m\libm.a(k_cosf.o)
 .debug_info    0x000143fd      0x305 C:\fehqt\Proteus/EWL/lib/armv7e-m\libm.a(k_rem_pio2f.o)
 .debug_info    0x00014702      0x1c6 C:\fehqt\Proteus/EWL/lib/armv7e-m\libm.a(k_sinf.o)
 .debug_info    0x000148c8      0x1eb C:\fehqt\Proteus/EWL/lib/armv7e-m\libm.a(s_atanf.o)
 .debug_info    0x00014ab3      0x14a C:\fehqt\Proteus/EWL/lib/armv7e-m\libm.a(s_floorf.o)
 .debug_info    0x00014bfd      0x18f C:\fehqt\Proteus/EWL/lib/armv7e-m\libm.a(s_scalbnf.o)
 .debug_info    0x00014d8c       0xa5 C:\fehqt\Proteus/EWL/lib/armv7e-m\libc.a(errno.o)
 .debug_info    0x00014e31      0x11f C:\fehqt\Proteus/EWL/lib/armv7e-m\libc.a(sprintf.o)
 .debug_info    0x00014f50      0x206 C:\fehqt\Proteus/EWL/lib/armv7e-m\libc.a(vsnprintf.o)
 .debug_info    0x00015156      0x103 C:\fehqt\Proteus/EWL/lib/armv7e-m\libc.a(exit.o)
 .debug_info    0x00015259      0x113 C:\fehqt\Proteus/EWL/lib/armv7e-m\libc.a(memcpy.o)
 .debug_info    0x0001536c       0xf4 C:\fehqt\Proteus/EWL/lib/armv7e-m\libc.a(memset.o)
 .debug_info    0x00015460      0x10a C:\fehqt\Proteus/EWL/lib/armv7e-m\libc.a(strcpy.o)
 .debug_info    0x0001556a       0xf3 C:\fehqt\Proteus/EWL/lib/armv7e-m\libc.a(strlen.o)
 .debug_info    0x0001565d      0x512 C:\fehqt\Proteus/EWL/lib/armv7e-m\libc.a(printformat_.o)
 .debug_info    0x00015b6f      0x564 C:\fehqt\Proteus/EWL/lib/armv7e-m\libc.a(scanformat_.o)
 .debug_info    0x000160d3      0x32a C:\fehqt\Proteus/EWL/lib/armv7e-m\libc.a(ctype_aeabi.o)
 .debug_info    0x000163fd      0x1d7 C:\fehqt\Proteus/EWL/lib/armv7e-m\libc.a(__strtoul.o)
 .debug_info    0x000165d4      0x13d C:\fehqt\Proteus/EWL/lib/armv7e-m\libc.a(__filll_mem.o)
 .debug_info    0x00016711      0x129 C:\fehqt\Proteus/EWL/lib/armv7e-m\libc.a(memchr.o)
 .debug_info    0x0001683a      0x110 C:\fehqt\Proteus/EWL/lib/armv7e-m\libc.a(strchr.o)
 .debug_info    0x0001694a      0x1c0 C:\fehqt\Proteus/EWL/lib/armv7e-m\librt.a(gcc_ctor_dtor.o)
 .debug_info    0x00016b0a      0x1b8 C:\fehqt\Proteus/EWL/lib/armv7e-m\librt.a(ROMCopy.o)
 .debug_info    0x00016cc2      0x2d2 C:\fehqt\Proteus/EWL/lib/armv7e-m\librt.a(__arm_eabi_init.o)

.debug_abbrev   0x00000000     0x4b96
 .debug_abbrev  0x00000000      0x399 ..\robot.o
 .debug_abbrev  0x00000399      0x1ce ..\main.o
 .debug_abbrev  0x00000567      0x28f Startup\__arm_start.o
 .debug_abbrev  0x000007f6       0x45 Startup\__arm_end.o
 .debug_abbrev  0x0000083b      0x18a Startup\kinetis_sysinit.o
 .debug_abbrev  0x000009c5      0x18c Libraries\FEHMotor.o
 .debug_abbrev  0x00000b51       0xfc Drivers\i2c.o
 .debug_abbrev  0x00000c4d      0x18b Drivers\spi.o
 .debug_abbrev  0x00000dd8      0x15f Drivers\uart.o
 .debug_abbrev  0x00000f37      0x18f Drivers\ff.o
 .debug_abbrev  0x000010c6      0x223 Drivers\SDHC.o
 .debug_abbrev  0x000012e9       0xd2 Drivers\lptmr.o
 .debug_abbrev  0x000013bb      0x101 FEHProteus.o
 .debug_abbrev  0x000014bc      0x1c6 Drivers\FEHPropeller.o
 .debug_abbrev  0x00001682      0x154 Libraries\FEHUtility.o
 .debug_abbrev  0x000017d6      0x448 Libraries\FEHIO.o
 .debug_abbrev  0x00001c1e      0x12a Drivers\adc16.o
 .debug_abbrev  0x00001d48      0x1da Libraries\FEHBuzzer.o
 .debug_abbrev  0x00001f22      0x312 Libraries\FEHServo.o
 .debug_abbrev  0x00002234      0x38c Libraries\FEHLCD.o
 .debug_abbrev  0x000025c0      0x13b Libraries\FEHAccel.o
 .debug_abbrev  0x000026fb      0x1cb Libraries\FEHBattery.o
 .debug_abbrev  0x000028c6      0x231 Drivers\FEHXBee.o
 .debug_abbrev  0x00002af7      0x37f Libraries\FEHRPS.o
 .debug_abbrev  0x00002e76      0x33a Libraries\FEHSD.o
 .debug_abbrev  0x000031b0       0xb0 C:\fehqt\Proteus/EWL/lib/armv7e-m\libm.a(s_cosf.o)
 .debug_abbrev  0x00003260       0xc3 C:\fehqt\Proteus/EWL/lib/armv7e-m\libm.a(s_floor.o)
 .debug_abbrev  0x00003323       0xbd C:\fehqt\Proteus/EWL/lib/armv7e-m\libm.a(s_sinf.o)
 .debug_abbrev  0x000033e0       0x5d C:\fehqt\Proteus/EWL/lib/armv7e-m\libm.a(w_atan2f.o)
 .debug_abbrev  0x0000343d       0x5d C:\fehqt\Proteus/EWL/lib/armv7e-m\libm.a(w_fmod.o)
 .debug_abbrev  0x0000349a       0xe3 C:\fehqt\Proteus/EWL/lib/armv7e-m\libm.a(e_atan2f.o)
 .debug_abbrev  0x0000357d      0x102 C:\fehqt\Proteus/EWL/lib/armv7e-m\libm.a(e_fmod.o)
 .debug_abbrev  0x0000367f      0x109 C:\fehqt\Proteus/EWL/lib/armv7e-m\libm.a(e_rem_pio2f.o)
 .debug_abbrev  0x00003788       0xb4 C:\fehqt\Proteus/EWL/lib/armv7e-m\libm.a(k_cosf.o)
 .debug_abbrev  0x0000383c      0x104 C:\fehqt\Proteus/EWL/lib/armv7e-m\libm.a(k_rem_pio2f.o)
 .debug_abbrev  0x00003940       0xc3 C:\fehqt\Proteus/EWL/lib/armv7e-m\libm.a(k_sinf.o)
 .debug_abbrev  0x00003a03       0xe4 C:\fehqt\Proteus/EWL/lib/armv7e-m\libm.a(s_atanf.o)
 .debug_abbrev  0x00003ae7       0xa7 C:\fehqt\Proteus/EWL/lib/armv7e-m\libm.a(s_floorf.o)
 .debug_abbrev  0x00003b8e       0xb4 C:\fehqt\Proteus/EWL/lib/armv7e-m\libm.a(s_scalbnf.o)
 .debug_abbrev  0x00003c42       0x48 C:\fehqt\Proteus/EWL/lib/armv7e-m\libc.a(errno.o)
 .debug_abbrev  0x00003c8a       0xb5 C:\fehqt\Proteus/EWL/lib/armv7e-m\libc.a(sprintf.o)
 .debug_abbrev  0x00003d3f       0xf4 C:\fehqt\Proteus/EWL/lib/armv7e-m\libc.a(vsnprintf.o)
 .debug_abbrev  0x00003e33       0x8f C:\fehqt\Proteus/EWL/lib/armv7e-m\libc.a(exit.o)
 .debug_abbrev  0x00003ec2       0x97 C:\fehqt\Proteus/EWL/lib/armv7e-m\libc.a(memcpy.o)
 .debug_abbrev  0x00003f59       0x66 C:\fehqt\Proteus/EWL/lib/armv7e-m\libc.a(memset.o)
 .debug_abbrev  0x00003fbf       0x7c C:\fehqt\Proteus/EWL/lib/armv7e-m\libc.a(strcpy.o)
 .debug_abbrev  0x0000403b       0x7e C:\fehqt\Proteus/EWL/lib/armv7e-m\libc.a(strlen.o)
 .debug_abbrev  0x000040b9      0x204 C:\fehqt\Proteus/EWL/lib/armv7e-m\libc.a(printformat_.o)
 .debug_abbrev  0x000042bd      0x1fb C:\fehqt\Proteus/EWL/lib/armv7e-m\libc.a(scanformat_.o)
 .debug_abbrev  0x000044b8       0x9a C:\fehqt\Proteus/EWL/lib/armv7e-m\libc.a(ctype_aeabi.o)
 .debug_abbrev  0x00004552       0xc6 C:\fehqt\Proteus/EWL/lib/armv7e-m\libc.a(__strtoul.o)
 .debug_abbrev  0x00004618       0x8b C:\fehqt\Proteus/EWL/lib/armv7e-m\libc.a(__filll_mem.o)
 .debug_abbrev  0x000046a3       0x99 C:\fehqt\Proteus/EWL/lib/armv7e-m\libc.a(memchr.o)
 .debug_abbrev  0x0000473c       0x8d C:\fehqt\Proteus/EWL/lib/armv7e-m\libc.a(strchr.o)
 .debug_abbrev  0x000047c9       0x9d C:\fehqt\Proteus/EWL/lib/armv7e-m\librt.a(gcc_ctor_dtor.o)
 .debug_abbrev  0x00004866      0x160 C:\fehqt\Proteus/EWL/lib/armv7e-m\librt.a(ROMCopy.o)
 .debug_abbrev  0x000049c6      0x1d0 C:\fehqt\Proteus/EWL/lib/armv7e-m\librt.a(__arm_eabi_init.o)

.debug_loc      0x00000000     0x80ee
 .debug_loc     0x00000000      0x462 ..\robot.o
 .debug_loc     0x00000462       0x3a ..\main.o
 .debug_loc     0x0000049c       0xb0 Startup\__arm_start.o
 .debug_loc     0x0000054c       0x38 Startup\__arm_end.o
 .debug_loc     0x00000584       0x84 Startup\kinetis_sysinit.o
 .debug_loc     0x00000608       0xe0 Libraries\FEHMotor.o
 .debug_loc     0x000006e8       0xe0 Drivers\i2c.o
 .debug_loc     0x000007c8      0x19c Drivers\spi.o
 .debug_loc     0x00000964       0xe0 Drivers\uart.o
 .debug_loc     0x00000a44      0xa96 Drivers\ff.o
 .debug_loc     0x000014da      0x370 Drivers\SDHC.o
 .debug_loc     0x0000184a       0x38 Drivers\lptmr.o
 .debug_loc     0x00001882       0x64 FEHProteus.o
 .debug_loc     0x000018e6      0x118 Drivers\FEHPropeller.o
 .debug_loc     0x000019fe      0x1a8 Libraries\FEHUtility.o
 .debug_loc     0x00001ba6      0x8d6 Libraries\FEHIO.o
 .debug_loc     0x0000247c       0xa8 Drivers\adc16.o
 .debug_loc     0x00002524      0x304 Libraries\FEHBuzzer.o
 .debug_loc     0x00002828      0x1fa Libraries\FEHServo.o
 .debug_loc     0x00002a22     0x1147 Libraries\FEHLCD.o
 .debug_loc     0x00003b69      0x144 Libraries\FEHAccel.o
 .debug_loc     0x00003cad       0xd4 Libraries\FEHBattery.o
 .debug_loc     0x00003d81      0x1c0 Drivers\FEHXBee.o
 .debug_loc     0x00003f41      0x3e8 Libraries\FEHRPS.o
 .debug_loc     0x00004329      0x188 Libraries\FEHSD.o
 .debug_loc     0x000044b1       0xf8 C:\fehqt\Proteus/EWL/lib/armv7e-m\libm.a(s_cosf.o)
 .debug_loc     0x000045a9      0x108 C:\fehqt\Proteus/EWL/lib/armv7e-m\libm.a(s_floor.o)
 .debug_loc     0x000046b1       0xae C:\fehqt\Proteus/EWL/lib/armv7e-m\libm.a(s_sinf.o)
 .debug_loc     0x0000475f       0x26 C:\fehqt\Proteus/EWL/lib/armv7e-m\libm.a(w_atan2f.o)
 .debug_loc     0x00004785       0x30 C:\fehqt\Proteus/EWL/lib/armv7e-m\libm.a(w_fmod.o)
 .debug_loc     0x000047b5      0x29f C:\fehqt\Proteus/EWL/lib/armv7e-m\libm.a(e_atan2f.o)
 .debug_loc     0x00004a54      0x310 C:\fehqt\Proteus/EWL/lib/armv7e-m\libm.a(e_fmod.o)
 .debug_loc     0x00004d64      0x321 C:\fehqt\Proteus/EWL/lib/armv7e-m\libm.a(e_rem_pio2f.o)
 .debug_loc     0x00005085       0xf7 C:\fehqt\Proteus/EWL/lib/armv7e-m\libm.a(k_cosf.o)
 .debug_loc     0x0000517c      0x654 C:\fehqt\Proteus/EWL/lib/armv7e-m\libm.a(k_rem_pio2f.o)
 .debug_loc     0x000057d0       0xdf C:\fehqt\Proteus/EWL/lib/armv7e-m\libm.a(k_sinf.o)
 .debug_loc     0x000058af      0x1c0 C:\fehqt\Proteus/EWL/lib/armv7e-m\libm.a(s_atanf.o)
 .debug_loc     0x00005a6f       0xcf C:\fehqt\Proteus/EWL/lib/armv7e-m\libm.a(s_floorf.o)
 .debug_loc     0x00005b3e       0xe5 C:\fehqt\Proteus/EWL/lib/armv7e-m\libm.a(s_scalbnf.o)
 .debug_loc     0x00005c23       0x3f C:\fehqt\Proteus/EWL/lib/armv7e-m\libc.a(sprintf.o)
 .debug_loc     0x00005c62      0x105 C:\fehqt\Proteus/EWL/lib/armv7e-m\libc.a(vsnprintf.o)
 .debug_loc     0x00005d67       0x3e C:\fehqt\Proteus/EWL/lib/armv7e-m\libc.a(exit.o)
 .debug_loc     0x00005da5       0x46 C:\fehqt\Proteus/EWL/lib/armv7e-m\libc.a(memcpy.o)
 .debug_loc     0x00005deb       0x64 C:\fehqt\Proteus/EWL/lib/armv7e-m\libc.a(memset.o)
 .debug_loc     0x00005e4f       0x20 C:\fehqt\Proteus/EWL/lib/armv7e-m\libc.a(strcpy.o)
 .debug_loc     0x00005e6f       0x31 C:\fehqt\Proteus/EWL/lib/armv7e-m\libc.a(strlen.o)
 .debug_loc     0x00005ea0     0x106f C:\fehqt\Proteus/EWL/lib/armv7e-m\libc.a(printformat_.o)
 .debug_loc     0x00006f0f      0x8cb C:\fehqt\Proteus/EWL/lib/armv7e-m\libc.a(scanformat_.o)
 .debug_loc     0x000077da      0x18e C:\fehqt\Proteus/EWL/lib/armv7e-m\libc.a(ctype_aeabi.o)
 .debug_loc     0x00007968      0x2ad C:\fehqt\Proteus/EWL/lib/armv7e-m\libc.a(__strtoul.o)
 .debug_loc     0x00007c15      0x12c C:\fehqt\Proteus/EWL/lib/armv7e-m\libc.a(__filll_mem.o)
 .debug_loc     0x00007d41       0x82 C:\fehqt\Proteus/EWL/lib/armv7e-m\libc.a(memchr.o)
 .debug_loc     0x00007dc3       0x78 C:\fehqt\Proteus/EWL/lib/armv7e-m\libc.a(strchr.o)
 .debug_loc     0x00007e3b       0xbe C:\fehqt\Proteus/EWL/lib/armv7e-m\librt.a(gcc_ctor_dtor.o)
 .debug_loc     0x00007ef9       0x9b C:\fehqt\Proteus/EWL/lib/armv7e-m\librt.a(ROMCopy.o)
 .debug_loc     0x00007f94      0x15a C:\fehqt\Proteus/EWL/lib/armv7e-m\librt.a(__arm_eabi_init.o)

.debug_aranges  0x00000000     0x1100
 .debug_aranges
                0x00000000       0xb8 ..\robot.o
 .debug_aranges
                0x000000b8       0x20 ..\main.o
 .debug_aranges
                0x000000d8       0x48 Startup\__arm_start.o
 .debug_aranges
                0x00000120       0x20 Startup\__arm_end.o
 .debug_aranges
                0x00000140       0x30 Startup\kinetis_sysinit.o
 .debug_aranges
                0x00000170       0x38 Libraries\FEHMotor.o
 .debug_aranges
                0x000001a8       0x38 Drivers\i2c.o
 .debug_aranges
                0x000001e0       0x58 Drivers\spi.o
 .debug_aranges
                0x00000238       0x38 Drivers\uart.o
 .debug_aranges
                0x00000270      0x198 Drivers\ff.o
 .debug_aranges
                0x00000408       0x98 Drivers\SDHC.o
 .debug_aranges
                0x000004a0       0x20 Drivers\lptmr.o
 .debug_aranges
                0x000004c0       0x28 FEHProteus.o
 .debug_aranges
                0x000004e8       0x40 Drivers\FEHPropeller.o
 .debug_aranges
                0x00000528       0x58 Libraries\FEHUtility.o
 .debug_aranges
                0x00000580      0x160 Libraries\FEHIO.o
 .debug_aranges
                0x000006e0       0x30 Drivers\adc16.o
 .debug_aranges
                0x00000710       0x88 Libraries\FEHBuzzer.o
 .debug_aranges
                0x00000798       0x60 Libraries\FEHServo.o
 .debug_aranges
                0x000007f8      0x290 Libraries\FEHLCD.o
 .debug_aranges
                0x00000a88       0x48 Libraries\FEHAccel.o
 .debug_aranges
                0x00000ad0       0x38 Libraries\FEHBattery.o
 .debug_aranges
                0x00000b08       0x58 Drivers\FEHXBee.o
 .debug_aranges
                0x00000b60       0xa8 Libraries\FEHRPS.o
 .debug_aranges
                0x00000c08       0x50 Libraries\FEHSD.o
 .debug_aranges
                0x00000c58       0x20 C:\fehqt\Proteus/EWL/lib/armv7e-m\libm.a(s_cosf.o)
 .debug_aranges
                0x00000c78       0x20 C:\fehqt\Proteus/EWL/lib/armv7e-m\libm.a(s_floor.o)
 .debug_aranges
                0x00000c98       0x20 C:\fehqt\Proteus/EWL/lib/armv7e-m\libm.a(s_sinf.o)
 .debug_aranges
                0x00000cb8       0x20 C:\fehqt\Proteus/EWL/lib/armv7e-m\libm.a(w_atan2f.o)
 .debug_aranges
                0x00000cd8       0x20 C:\fehqt\Proteus/EWL/lib/armv7e-m\libm.a(w_fmod.o)
 .debug_aranges
                0x00000cf8       0x20 C:\fehqt\Proteus/EWL/lib/armv7e-m\libm.a(e_atan2f.o)
 .debug_aranges
                0x00000d18       0x20 C:\fehqt\Proteus/EWL/lib/armv7e-m\libm.a(e_fmod.o)
 .debug_aranges
                0x00000d38       0x20 C:\fehqt\Proteus/EWL/lib/armv7e-m\libm.a(e_rem_pio2f.o)
 .debug_aranges
                0x00000d58       0x20 C:\fehqt\Proteus/EWL/lib/armv7e-m\libm.a(k_cosf.o)
 .debug_aranges
                0x00000d78       0x20 C:\fehqt\Proteus/EWL/lib/armv7e-m\libm.a(k_rem_pio2f.o)
 .debug_aranges
                0x00000d98       0x20 C:\fehqt\Proteus/EWL/lib/armv7e-m\libm.a(k_sinf.o)
 .debug_aranges
                0x00000db8       0x20 C:\fehqt\Proteus/EWL/lib/armv7e-m\libm.a(s_atanf.o)
 .debug_aranges
                0x00000dd8       0x20 C:\fehqt\Proteus/EWL/lib/armv7e-m\libm.a(s_floorf.o)
 .debug_aranges
                0x00000df8       0x20 C:\fehqt\Proteus/EWL/lib/armv7e-m\libm.a(s_scalbnf.o)
 .debug_aranges
                0x00000e18       0x20 C:\fehqt\Proteus/EWL/lib/armv7e-m\libc.a(sprintf.o)
 .debug_aranges
                0x00000e38       0x28 C:\fehqt\Proteus/EWL/lib/armv7e-m\libc.a(vsnprintf.o)
 .debug_aranges
                0x00000e60       0x20 C:\fehqt\Proteus/EWL/lib/armv7e-m\libc.a(exit.o)
 .debug_aranges
                0x00000e80       0x20 C:\fehqt\Proteus/EWL/lib/armv7e-m\libc.a(memcpy.o)
 .debug_aranges
                0x00000ea0       0x20 C:\fehqt\Proteus/EWL/lib/armv7e-m\libc.a(memset.o)
 .debug_aranges
                0x00000ec0       0x20 C:\fehqt\Proteus/EWL/lib/armv7e-m\libc.a(strcpy.o)
 .debug_aranges
                0x00000ee0       0x20 C:\fehqt\Proteus/EWL/lib/armv7e-m\libc.a(strlen.o)
 .debug_aranges
                0x00000f00       0x28 C:\fehqt\Proteus/EWL/lib/armv7e-m\libc.a(printformat_.o)
 .debug_aranges
                0x00000f28       0x20 C:\fehqt\Proteus/EWL/lib/armv7e-m\libc.a(scanformat_.o)
 .debug_aranges
                0x00000f48       0x88 C:\fehqt\Proteus/EWL/lib/armv7e-m\libc.a(ctype_aeabi.o)
 .debug_aranges
                0x00000fd0       0x20 C:\fehqt\Proteus/EWL/lib/armv7e-m\libc.a(__strtoul.o)
 .debug_aranges
                0x00000ff0       0x20 C:\fehqt\Proteus/EWL/lib/armv7e-m\libc.a(__filll_mem.o)
 .debug_aranges
                0x00001010       0x20 C:\fehqt\Proteus/EWL/lib/armv7e-m\libc.a(memchr.o)
 .debug_aranges
                0x00001030       0x20 C:\fehqt\Proteus/EWL/lib/armv7e-m\libc.a(strchr.o)
 .debug_aranges
                0x00001050       0x28 C:\fehqt\Proteus/EWL/lib/armv7e-m\librt.a(gcc_ctor_dtor.o)
 .debug_aranges
                0x00001078       0x30 C:\fehqt\Proteus/EWL/lib/armv7e-m\librt.a(ROMCopy.o)
 .debug_aranges
                0x000010a8       0x58 C:\fehqt\Proteus/EWL/lib/armv7e-m\librt.a(__arm_eabi_init.o)

.debug_line     0x00000000     0x91c9
 .debug_line    0x00000000      0x6e7 ..\robot.o
 .debug_line    0x000006e7      0x3e8 ..\main.o
 .debug_line    0x00000acf      0x3ad Startup\__arm_start.o
 .debug_line    0x00000e7c      0x21a Startup\__arm_end.o
 .debug_line    0x00001096      0x283 Startup\kinetis_sysinit.o
 .debug_line    0x00001319      0x237 Libraries\FEHMotor.o
 .debug_line    0x00001550      0x2ad Drivers\i2c.o
 .debug_line    0x000017fd      0x295 Drivers\spi.o
 .debug_line    0x00001a92      0x212 Drivers\uart.o
 .debug_line    0x00001ca4     0x1114 Drivers\ff.o
 .debug_line    0x00002db8      0x678 Drivers\SDHC.o
 .debug_line    0x00003430      0x1c0 Drivers\lptmr.o
 .debug_line    0x000035f0      0x1da FEHProteus.o
 .debug_line    0x000037ca      0x264 Drivers\FEHPropeller.o
 .debug_line    0x00003a2e      0x282 Libraries\FEHUtility.o
 .debug_line    0x00003cb0      0x6ee Libraries\FEHIO.o
 .debug_line    0x0000439e      0x20f Drivers\adc16.o
 .debug_line    0x000045ad      0x2df Libraries\FEHBuzzer.o
 .debug_line    0x0000488c      0x545 Libraries\FEHServo.o
 .debug_line    0x00004dd1     0x1151 Libraries\FEHLCD.o
 .debug_line    0x00005f22      0x23f Libraries\FEHAccel.o
 .debug_line    0x00006161      0x218 Libraries\FEHBattery.o
 .debug_line    0x00006379      0x349 Drivers\FEHXBee.o
 .debug_line    0x000066c2      0x6fa Libraries\FEHRPS.o
 .debug_line    0x00006dbc      0x334 Libraries\FEHSD.o
 .debug_line    0x000070f0       0xc0 C:\fehqt\Proteus/EWL/lib/armv7e-m\libm.a(s_cosf.o)
 .debug_line    0x000071b0       0xd0 C:\fehqt\Proteus/EWL/lib/armv7e-m\libm.a(s_floor.o)
 .debug_line    0x00007280       0xc6 C:\fehqt\Proteus/EWL/lib/armv7e-m\libm.a(s_sinf.o)
 .debug_line    0x00007346       0x78 C:\fehqt\Proteus/EWL/lib/armv7e-m\libm.a(w_atan2f.o)
 .debug_line    0x000073be       0x76 C:\fehqt\Proteus/EWL/lib/armv7e-m\libm.a(w_fmod.o)
 .debug_line    0x00007434      0x10c C:\fehqt\Proteus/EWL/lib/armv7e-m\libm.a(e_atan2f.o)
 .debug_line    0x00007540      0x16d C:\fehqt\Proteus/EWL/lib/armv7e-m\libm.a(e_fmod.o)
 .debug_line    0x000076ad      0x11b C:\fehqt\Proteus/EWL/lib/armv7e-m\libm.a(e_rem_pio2f.o)
 .debug_line    0x000077c8       0xbc C:\fehqt\Proteus/EWL/lib/armv7e-m\libm.a(k_cosf.o)
 .debug_line    0x00007884      0x433 C:\fehqt\Proteus/EWL/lib/armv7e-m\libm.a(k_rem_pio2f.o)
 .debug_line    0x00007cb7       0xab C:\fehqt\Proteus/EWL/lib/armv7e-m\libm.a(k_sinf.o)
 .debug_line    0x00007d62       0xe6 C:\fehqt\Proteus/EWL/lib/armv7e-m\libm.a(s_atanf.o)
 .debug_line    0x00007e48       0xc4 C:\fehqt\Proteus/EWL/lib/armv7e-m\libm.a(s_floorf.o)
 .debug_line    0x00007f0c       0xc7 C:\fehqt\Proteus/EWL/lib/armv7e-m\libm.a(s_scalbnf.o)
 .debug_line    0x00007fd3       0x4d C:\fehqt\Proteus/EWL/lib/armv7e-m\libc.a(errno.o)
 .debug_line    0x00008020       0x94 C:\fehqt\Proteus/EWL/lib/armv7e-m\libc.a(sprintf.o)
 .debug_line    0x000080b4       0xd2 C:\fehqt\Proteus/EWL/lib/armv7e-m\libc.a(vsnprintf.o)
 .debug_line    0x00008186       0x94 C:\fehqt\Proteus/EWL/lib/armv7e-m\libc.a(exit.o)
 .debug_line    0x0000821a       0x8d C:\fehqt\Proteus/EWL/lib/armv7e-m\libc.a(memcpy.o)
 .debug_line    0x000082a7       0x8f C:\fehqt\Proteus/EWL/lib/armv7e-m\libc.a(memset.o)
 .debug_line    0x00008336       0x8e C:\fehqt\Proteus/EWL/lib/armv7e-m\libc.a(strcpy.o)
 .debug_line    0x000083c4       0x89 C:\fehqt\Proteus/EWL/lib/armv7e-m\libc.a(strlen.o)
 .debug_line    0x0000844d      0x2c6 C:\fehqt\Proteus/EWL/lib/armv7e-m\libc.a(printformat_.o)
 .debug_line    0x00008713      0x2e3 C:\fehqt\Proteus/EWL/lib/armv7e-m\libc.a(scanformat_.o)
 .debug_line    0x000089f6      0x1dd C:\fehqt\Proteus/EWL/lib/armv7e-m\libc.a(ctype_aeabi.o)
 .debug_line    0x00008bd3      0x141 C:\fehqt\Proteus/EWL/lib/armv7e-m\libc.a(__strtoul.o)
 .debug_line    0x00008d14      0x121 C:\fehqt\Proteus/EWL/lib/armv7e-m\libc.a(__filll_mem.o)
 .debug_line    0x00008e35       0xa3 C:\fehqt\Proteus/EWL/lib/armv7e-m\libc.a(memchr.o)
 .debug_line    0x00008ed8       0x84 C:\fehqt\Proteus/EWL/lib/armv7e-m\libc.a(strchr.o)
 .debug_line    0x00008f5c       0x94 C:\fehqt\Proteus/EWL/lib/armv7e-m\librt.a(gcc_ctor_dtor.o)
 .debug_line    0x00008ff0       0xc0 C:\fehqt\Proteus/EWL/lib/armv7e-m\librt.a(ROMCopy.o)
 .debug_line    0x000090b0      0x119 C:\fehqt\Proteus/EWL/lib/armv7e-m\librt.a(__arm_eabi_init.o)

.debug_macinfo  0x00000000   0x906b9e
 .debug_macinfo
                0x00000000    0x67fcc ..\robot.o
 .debug_macinfo
                0x00067fcc    0x67fdb ..\main.o
 .debug_macinfo
                0x000cffa7    0x647fb Startup\__arm_start.o
 .debug_macinfo
                0x001347a2     0x3464 Startup\__arm_end.o
 .debug_macinfo
                0x00137c06    0x64cce Startup\kinetis_sysinit.o
 .debug_macinfo
                0x0019c8d4    0x6305c Libraries\FEHMotor.o
 .debug_macinfo
                0x001ff930    0x6318f Drivers\i2c.o
 .debug_macinfo
                0x00262abf    0x62fd6 Drivers\spi.o
 .debug_macinfo
                0x002c5a95    0x62fc7 Drivers\uart.o
 .debug_macinfo
                0x00328a5c     0x4396 Drivers\ff.o
 .debug_macinfo
                0x0032cdf2    0x6452b Drivers\SDHC.o
 .debug_macinfo
                0x0039131d    0x63036 Drivers\lptmr.o
 .debug_macinfo
                0x003f4353    0x62fdc FEHProteus.o
 .debug_macinfo
                0x0045732f    0x63085 Drivers\FEHPropeller.o
 .debug_macinfo
                0x004ba3b4    0x62ff1 Libraries\FEHUtility.o
 .debug_macinfo
                0x0051d3a5    0x64348 Libraries\FEHIO.o
 .debug_macinfo
                0x005816ed    0x63678 Drivers\adc16.o
 .debug_macinfo
                0x005e4d65    0x6301e Libraries\FEHBuzzer.o
 .debug_macinfo
                0x00647d83    0x64476 Libraries\FEHServo.o
 .debug_macinfo
                0x006ac1f9    0x649ab Libraries\FEHLCD.o
 .debug_macinfo
                0x00710ba4    0x631be Libraries\FEHAccel.o
 .debug_macinfo
                0x00773d62    0x636a3 Libraries\FEHBattery.o
 .debug_macinfo
                0x007d7405    0x63d5d Drivers\FEHXBee.o
 .debug_macinfo
                0x0083b162    0x661ab Libraries\FEHRPS.o
 .debug_macinfo
                0x008a130d    0x65891 Libraries\FEHSD.o

.debug_str      0x00000000     0x527b
 .debug_str     0x00000000     0x1694 ..\robot.o
                               0x1776 (size before relaxing)
 .debug_str     0x00001694       0x29 ..\main.o
                                0x851 (size before relaxing)
 .debug_str     0x000016bd      0x338 Startup\__arm_start.o
                                0xe67 (size before relaxing)
 .debug_str     0x000019f5       0x23 Startup\__arm_end.o
                                 0xbb (size before relaxing)
 .debug_str     0x00001a18      0x154 Startup\kinetis_sysinit.o
                                0x366 (size before relaxing)
 .debug_str     0x00001b6c       0x2a Libraries\FEHMotor.o
                                0x2d9 (size before relaxing)
 .debug_str     0x00001b96      0x11a Drivers\i2c.o
                                0x202 (size before relaxing)
 .debug_str     0x00001cb0      0x18b Drivers\spi.o
                                0x3bb (size before relaxing)
 .debug_str     0x00001e3b      0x188 Drivers\uart.o
                                0x350 (size before relaxing)
 .debug_str     0x00001fc3      0x6af Drivers\ff.o
                                0x853 (size before relaxing)
 .debug_str     0x00002672      0x546 Drivers\SDHC.o
                                0x829 (size before relaxing)
 .debug_str     0x00002bb8       0x5a Drivers\lptmr.o
                                0x209 (size before relaxing)
 .debug_str     0x00002c12       0x6c FEHProteus.o
                                0x255 (size before relaxing)
 .debug_str     0x00002c7e       0x25 Drivers\FEHPropeller.o
                                0x396 (size before relaxing)
 .debug_str     0x00002ca3       0xc0 Libraries\FEHUtility.o
                                0x1da (size before relaxing)
 .debug_str     0x00002d63      0xdf2 Libraries\FEHIO.o
                               0x12ab (size before relaxing)
 .debug_str     0x00003b55       0xd7 Drivers\adc16.o
                                0x29a (size before relaxing)
 .debug_str     0x00003c2c      0x1ba Libraries\FEHBuzzer.o
                                0x3ac (size before relaxing)
 .debug_str     0x00003de6      0x24c Libraries\FEHServo.o
                               0x110c (size before relaxing)
 .debug_str     0x00004032      0x2bd Libraries\FEHLCD.o
                               0x110d (size before relaxing)
 .debug_str     0x000042ef       0x68 Libraries\FEHAccel.o
                                0x19e (size before relaxing)
 .debug_str     0x00004357       0x5d Libraries\FEHBattery.o
                                0x35f (size before relaxing)
 .debug_str     0x000043b4       0xfd Drivers\FEHXBee.o
                                0x545 (size before relaxing)
 .debug_str     0x000044b1      0x165 Libraries\FEHRPS.o
                               0x1502 (size before relaxing)
 .debug_str     0x00004616       0x75 Libraries\FEHSD.o
                                0xf2a (size before relaxing)
 .debug_str     0x0000468b       0x98 C:\fehqt\Proteus/EWL/lib/armv7e-m\libm.a(s_cosf.o)
                                0x150 (size before relaxing)
 .debug_str     0x00004723       0x2d C:\fehqt\Proteus/EWL/lib/armv7e-m\libm.a(s_floor.o)
                                0x14c (size before relaxing)
 .debug_str     0x00004750       0x12 C:\fehqt\Proteus/EWL/lib/armv7e-m\libm.a(s_sinf.o)
                                0x150 (size before relaxing)
 .debug_str     0x00004762       0x14 C:\fehqt\Proteus/EWL/lib/armv7e-m\libm.a(w_atan2f.o)
                                0x12f (size before relaxing)
 .debug_str     0x00004776       0x12 C:\fehqt\Proteus/EWL/lib/armv7e-m\libm.a(w_fmod.o)
                                0x12b (size before relaxing)
 .debug_str     0x00004788       0x50 C:\fehqt\Proteus/EWL/lib/armv7e-m\libm.a(e_atan2f.o)
                                0x18f (size before relaxing)