Archive member included because of file (symbol)

C:\fehqt\Proteus/EWL/lib/armv7e-m\libm.a(s_cosf.o)
                              ..\robot.o (cosf)
C:\fehqt\Proteus/EWL/lib/armv7e-m\libm.a(s_floor.o)
                              ..\robot.o (floor)
C:\fehqt\Proteus/EWL/lib/armv7e-m\libm.a(s_sinf.o)
                              ..\robot.o (sinf)
C:\fehqt\Proteus/EWL/lib/armv7e-m\libm.a(w_atan2f.o)
                              ..\robot.o (atan2f)
C:\fehqt\Proteus/EWL/lib/armv7e-m\libm.a(w_fmod.o)
                              ..\robot.o (fmod)
C:\fehqt\Proteus/EWL/lib/armv7e-m\libm.a(e_atan2f.o)
                              C:\fehqt\Proteus/EWL/lib/armv7e-m\libm.a(w_atan2f.o) (__ieee754_atan2f)
C:\fehqt\Proteus/EWL/lib/armv7e-m\libm.a(e_fmod.o)
                              C:\fehqt\Proteus/EWL/lib/armv7e-m\libm.a(w_fmod.o) (__ieee754_fmod)
C:\fehqt\Proteus/EWL/lib/armv7e-m\libm.a(e_rem_pio2f.o)
                              C:\fehqt\Proteus/EWL/lib/armv7e-m\libm.a(s_cosf.o) (__ieee754_rem_pio2f)
C:\fehqt\Proteus/EWL/lib/armv7e-m\libm.a(k_cosf.o)
                              C:\fehqt\Proteus/EWL/lib/armv7e-m\libm.a(s_cosf.o) (__kernel_cosf)
C:\fehqt\Proteus/EWL/lib/armv7e-m\libm.a(k_rem_pio2f.o)
                              C:\fehqt\Proteus/EWL/lib/armv7e-m\libm.a(e_rem_pio2f.o) (__kernel_rem_pio2f)
C:\fehqt\Proteus/EWL/lib/armv7e-m\libm.a(k_sinf.o)
                              C:\fehqt\Proteus/EWL/lib/armv7e-m\libm.a(s_cosf.o) (__kernel_sinf)
C:\fehqt\Proteus/EWL/lib/armv7e-m\libm.a(s_atanf.o)
                              C:\fehqt\Proteus/EWL/lib/armv7e-m\libm.a(e_atan2f.o) (atanf)
C:\fehqt\Proteus/EWL/lib/armv7e-m\libm.a(s_floorf.o)
                              C:\fehqt\Proteus/EWL/lib/armv7e-m\libm.a(k_rem_pio2f.o) (floorf)
C:\fehqt\Proteus/EWL/lib/armv7e-m\libm.a(s_scalbnf.o)
                              C:\fehqt\Proteus/EWL/lib/armv7e-m\libm.a(k_rem_pio2f.o) (scalbnf)
C:\fehqt\Proteus/EWL/lib/armv7e-m\libc.a(errno.o)
                              C:\fehqt\Proteus/EWL/lib/armv7e-m\libm.a(e_atan2f.o) (errno)
C:\fehqt\Proteus/EWL/lib/armv7e-m\libc.a(sprintf.o)
                              Libraries\FEHLCD.o (sprintf)
C:\fehqt\Proteus/EWL/lib/armv7e-m\libc.a(vsnprintf.o)
                              C:\fehqt\Proteus/EWL/lib/armv7e-m\libc.a(sprintf.o) (vsnprintf)
C:\fehqt\Proteus/EWL/lib/armv7e-m\libc.a(exit.o)
                              Startup\__arm_start.o (exit)
C:\fehqt\Proteus/EWL/lib/armv7e-m\libc.a(memcpy.o)
                              ..\tests.o (memcpy)
C:\fehqt\Proteus/EWL/lib/armv7e-m\libc.a(memset.o)
                              Startup\__arm_start.o (memset)
C:\fehqt\Proteus/EWL/lib/armv7e-m\libc.a(strcmp.o)
                              Libraries\FEHLCD.o (strcmp)
C:\fehqt\Proteus/EWL/lib/armv7e-m\libc.a(strcpy.o)
                              Libraries\FEHLCD.o (strcpy)
C:\fehqt\Proteus/EWL/lib/armv7e-m\libc.a(strlen.o)
                              Libraries\FEHLCD.o (strlen)
C:\fehqt\Proteus/EWL/lib/armv7e-m\libc.a(printformat_.o)
                              (__pformatter_)
C:\fehqt\Proteus/EWL/lib/armv7e-m\libc.a(scanformat_.o)
                              (__sformatter)
C:\fehqt\Proteus/EWL/lib/armv7e-m\libc.a(ctype_aeabi.o)
                              C:\fehqt\Proteus/EWL/lib/armv7e-m\libc.a(scanformat_.o) (isspace)
C:\fehqt\Proteus/EWL/lib/armv7e-m\libc.a(__strtoul.o)
                              C:\fehqt\Proteus/EWL/lib/armv7e-m\libc.a(scanformat_.o) (__strtoul)
C:\fehqt\Proteus/EWL/lib/armv7e-m\libc.a(__filll_mem.o)
                              C:\fehqt\Proteus/EWL/lib/armv7e-m\libc.a(memset.o) (__fill_mem)
C:\fehqt\Proteus/EWL/lib/armv7e-m\libc.a(memchr.o)
                              C:\fehqt\Proteus/EWL/lib/armv7e-m\libc.a(printformat_.o) (memchr)
C:\fehqt\Proteus/EWL/lib/armv7e-m\libc.a(strchr.o)
                              C:\fehqt\Proteus/EWL/lib/armv7e-m\libc.a(printformat_.o) (strchr)
c:/fehqt/proteus/gcc/bin/../lib/gcc/arm-none-eabi/4.6.2/armv7e-m\libgcc.a(_arm_addsubdf3.o)
                              ..\robot.o (__aeabi_dsub)
c:/fehqt/proteus/gcc/bin/../lib/gcc/arm-none-eabi/4.6.2/armv7e-m\libgcc.a(_arm_muldivdf3.o)
                              ..\robot.o (__aeabi_dmul)
c:/fehqt/proteus/gcc/bin/../lib/gcc/arm-none-eabi/4.6.2/armv7e-m\libgcc.a(_arm_cmpdf2.o)
                              ..\robot.o (__aeabi_dcmplt)
c:/fehqt/proteus/gcc/bin/../lib/gcc/arm-none-eabi/4.6.2/armv7e-m\libgcc.a(_arm_fixdfsi.o)
                              Libraries\FEHMotor.o (__aeabi_d2iz)
c:/fehqt/proteus/gcc/bin/../lib/gcc/arm-none-eabi/4.6.2/armv7e-m\libgcc.a(_arm_fixunsdfsi.o)
                              Libraries\FEHUtility.o (__aeabi_d2uiz)
c:/fehqt/proteus/gcc/bin/../lib/gcc/arm-none-eabi/4.6.2/armv7e-m\libgcc.a(_arm_truncdfsf2.o)
                              ..\robot.o (__aeabi_d2f)
c:/fehqt/proteus/gcc/bin/../lib/gcc/arm-none-eabi/4.6.2/armv7e-m\libgcc.a(_arm_addsubsf3.o)
                              ..\robot.o (__aeabi_fsub)
[...]
Memory Configuration

Name             Origin             Length             Attributes
m_interrupts     0x0000c000         0x00000400         xr
m_cfmprotrom     0x0000c400         0x00000010         xr
m_text           0x0000c410         0x00073bf0         xr
m_data           0x1fff0400         0x0000fc00         xrw
m_data2          0x20000000         0x00010000         xrw
*default*        0x00000000         0xffffffff

Linker script and memory map

LOAD ..\tests.o
LOAD ..\robot.o
LOAD ..\main.o
LOAD Startup\__arm_start.o
LOAD Startup\__arm_end.o
LOAD Startup\kinetis_sysinit.o
LOAD Libraries\FEHMotor.o
LOAD Drivers\mcg.o
LOAD Drivers\i2c.o
LOAD Drivers\spi.o
LOAD Drivers\uart.o
LOAD Drivers\ff.o
LOAD Drivers\SDHC.o
LOAD Drivers\lptmr.o
LOAD FEHProteus.o
LOAD Drivers\FEHPropeller.o
LOAD Libraries\FEHUtility.o
LOAD Libraries\FEHIO.o
LOAD Drivers\adc16.o
LOAD Libraries\FEHBuzzer.o
LOAD Libraries\FEHServo.o
LOAD Libraries\FEHLCD.o
LOAD Libraries\FEHAccel.o
LOAD Libraries\FEHBattery.o
LOAD Drivers\FEHXBee.o
LOAD Libraries\FEHRPS.o
LOAD Libraries\FEHSD.o
                0x0001a840                __pformatter = __pformatter_
                [0x0001ac38]                __sformatter = __sformatter
LOAD C:\fehqt\Proteus/EWL/lib/armv7e-m\libstdc++.a
LOAD C:\fehqt\Proteus/EWL/lib/armv7e-m\libm.a
START GROUP
LOAD C:\fehqt\Proteus/EWL/lib/armv7e-m\libc.a
LOAD C:\fehqt\Proteus/EWL/lib/armv7e-m\libc++.a
LOAD C:\fehqt\Proteus/EWL/lib/armv7e-m\libm.a
LOAD c:/fehqt/proteus/gcc/bin/../lib/gcc/arm-none-eabi/4.6.2/armv7e-m\libgcc.a
LOAD C:\fehqt\Proteus/EWL/lib/armv7e-m\librt.a
LOAD c:/fehqt/proteus/gcc/bin/../lib/gcc/arm-none-eabi/4.6.2/../../../../arm-none-eabi/lib/armv7e-m\libsupc++.a
END GROUP
                0x20000000                _estack = 0x20000000
                0x20000000                __SP_INIT = _estack
                0x00000800                __heap_size = 0x800
                0x00000800                __stack_size = 0x800

.interrupts     0x0000c000      0x1e0
                0x0000c000                __vector_table = .
                0x0000c000                . = ALIGN (0x4)
 *(.vectortable)
 .vectortable   0x0000c000      0x1e0 Startup\kinetis_sysinit.o
                0x0000c1e0                . = ALIGN (0x4)

.cfmprotect     0x0000c400        0x0
                0x0000c400                . = ALIGN (0x4)
 *(.cfmconfig)
                0x0000c400                . = ALIGN (0x4)

.text           0x0000c410     0xffac
                0x0000c410                . = ALIGN (0x4)
 *(.text)
 .text          0x0000c410      0x370 c:/fehqt/proteus/gcc/bin/../lib/gcc/arm-none-eabi/4.6.2/armv7e-m\libgcc.a(_arm_addsubdf3.o)
                0x0000c410                __aeabi_drsub
                0x0000c418                __aeabi_dsub
                0x0000c418                __subdf3
                0x0000c41c                __aeabi_dadd
                0x0000c41c                __adddf3
                0x0000c694                __floatunsidf
                0x0000c694                __aeabi_ui2d
                0x0000c6b4                __floatsidf
                0x0000c6b4                __aeabi_i2d
                0x0000c6d8                __aeabi_f2d
                0x0000c6d8                __extendsfdf2
                0x0000c714                __floatundidf
                0x0000c714                __aeabi_ul2d
                0x0000c724                __floatdidf
                0x0000c724                __aeabi_l2d
 .text          0x0000c780      0x424 c:/fehqt/proteus/gcc/bin/../lib/gcc/arm-none-eabi/4.6.2/armv7e-m\libgcc.a(_arm_muldivdf3.o)
                0x0000c780                __aeabi_dmul
                0x0000c780                __muldf3
                0x0000c9d4                __divdf3
                0x0000c9d4                __aeabi_ddiv
 .text          0x0000cba4      0x110 c:/fehqt/proteus/gcc/bin/../lib/gcc/arm-none-eabi/4.6.2/armv7e-m\libgcc.a(_arm_cmpdf2.o)
                0x0000cba4                __gtdf2
                0x0000cba4                __gedf2
                0x0000cbac                __ltdf2
                0x0000cbac                __ledf2
                0x0000cbb4                __nedf2
                0x0000cbb4                __eqdf2
                0x0000cbb4                __cmpdf2
                0x0000cc30                __aeabi_cdrcmple
                0x0000cc40                __aeabi_cdcmpeq
                0x0000cc40                __aeabi_cdcmple
                0x0000cc50                __aeabi_dcmpeq
                0x0000cc64                __aeabi_dcmplt
                0x0000cc78                __aeabi_dcmple
                0x0000cc8c                __aeabi_dcmpge
                0x0000cca0                __aeabi_dcmpgt
 .text          0x0000ccb4       0x50 c:/fehqt/proteus/gcc/bin/../lib/gcc/arm-none-eabi/4.6.2/armv7e-m\libgcc.a(_arm_fixdfsi.o)
                0x0000ccb4                __aeabi_d2iz
                0x0000ccb4                __fixdfsi
 .text          0x0000cd04       0x40 c:/fehqt/proteus/gcc/bin/../lib/gcc/arm-none-eabi/4.6.2/armv7e-m\libgcc.a(_arm_fixunsdfsi.o)
                0x0000cd04                __aeabi_d2uiz
                0x0000cd04                __fixunsdfsi
 .text          0x0000cd44       0xa0 c:/fehqt/proteus/gcc/bin/../lib/gcc/arm-none-eabi/4.6.2/armv7e-m\libgcc.a(_arm_truncdfsf2.o)
                0x0000cd44                __truncdfsf2
                0x0000cd44                __aeabi_d2f
 .text          0x0000cde4      0x21c c:/fehqt/proteus/gcc/bin/../lib/gcc/arm-none-eabi/4.6.2/armv7e-m\libgcc.a(_arm_addsubsf3.o)
                0x0000cde4                __aeabi_frsub
                0x0000cdec                __subsf3
                0x0000cdec                __aeabi_fsub
                0x0000cdf0                __aeabi_fadd
                0x0000cdf0                __addsf3
                0x0000cf50                __aeabi_ui2f
                0x0000cf50                __floatunsisf
                0x0000cf58                __aeabi_i2f
                0x0000cf58                __floatsisf
                0x0000cf74                __aeabi_ul2f
                0x0000cf74                __floatundisf
                0x0000cf84                __aeabi_l2f
                0x0000cf84                __floatdisf
 .text          0x0000d000      0x2a0 c:/fehqt/proteus/gcc/bin/../lib/gcc/arm-none-eabi/4.6.2/armv7e-m\libgcc.a(_arm_muldivsf3.o)
                0x0000d000                __mulsf3
                0x0000d000                __aeabi_fmul
                0x0000d168                __aeabi_fdiv
                0x0000d168                __divsf3
 .text          0x0000d2a0       0xec c:/fehqt/proteus/gcc/bin/../lib/gcc/arm-none-eabi/4.6.2/armv7e-m\libgcc.a(_arm_cmpsf2.o)
                0x0000d2a0                __gesf2
                0x0000d2a0                __gtsf2
                0x0000d2a8                __lesf2
                0x0000d2a8                __ltsf2
                0x0000d2b0                __nesf2
                0x0000d2b0                __eqsf2
                0x0000d2b0                __cmpsf2
                0x0000d310                __aeabi_cfrcmple
                0x0000d318                __aeabi_cfcmpeq
                0x0000d318                __aeabi_cfcmple
                0x0000d328                __aeabi_fcmpeq
                0x0000d33c                __aeabi_fcmplt
                0x0000d350                __aeabi_fcmple
                0x0000d364                __aeabi_fcmpge
                0x0000d378                __aeabi_fcmpgt
 .text          0x0000d38c       0x4c c:/fehqt/proteus/gcc/bin/../lib/gcc/arm-none-eabi/4.6.2/armv7e-m\libgcc.a(_arm_fixsfsi.o)
                0x0000d38c                __aeabi_f2iz
                0x0000d38c                __fixsfsi
 *(.text*)
 .text._ZSt5atan2ff
                0x0000d3d8       0x20 ..\robot.o
                0x0000d3d8                std::atan2(float, float)
 .text._ZSt3cosf
                0x0000d3f8       0x1c ..\robot.o
                0x0000d3f8                std::cos(float)
 .text._ZSt3sinf
                0x0000d414       0x1c ..\robot.o
                0x0000d414                std::sin(float)
 .text._ZSt3absf
                0x0000d430       0x1c ..\robot.o
                0x0000d430                std::abs(float)
 *fill*         0x0000d44c        0x4 00
 .text._Z9wrapAnglef
                0x0000d450       0x80 ..\robot.o
                0x0000d450                wrapAngle(float)
 .text._ZN5RobotC2Ev
                0x0000d4d0      0x150 ..\robot.o
                0x0000d4d0                Robot::Robot()
                0x0000d4d0                Robot::Robot()
 .text._ZN5Robot14moveToPositionE5Pointf
                0x0000d620       0x98 ..\robot.o
                0x0000d620                Robot::moveToPosition(Point, float)
 .text._ZN5Robot11moveAtAngleEff
                0x0000d6b8       0x78 ..\robot.o
                0x0000d6b8                Robot::moveAtAngle(float, float)
 .text._ZN5Robot7stopAllEv
                0x0000d730       0x38 ..\robot.o
                0x0000d730                Robot::stopAll()
 .text._ZN5Robot14updateLocationEv
                0x0000d768      0x248 ..\robot.o
                0x0000d768                Robot::updateLocation()
 .text._ZN5Robot8setMotorE6Motorsf
                0x0000d9b0       0xb0 ..\robot.o
                0x0000d9b0                Robot::setMotor(Motors, float)
 .text._ZN5Robot4stopE6Motors
                0x0000da60       0x68 ..\robot.o
                0x0000da60                Robot::stop(Motors)
 .text._ZN5Robot18waitMoveToLocationE5Pointf
                0x0000dac8      0x338 ..\robot.o
                0x0000dac8                Robot::waitMoveToLocation(Point, float)
 .text._ZN5Robot7waitForEf
                0x0000de00       0xac ..\robot.o
                0x0000de00                Robot::waitFor(float)
 .text._ZSt4fmodIfdENSt15__ewl_enable_ifIXaasrSt19__ewl_is_arithmeticIT_E5valuesrS1_IT0_E5valueENSt13__ewl_promoteIS2_S4_vE4typeEE4typeES2_S4_
                0x0000deac       0x34 ..\robot.o
                0x0000deac                std::__ewl_enable_if<(std::__ewl_is_arithmetic<float>::value)&&(std::__ewl_is_arithmetic<double>::value), std::__ewl_promote<float, double, void>::type>::type std::fmod<float, double>(float, double)
 .text.main     0x0000dee0      0x10c ..\main.o
                0x0000dee0                main
 .text.zero_fill_bss
                0x0000dfec       0x34 Startup\__arm_start.o
 .text.__thumb_startup
                0x0000e020       0x34 Startup\__arm_start.o
                0x0000e020                __thumb_startup
 .text.InitFEHProteus
                0x0000e054      0x15c Startup\__arm_start.o
                0x0000e054                InitFEHProteus
 .text.pll_init_bl
                0x0000e1b0      0x130 Startup\__arm_start.o
 .text.InitPowerButton
                0x0000e2e0       0x90 Startup\__arm_start.o
                0x0000e2e0                InitPowerButton
 .text._ExitProcess
                0x0000e370        0xc Startup\__arm_end.o
                0x0000e370                _ExitProcess
 .text.Default_Handler
                0x0000e37c        0xc Startup\kinetis_sysinit.o
                0x0000e37c                BusFault_Handler()
                0x0000e37c                HardFault_Handler()
                0x0000e37c                SysTick_Handler()
                0x0000e37c                PendSV_Handler()
                0x0000e37c                DebugMonitor_Handler()
                0x0000e37c                MemManage_Handler()
                0x0000e37c                NMI_Handler()
                0x0000e37c                SVC_Handler()
                0x0000e37c                Default_Handler
                0x0000e37c                UsageFault_Handler()
 .text.__init_hardware
                0x0000e388       0x44 Startup\kinetis_sysinit.o
                0x0000e388                __init_hardware
 .text._Z8PortDISRv
                0x0000e3cc       0x64 Startup\kinetis_sysinit.o
                0x0000e3cc                PortDISR()
 .text._ZN8FEHMotorC2ENS_12FEHMotorPortEf
                0x0000e430       0xb0 Libraries\FEHMotor.o
                0x0000e430                FEHMotor::FEHMotor(FEHMotor::FEHMotorPort, float)
                0x0000e430                FEHMotor::FEHMotor(FEHMotor::FEHMotorPort, float)
 .text._ZN8FEHMotor4StopEv
                0x0000e4e0       0x3c Libraries\FEHMotor.o
                0x0000e4e0                FEHMotor::Stop()
 .text._ZN8FEHMotor8SetPowerEi
                0x0000e51c       0x60 Libraries\FEHMotor.o
                0x0000e51c                FEHMotor::SetPower(int)
 *fill*         0x0000e57c        0x4 00
 .text._ZN8FEHMotor10SetPercentEf
                0x0000e580      0x158 Libraries\FEHMotor.o
                0x0000e580                FEHMotor::SetPercent(float)
 .text._Z21IIC_StartTransmissionhh
                0x0000e6d8       0x98 Drivers\i2c.o
                0x0000e6d8                IIC_StartTransmission(unsigned char, unsigned char)
 .text._Z5Pausev
                0x0000e770       0x34 Drivers\i2c.o
                0x0000e770                Pause()
 .text._Z21MMA8451QWriteRegisterhh
                0x0000e7a4      0x12c Drivers\i2c.o
                0x0000e7a4                MMA8451QWriteRegister(unsigned char, unsigned char)
 .text._Z12SPI_SendCharh
                0x0000e8d0       0x1c Drivers\spi.o
                0x0000e8d0                SPI_SendChar(unsigned char)
 .text._Z16SPI_WriteCommandhh
                0x0000e8ec       0x34 Drivers\spi.o
                0x0000e8ec                SPI_WriteCommand(unsigned char, unsigned char)
 .text._Z11SPI_GetCharv
                0x0000e920       0x14 Drivers\spi.o
                0x0000e920                SPI_GetChar()
 .text._Z15SPI_ReadCommandh
                0x0000e934       0x3c Drivers\spi.o
                0x0000e934                SPI_ReadCommand(unsigned char)
 .text._Z13SPI_CS_Assertv
                0x0000e970       0x24 Drivers\spi.o
                0x0000e970                SPI_CS_Assert()
 .text._Z15SPI_CS_Deassertv
                0x0000e994       0x24 Drivers\spi.o
                0x0000e994                SPI_CS_Deassert()
 .text._Z12SPI_Transferh
                0x0000e9b8       0x88 Drivers\spi.o
                0x0000e9b8                SPI_Transfer(unsigned char)
 .text._Z8SPI_Initv
                0x0000ea40       0xe8 Drivers\spi.o
                0x0000ea40                SPI_Init()
 .text._Z9uart_initPV11UART_MemMapii
                0x0000eb28      0x20c Drivers\uart.o
                0x0000eb28                uart_init(UART_MemMap volatile*, int, int)
 .text._Z12uart_getcharPV11UART_MemMap
                0x0000ed34       0x34 Drivers\uart.o
                0x0000ed34                uart_getchar(UART_MemMap volatile*)
 .text._Z12uart_putcharPV11UART_MemMapc
                0x0000ed68       0x38 Drivers\uart.o
                0x0000ed68                uart_putchar(UART_MemMap volatile*, char)
 .text._ZL7mem_cpyPvPKvj
                0x0000eda0       0x50 Drivers\ff.o
 .text._ZL7mem_setPvij
                0x0000edf0       0x44 Drivers\ff.o
 .text._ZL7mem_cmpPKvS0_j
                0x0000ee34       0x7c Drivers\ff.o
 .text._ZL7chk_chrPKci
                0x0000eeb0       0x48 Drivers\ff.o
 .text._ZL11move_windowP5FATFSm
                0x0000eef8       0xf0 Drivers\ff.o
 .text._ZL4syncP5FATFS
                0x0000efe8      0x188 Drivers\ff.o
 .text._Z10clust2sectP5FATFSm
                0x0000f170       0x44 Drivers\ff.o
                0x0000f170                clust2sect(FATFS*, unsigned long)
 .text._Z7get_fatP5FATFSm
                0x0000f1b4      0x1d4 Drivers\ff.o
                0x0000f1b4                get_fat(FATFS*, unsigned long)
 .text._Z7put_fatP5FATFSmm
                0x0000f388      0x268 Drivers\ff.o
                0x0000f388                put_fat(FATFS*, unsigned long, unsigned long)
 .text._ZL12remove_chainP5FATFSm
                0x0000f5f0       0xbc Drivers\ff.o
 .text._ZL12create_chainP5FATFSm
                0x0000f6ac      0x130 Drivers\ff.o
 .text._ZL10clmt_clustP3FILm
                0x0000f7dc       0x70 Drivers\ff.o
 .text._ZL7dir_sdiP3DIRt
                0x0000f84c      0x124 Drivers\ff.o
 .text._ZL8dir_nextP3DIRi
                0x0000f970      0x1fc Drivers\ff.o
 .text._ZL8dir_findP3DIR
                0x0000fb6c       0xbc Drivers\ff.o
 .text._ZL12dir_registerP3DIR
                0x0000fc28       0xcc Drivers\ff.o
 .text._ZL11create_nameP3DIRPPKc
                0x0000fcf4      0x250 Drivers\ff.o
 .text._ZL11follow_pathP3DIRPKc
                0x0000ff44      0x150 Drivers\ff.o
 .text._ZL8check_fsP5FATFSm
                0x00010094       0xf0 Drivers\ff.o
 .text._ZL11chk_mountedPPKcPP5FATFSh
                0x00010184      0x5f8 Drivers\ff.o
 .text._ZL8validateP5FATFSt
                0x0001077c       0x54 Drivers\ff.o
 .text._Z7f_mounthP5FATFS
                0x000107d0       0x64 Drivers\ff.o
                0x000107d0                f_mount(unsigned char, FATFS*)
 .text._Z6f_openP3FILPKch
                0x00010834      0x358 Drivers\ff.o
                0x00010834                f_open(FIL*, char const*, unsigned char)
 .text._Z7f_writeP3FILPKvjPj
                0x00010b8c      0x39c Drivers\ff.o
                0x00010b8c                f_write(FIL*, void const*, unsigned int, unsigned int*)
 .text._Z6f_syncP3FIL
                0x00010f28      0x1c0 Drivers\ff.o
                0x00010f28                f_sync(FIL*)
 .text._Z7f_closeP3FIL
                0x000110e8       0x2c Drivers\ff.o
                0x000110e8                f_close(FIL*)
 .text._Z6f_putccP3FIL
                0x00011114       0x44 Drivers\ff.o
                0x00011114                f_putc(char, FIL*)
 .text._Z6f_putsPKcP3FIL
                0x00011158       0x64 Drivers\ff.o
                0x00011158                f_puts(char const*, FIL*)
 .text._Z5powerii
                0x000111bc       0x50 Drivers\ff.o
                0x000111bc                power(int, int)
 .text._Z8f_printfP3FILPKcSt9__va_list
                0x0001120c      0x76c Drivers\ff.o
                0x0001120c                f_printf(FIL*, char const*, std::__va_list)
 .text._ZL17SDHC_set_baudratemm
                0x00011978      0x14c Drivers\SDHC.o
 .text._Z9SDHC_initP17esdhc_info_structPK17esdhc_init_struct
                0x00011ac4      0x1c4 Drivers\SDHC.o
                0x00011ac4                SDHC_init(esdhc_info_struct*, esdhc_init_struct const*)
 .text._ZL15SDHC_is_runningv
                0x00011c88       0x28 Drivers\SDHC.o
 .text._ZL16SDHC_status_waitm
                0x00011cb0       0x38 Drivers\SDHC.o
 .text._ZL17SDHC_send_commandP20esdhc_command_struct
                0x00011ce8      0x2a0 Drivers\SDHC.o
 .text._Z10SDHC_ioctlmPv
                0x00011f88      0x978 Drivers\SDHC.o
                0x00011f88                SDHC_ioctl(unsigned long, void*)
 .text._Z15disk_initializeh
                0x00012900      0x448 Drivers\SDHC.o
                0x00012900                disk_initialize(unsigned char)
 .text._ZL14rcvr_datablockPhm
                0x00012d48      0x134 Drivers\SDHC.o
 .text._Z9disk_readhPhmh
                0x00012e7c      0x13c Drivers\SDHC.o
                0x00012e7c                disk_read(unsigned char, unsigned char*, unsigned long, unsigned char)
 .text._ZL14xmit_datablockPKhm
                0x00012fb8       0xe0 Drivers\SDHC.o
 .text._Z10disk_writehPKhmh
                0x00013098      0x1cc Drivers\SDHC.o
                0x00013098                disk_write(unsigned char, unsigned char const*, unsigned long, unsigned char)
 .text._Z10disk_ioctlhhPv
                0x00013264      0x128 Drivers\SDHC.o
                0x00013264                disk_ioctl(unsigned char, unsigned char, void*)
 .text._Z11disk_statush
                0x0001338c       0x30 Drivers\SDHC.o
                0x0001338c                disk_status(unsigned char)
 .text._Z13time_delay_msm
                0x000133bc       0xa4 Drivers\lptmr.o
                0x000133bc                time_delay_ms(unsigned long)
 .text._Z41__static_initialization_and_destruction_0ii
                0x00013460       0x30 FEHProteus.o
 .text._GLOBAL__sub_I_Propeller
                0x00013490       0x14 FEHProteus.o
 .text._ZN12FEHPropellerC2Ev
                0x000134a4       0x20 Drivers\FEHPropeller.o
                0x000134a4                FEHPropeller::FEHPropeller()
                0x000134a4                FEHPropeller::FEHPropeller()
 .text._ZN12FEHPropeller10InitializeEv
                0x000134c4       0x94 Drivers\FEHPropeller.o
                0x000134c4                FEHPropeller::Initialize()
 .text._ZN12FEHPropeller12SetMotorRateEhhh
                0x00013558       0x78 Drivers\FEHPropeller.o
                0x00013558                FEHPropeller::SetMotorRate(unsigned char, unsigned char, unsigned char)
 .text._ZL5Delaymjj
                0x000135d0       0xc4 Libraries\FEHUtility.o
 .text._Z5Sleepi
                0x00013694       0x34 Libraries\FEHUtility.o
                0x00013694                Sleep(int)
 .text._Z5Sleepd
                0x000136c8       0x58 Libraries\FEHUtility.o
                0x000136c8                Sleep(double)
 .text._Z7TimeNowv
                0x00013720       0x70 Libraries\FEHUtility.o
                0x00013720                TimeNow()
 .text._Z11TimeNowMSecv
                0x00013790       0x44 Libraries\FEHUtility.o
                0x00013790                TimeNowMSec()
 .text._ZN15DigitalInputPinC2EN5FEHIO8FEHIOPinE
                0x000137d4       0x24 Libraries\FEHIO.o
                0x000137d4                DigitalInputPin::DigitalInputPin(FEHIO::FEHIOPin)
                0x000137d4                DigitalInputPin::DigitalInputPin(FEHIO::FEHIOPin)
 .text._ZN15DigitalInputPin10InitializeEN5FEHIO8FEHIOPinE
                0x000137f8      0x224 Libraries\FEHIO.o
                0x000137f8                DigitalInputPin::Initialize(FEHIO::FEHIOPin)
 .text._ZN15DigitalInputPin5ValueEv
                0x00013a1c      0x148 Libraries\FEHIO.o
                0x00013a1c                DigitalInputPin::Value()
 .text._Z9portB_isrv
                0x00013b64       0xd4 Libraries\FEHIO.o
                0x00013b64                portB_isr()
 .text._Z9portC_isrv
                0x00013c38       0xd8 Libraries\FEHIO.o
                0x00013c38                portC_isr()
 .text._Z9portA_isrv
                0x00013d10       0xd8 Libraries\FEHIO.o
                0x00013d10                portA_isr()
 .text._Z9portE_isrv
                0x00013de8       0xd0 Libraries\FEHIO.o
                0x00013de8                portE_isr()
 .text._ZN14AnalogInputPinC2EN5FEHIO8FEHIOPinE
                0x00013eb8       0x20 Libraries\FEHIO.o
                0x00013eb8                AnalogInputPin::AnalogInputPin(FEHIO::FEHIOPin)
                0x00013eb8                AnalogInputPin::AnalogInputPin(FEHIO::FEHIOPin)
 .text._ZN13AnalogEncoder12EncoderValueEv
                0x00013ed8       0xe4 Libraries\FEHIO.o
                0x00013ed8                AnalogEncoder::EncoderValue()
 .text._ZN14AnalogInputPin8InitADCsEv
                0x00013fbc      0x120 Libraries\FEHIO.o
                0x00013fbc                AnalogInputPin::InitADCs()
 .text._Z8pit0_isrv
                0x000140dc       0x34 Libraries\FEHIO.o
                0x000140dc                pit0_isr()
 .text._ZN13AnalogEncoder4InitEv
                0x00014110       0x64 Libraries\FEHIO.o
                0x00014110                AnalogEncoder::Init()
 .text._ZN13AnalogEncoder14SetCounterInitEj
                0x00014174       0x20 Libraries\FEHIO.o
                0x00014174                AnalogEncoder::SetCounterInit(unsigned int)
 .text._ZN13AnalogEncoder10ProcessIntEv
                0x00014194       0x80 Libraries\FEHIO.o
                0x00014194                AnalogEncoder::ProcessInt()
 .text._ZN13AnalogEncoder14ProcessIntSelfEv
                0x00014214       0x80 Libraries\FEHIO.o
                0x00014214                AnalogEncoder::ProcessIntSelf()
 .text._Z7ADC_CalPV10ADC_MemMap
                0x00014294      0x14c Drivers\adc16.o
                0x00014294                ADC_Cal(ADC_MemMap volatile*)
 .text._Z14ADC_Config_AltPV10ADC_MemMapP7adc_cfg
                0x000143e0       0x6c Drivers\adc16.o
                0x000143e0                ADC_Config_Alt(ADC_MemMap volatile*, adc_cfg*)
 .text._ZN9FEHBuzzerC2Ev
                0x0001444c       0x18 Libraries\FEHBuzzer.o
                0x0001444c                FEHBuzzer::FEHBuzzer()
                0x0001444c                FEHBuzzer::FEHBuzzer()
 .text._Z41__static_initialization_and_destruction_0ii
                0x00014464       0x30 Libraries\FEHBuzzer.o
 .text._GLOBAL__sub_I_Buzzer
                0x00014494       0x14 Libraries\FEHBuzzer.o
 .text._ZN8FEHServoC2ENS_12FEHServoPortE
                0x000144a8       0x3c Libraries\FEHServo.o
                0x000144a8                FEHServo::FEHServo(FEHServo::FEHServoPort)
                0x000144a8                FEHServo::FEHServo(FEHServo::FEHServoPort)
 .text._ZN8FEHServo6SetMinEi
                0x000144e4       0x3c Libraries\FEHServo.o
                0x000144e4                FEHServo::SetMin(int)
 .text._ZN8FEHServo6SetMaxEi
                0x00014520       0x3c Libraries\FEHServo.o
                0x00014520                FEHServo::SetMax(int)
 *fill*         0x0001455c        0x4 00
 .text._ZN8FEHServo9SetDegreeEf
                0x00014560      0x148 Libraries\FEHServo.o
                0x00014560                FEHServo::SetDegree(float)
 .text._ZN6FEHLCD11_InitializeEv
                0x000146a8      0x5dc Libraries\FEHLCD.o
                0x000146a8                FEHLCD::_Initialize()
 .text._ZN6FEHLCDC2Ev
                0x00014c84       0x64 Libraries\FEHLCD.o
                0x00014c84                FEHLCD::FEHLCD()
                0x00014c84                FEHLCD::FEHLCD()
 .text._ZN6FEHLCD10InitializeEv
                0x00014ce8       0x38 Libraries\FEHLCD.o
                0x00014ce8                FEHLCD::Initialize()
 .text._ZN6FEHLCD10PrintImageEii
                0x00014d20      0x100 Libraries\FEHLCD.o
                0x00014d20                FEHLCD::PrintImage(int, int)
 .text._ZN6FEHLCD9PrintLogoEii
                0x00014e20      0x100 Libraries\FEHLCD.o
                0x00014e20                FEHLCD::PrintLogo(int, int)
 .text._ZN6FEHLCD22ConvertFEHColorTo24BitENS_11FEHLCDColorE
                0x00014f20       0x80 Libraries\FEHLCD.o
                0x00014f20                FEHLCD::ConvertFEHColorTo24Bit(FEHLCD::FEHLCDColor)
 .text._ZN6FEHLCD24Convert24BitColorTo16BitEj
                0x00014fa0       0x40 Libraries\FEHLCD.o
                0x00014fa0                FEHLCD::Convert24BitColorTo16Bit(unsigned int)
 .text._ZN6FEHLCD22ConvertRGBColorTo16BitEhhh
                0x00014fe0       0x44 Libraries\FEHLCD.o
                0x00014fe0                FEHLCD::ConvertRGBColorTo16Bit(unsigned char, unsigned char, unsigned char)
 .text._ZN6FEHLCD5ClearENS_11FEHLCDColorE
                0x00015024       0x28 Libraries\FEHLCD.o
                0x00015024                FEHLCD::Clear(FEHLCD::FEHLCDColor)
 .text._ZN6FEHLCD5ClearEj
                0x0001504c       0x2c Libraries\FEHLCD.o
                0x0001504c                FEHLCD::Clear(unsigned int)
 .text._ZN6FEHLCD5ClearEv
                0x00015078       0x18 Libraries\FEHLCD.o
                0x00015078                FEHLCD::Clear()
 .text._ZN6FEHLCD18SetBackgroundColorENS_11FEHLCDColorE
                0x00015090       0x28 Libraries\FEHLCD.o
                0x00015090                FEHLCD::SetBackgroundColor(FEHLCD::FEHLCDColor)
 .text._ZN6FEHLCD18SetBackgroundColorEj
                0x000150b8       0x28 Libraries\FEHLCD.o
                0x000150b8                FEHLCD::SetBackgroundColor(unsigned int)
 .text._ZN6FEHLCD12SetFontColorENS_11FEHLCDColorE
                0x000150e0       0x28 Libraries\FEHLCD.o
                0x000150e0                FEHLCD::SetFontColor(FEHLCD::FEHLCDColor)
 .text._ZN6FEHLCD12SetFontColorEj
                0x00015108       0x28 Libraries\FEHLCD.o
                0x00015108                FEHLCD::SetFontColor(unsigned int)
 .text._ZN6FEHLCD7WriteAtEPKcii
                0x00015130       0x58 Libraries\FEHLCD.o
                0x00015130                FEHLCD::WriteAt(char const*, int, int)
 .text._ZN6FEHLCD7WriteAtEfii
                0x00015188       0xf8 Libraries\FEHLCD.o
                0x00015188                FEHLCD::WriteAt(float, int, int)
 .text._ZN6FEHLCD11TS_SPI_InitEv
                0x00015280       0xa8 Libraries\FEHLCD.o
                0x00015280                FEHLCD::TS_SPI_Init()
 .text._ZN6FEHLCD5TouchEPfS0_
                0x00015328      0x240 Libraries\FEHLCD.o
                0x00015328                FEHLCD::Touch(float*, float*)
 .text._ZN6FEHLCD3absEi
                0x00015568       0x28 Libraries\FEHLCD.o
                0x00015568                FEHLCD::abs(int)
 .text._ZN6FEHLCD7WriteRCEPKcii
                0x00015590       0x40 Libraries\FEHLCD.o
                0x00015590                FEHLCD::WriteRC(char const*, int, int)
 .text._ZN6FEHLCD7WriteRCEfii
                0x000155d0       0x40 Libraries\FEHLCD.o
                0x000155d0                FEHLCD::WriteRC(float, int, int)
 .text._ZN6FEHLCD5WriteEPKc
                0x00015610       0x5c Libraries\FEHLCD.o
                0x00015610                FEHLCD::Write(char const*)
 .text._ZN6FEHLCD5WriteEi
                0x0001566c       0x34 Libraries\FEHLCD.o
                0x0001566c                FEHLCD::Write(int)
 .text._ZN6FEHLCD5WriteEc
                0x000156a0       0x30 Libraries\FEHLCD.o
                0x000156a0                FEHLCD::Write(char)
 .text._ZN6FEHLCD9WriteLineEPKc
                0x000156d0       0x28 Libraries\FEHLCD.o
                0x000156d0                FEHLCD::WriteLine(char const*)
 .text._ZN6FEHLCD9WriteLineEc
                0x000156f8       0x2c Libraries\FEHLCD.o
                0x000156f8                FEHLCD::WriteLine(char)
 .text._ZN6FEHLCD10WriteIndexEh
                0x00015724      0x288 Libraries\FEHLCD.o
                0x00015724                FEHLCD::WriteIndex(unsigned char)
 .text._ZN6FEHLCD14WriteParameterEh
                0x000159ac      0x254 Libraries\FEHLCD.o
                0x000159ac                FEHLCD::WriteParameter(unsigned char)
 .text._ZN6FEHLCD6_ClearEv
                0x00015c00      0x228 Libraries\FEHLCD.o
                0x00015c00                FEHLCD::_Clear()
 .text._ZN6FEHLCD8NextLineEv
                0x00015e28       0x30 Libraries\FEHLCD.o
                0x00015e28                FEHLCD::NextLine()
 .text._ZN6FEHLCD9CheckLineEv
                0x00015e58       0x2c Libraries\FEHLCD.o
                0x00015e58                FEHLCD::CheckLine()
 .text._ZN6FEHLCD8NextCharEv
                0x00015e84       0x34 Libraries\FEHLCD.o
                0x00015e84                FEHLCD::NextChar()
 .text._ZN6FEHLCD9DrawPixelEii
                0x00015eb8       0x30 Libraries\FEHLCD.o
                0x00015eb8                FEHLCD::DrawPixel(int, int)
 .text._Z4SwapRiS_
                0x00015ee8       0x28 Libraries\FEHLCD.o
                0x00015ee8                Swap(int&, int&)
 .text._ZN6FEHLCD13DrawRectangleEiiii
                0x00015f10       0x80 Libraries\FEHLCD.o
                0x00015f10                FEHLCD::DrawRectangle(int, int, int, int)
 .text._ZN6FEHLCD13SetDrawRegionEiiii
                0x00015f90      0x10c Libraries\FEHLCD.o
                0x00015f90                FEHLCD::SetDrawRegion(int, int, int, int)
 .text._ZN6FEHLCD8DrawLineEiiii
                0x0001609c      0x17c Libraries\FEHLCD.o
                0x0001609c                FEHLCD::DrawLine(int, int, int, int)
 .text._ZN6FEHLCD9WriteCharEiic
                0x00016218       0x40 Libraries\FEHLCD.o
                0x00016218                FEHLCD::WriteChar(int, int, char)
 .text._ZN6FEHLCD11WriteCharAtEiic
                0x00016258      0x278 Libraries\FEHLCD.o
                0x00016258                FEHLCD::WriteCharAt(int, int, char)
 .text._ZN6FEHLCD11RepeatColorEv
                0x000164d0       0xbc Libraries\FEHLCD.o
                0x000164d0                FEHLCD::RepeatColor()
 .text._ZN6FEHLCD10_ForePixelEv
                0x0001658c      0x160 Libraries\FEHLCD.o
                0x0001658c                FEHLCD::_ForePixel()
 .text._ZN6FEHLCD10_BackPixelEv
                0x000166ec      0x160 Libraries\FEHLCD.o
                0x000166ec                FEHLCD::_BackPixel()
 .text._ZN6FEHLCD22SetRegisterColorValuesEv
                0x0001684c      0x4c0 Libraries\FEHLCD.o
                0x0001684c                FEHLCD::SetRegisterColorValues()
 .text._ZN7FEHIcon4IconC2Ev
                0x00016d0c       0x18 Libraries\FEHLCD.o
                0x00016d0c                FEHIcon::Icon::Icon()
                0x00016d0c                FEHIcon::Icon::Icon()
 .text._ZN7FEHIcon4Icon13SetPropertiesEPciiiijj
                0x00016d24       0x70 Libraries\FEHLCD.o
                0x00016d24                FEHIcon::Icon::SetProperties(char*, int, int, int, int, unsigned int, unsigned int)
 .text._ZN7FEHIcon4Icon4DrawEv
                0x00016d94       0xb0 Libraries\FEHLCD.o
                0x00016d94                FEHIcon::Icon::Draw()
 .text._ZN7FEHIcon4Icon6SelectEv
                0x00016e44       0xb8 Libraries\FEHLCD.o
                0x00016e44                FEHIcon::Icon::Select()
 .text._ZN7FEHIcon4Icon8DeselectEv
                0x00016efc       0xb4 Libraries\FEHLCD.o
                0x00016efc                FEHIcon::Icon::Deselect()
 .text._ZN7FEHIcon4Icon7PressedEffi
                0x00016fb0      0x1dc Libraries\FEHLCD.o
                0x00016fb0                FEHIcon::Icon::Pressed(float, float, int)
 .text._ZN7FEHIcon4Icon12WhilePressedEff
                0x0001718c       0x5c Libraries\FEHLCD.o
                0x0001718c                FEHIcon::Icon::WhilePressed(float, float)
 .text._ZN7FEHIcon13DrawIconArrayEPNS_4IconEiiiiiiPA20_cjj
                0x000171e8      0x194 Libraries\FEHLCD.o
                0x000171e8                FEHIcon::DrawIconArray(FEHIcon::Icon*, int, int, int, int, int, int, char (*) [20], unsigned int, unsigned int)
 .text._Z41__static_initialization_and_destruction_0ii
                0x0001737c       0x30 Libraries\FEHLCD.o
 .text._GLOBAL__sub_I_image
                0x000173ac       0x14 Libraries\FEHLCD.o
 .text._ZN8FEHAccelC2Ev
                0x000173c0       0x8c Libraries\FEHAccel.o
                0x000173c0                FEHAccel::FEHAccel()
                0x000173c0                FEHAccel::FEHAccel()
 .text._Z41__static_initialization_and_destruction_0ii
                0x0001744c       0x30 Libraries\FEHAccel.o
 .text._GLOBAL__sub_I_Accel
                0x0001747c       0x14 Libraries\FEHAccel.o
 .text._ZN10FEHBatteryC2EN5FEHIO8FEHIOPinE
                0x00017490       0x24 Libraries\FEHBattery.o
                0x00017490                FEHBattery::FEHBattery(FEHIO::FEHIOPin)
                0x00017490                FEHBattery::FEHBattery(FEHIO::FEHIOPin)
 .text._Z41__static_initialization_and_destruction_0ii
                0x000174b4       0x34 Libraries\FEHBattery.o
 .text._GLOBAL__sub_I_Battery
                0x000174e8       0x14 Libraries\FEHBattery.o
 .text._ZN7FEHXBeeC2Ev
                0x000174fc       0x20 Drivers\FEHXBee.o
                0x000174fc                FEHXBee::FEHXBee()
                0x000174fc                FEHXBee::FEHXBee()
 .text._ZN7FEHXBee10InitializeEv
                0x0001751c      0x148 Drivers\FEHXBee.o
                0x0001751c                FEHXBee::Initialize()
 .text._ZN7FEHXBee13IsInitializedEv
                0x00017664       0x18 Drivers\FEHXBee.o
                0x00017664                FEHXBee::IsInitialized()
 .text._ZN7FEHXBee17ReceiveDataSearchEPcjh
                0x0001767c       0xb4 Drivers\FEHXBee.o
                0x0001767c                FEHXBee::ReceiveDataSearch(char*, unsigned int, unsigned char)
 .text._ZN7FEHXBee8SendDataEPcj
                0x00017730       0x50 Drivers\FEHXBee.o
                0x00017730                FEHXBee::SendData(char*, unsigned int)
 .text._ZN7FEHXBee17SetPacketCallBackEPFvPhhE
                0x00017780       0x20 Drivers\FEHXBee.o
                0x00017780                FEHXBee::SetPacketCallBack(void (*)(unsigned char*, unsigned char))
 .text._Z9UART0_ISRv
                0x000177a0      0x174 Drivers\FEHXBee.o
                0x000177a0                UART0_ISR()
 .text._ZN6FEHRPSC2Ev
                0x00017914       0x88 Libraries\FEHRPS.o
                0x00017914                FEHRPS::FEHRPS()
                0x00017914                FEHRPS::FEHRPS()
 .text._ZN6FEHRPS10InitializeEi
                0x0001799c      0x8b4 Libraries\FEHRPS.o
                0x0001799c                FEHRPS::Initialize(int)
 .text._ZN6FEHRPS10InitializeEc
                0x00018250       0x4c Libraries\FEHRPS.o
                0x00018250                FEHRPS::Initialize(char)
 .text._ZN6FEHRPS19InitializeTouchMenuEv
                0x0001829c      0x908 Libraries\FEHRPS.o
                0x0001829c                FEHRPS::InitializeTouchMenu()
 .text._ZN6FEHRPS19CurrentRegionLetterEv
                0x00018ba4       0x20 Libraries\FEHRPS.o
                0x00018ba4                FEHRPS::CurrentRegionLetter()
 .text._ZN6FEHRPS13WaitForPacketEv
                0x00018bc4       0x78 Libraries\FEHRPS.o
                0x00018bc4                FEHRPS::WaitForPacket()
 .text._ZN6FEHRPS1XEv
                0x00018c3c       0x20 Libraries\FEHRPS.o
                0x00018c3c                FEHRPS::X()
 .text._ZN6FEHRPS1YEv
                0x00018c5c       0x20 Libraries\FEHRPS.o
                0x00018c5c                FEHRPS::Y()
 .text._ZN6FEHRPS7HeadingEv
                0x00018c7c       0x20 Libraries\FEHRPS.o
                0x00018c7c                FEHRPS::Heading()
 .text._Z14RPSDataProcessPhh
                0x00018c9c      0x164 Libraries\FEHRPS.o
                0x00018c9c                RPSDataProcess(unsigned char*, unsigned char)
 .text._Z41__static_initialization_and_destruction_0ii
                0x00018e00       0x30 Libraries\FEHRPS.o
 .text._GLOBAL__sub_I_RPS
                0x00018e30       0x14 Libraries\FEHRPS.o
 .text._ZN5FEHSDC2Ev
                0x00018e44       0x24 Libraries\FEHSD.o
                0x00018e44                FEHSD::FEHSD()
                0x00018e44                FEHSD::FEHSD()
 .text._ZN5FEHSD7OpenLogEv
                0x00018e68      0x1a4 Libraries\FEHSD.o
                0x00018e68                FEHSD::OpenLog()
 .text._ZN5FEHSD8CloseLogEv
                0x0001900c       0x38 Libraries\FEHSD.o
                0x0001900c                FEHSD::CloseLog()
 .text._ZN5FEHSD6PrintfEPKcz
                0x00019044       0x30 Libraries\FEHSD.o
                0x00019044                FEHSD::Printf(char const*, ...)
 .text._ZN5FEHSD10InitializeEv
                0x00019074      0x118 Libraries\FEHSD.o
                0x00019074                FEHSD::Initialize()
 .text._Z41__static_initialization_and_destruction_0ii
                0x0001918c       0x30 Libraries\FEHSD.o
 .text._GLOBAL__sub_I_SD
                0x000191bc       0x14 Libraries\FEHSD.o
 .text.cosf     0x000191d0       0x98 C:\fehqt\Proteus/EWL/lib/armv7e-m\libm.a(s_cosf.o)
                0x000191d0                cosf
 .text.floor    0x00019268      0x118 C:\fehqt\Proteus/EWL/lib/armv7e-m\libm.a(s_floor.o)
                0x00019268                floor
 .text.sinf     0x00019380       0x88 C:\fehqt\Proteus/EWL/lib/armv7e-m\libm.a(s_sinf.o)
                0x00019380                sinf
 .text.atan2f   0x00019408        0x4 C:\fehqt\Proteus/EWL/lib/armv7e-m\libm.a(w_atan2f.o)
                0x00019408                atan2f
 .text.fmod     0x0001940c        0x4 C:\fehqt\Proteus/EWL/lib/armv7e-m\libm.a(w_fmod.o)
                0x0001940c                fmod
 .text.__ieee754_atan2f
                0x00019410      0x130 C:\fehqt\Proteus/EWL/lib/armv7e-m\libm.a(e_atan2f.o)
                0x00019410                __ieee754_atan2f
 .text.__ieee754_fmod
                0x00019540      0x244 C:\fehqt\Proteus/EWL/lib/armv7e-m\libm.a(e_fmod.o)
                0x00019540                __ieee754_fmod
 .text.__ieee754_rem_pio2f
                0x00019784      0x2ac C:\fehqt\Proteus/EWL/lib/armv7e-m\libm.a(e_rem_pio2f.o)
                0x00019784                __ieee754_rem_pio2f
 .text.__kernel_cosf
                0x00019a30      0x138 C:\fehqt\Proteus/EWL/lib/armv7e-m\libm.a(k_cosf.o)
                0x00019a30                __kernel_cosf
 .text.__kernel_rem_pio2f
                0x00019b68      0x5e8 C:\fehqt\Proteus/EWL/lib/armv7e-m\libm.a(k_rem_pio2f.o)
                0x00019b68                __kernel_rem_pio2f
 .text.__kernel_sinf
                0x0001a150       0xf4 C:\fehqt\Proteus/EWL/lib/armv7e-m\libm.a(k_sinf.o)
                0x0001a150                __kernel_sinf
 .text.atanf    0x0001a244      0x240 C:\fehqt\Proteus/EWL/lib/armv7e-m\libm.a(s_atanf.o)
                0x0001a244                atanf
 .text.floorf   0x0001a484       0x84 C:\fehqt\Proteus/EWL/lib/armv7e-m\libm.a(s_floorf.o)
                0x0001a484                floorf
 .text.scalbnf  0x0001a508       0xac C:\fehqt\Proteus/EWL/lib/armv7e-m\libm.a(s_scalbnf.o)
                0x0001a508                scalbnf
 .text.sprintf  0x0001a5b4       0x1c C:\fehqt\Proteus/EWL/lib/armv7e-m\libc.a(sprintf.o)
                0x0001a5b4                sprintf
 .text.__StringWrite
                0x0001a5d0       0x28 C:\fehqt\Proteus/EWL/lib/armv7e-m\libc.a(vsnprintf.o)
                0x0001a5d0                __StringWrite
 .text.vsnprintf
                0x0001a5f8       0x34 C:\fehqt\Proteus/EWL/lib/armv7e-m\libc.a(vsnprintf.o)
                0x0001a5f8                vsnprintf
 .text.exit     0x0001a62c       0x38 C:\fehqt\Proteus/EWL/lib/armv7e-m\libc.a(exit.o)
                0x0001a62c                exit
 .text.memcpy   0x0001a664       0x12 C:\fehqt\Proteus/EWL/lib/armv7e-m\libc.a(memcpy.o)
                0x0001a664                memcpy
 .text.memset   0x0001a676        0xc C:\fehqt\Proteus/EWL/lib/armv7e-m\libc.a(memset.o)
                0x0001a676                memset
 .text.strcpy   0x0001a682       0x18 C:\fehqt\Proteus/EWL/lib/armv7e-m\libc.a(strcpy.o)
                0x0001a682                strcpy
 .text.strlen   0x0001a69a       0x10 C:\fehqt\Proteus/EWL/lib/armv7e-m\libc.a(strlen.o)
                0x0001a69a                strlen
 .text.long2str.isra.0
                0x0001a6aa      0x196 C:\fehqt\Proteus/EWL/lib/armv7e-m\libc.a(printformat_.o)
 .text.__pformatter_
                0x0001a840      0x3f8 C:\fehqt\Proteus/EWL/lib/armv7e-m\libc.a(printformat_.o)
                0x0001a840                __pformatter_
 .text.__sformatter
                0x0001ac38      0x74e C:\fehqt\Proteus/EWL/lib/armv7e-m\libc.a(scanformat_.o)
                0x0001ac38                __sformatter
 *fill*         0x0001b386        0x2 00
 .text.isalpha  0x0001b388       0x1c C:\fehqt\Proteus/EWL/lib/armv7e-m\libc.a(ctype_aeabi.o)
                0x0001b388                isalpha
 .text.isspace  0x0001b3a4       0x1c C:\fehqt\Proteus/EWL/lib/armv7e-m\libc.a(ctype_aeabi.o)
                0x0001b3a4                isspace
 .text.toupper  0x0001b3c0        0xc C:\fehqt\Proteus/EWL/lib/armv7e-m\libc.a(ctype_aeabi.o)
                0x0001b3c0                toupper
 .text.__strtoul
                0x0001b3cc      0x1dc C:\fehqt\Proteus/EWL/lib/armv7e-m\libc.a(__strtoul.o)
                0x0001b3cc                __strtoul
 .text.__fill_mem
                0x0001b5a8       0x76 C:\fehqt\Proteus/EWL/lib/armv7e-m\libc.a(__filll_mem.o)
                0x0001b5a8                __fill_mem
 .text.memchr   0x0001b61e       0x1a C:\fehqt\Proteus/EWL/lib/armv7e-m\libc.a(memchr.o)
                0x0001b61e                memchr
 .text.strchr   0x0001b638       0x1c C:\fehqt\Proteus/EWL/lib/armv7e-m\libc.a(strchr.o)
                0x0001b638                strchr
 .text.__init_cpp
                0x0001b654       0x4c C:\fehqt\Proteus/EWL/lib/armv7e-m\librt.a(gcc_ctor_dtor.o)
                0x0001b654                __init_cpp
 .text.__fini_cpp
                0x0001b6a0       0x34 C:\fehqt\Proteus/EWL/lib/armv7e-m\librt.a(gcc_ctor_dtor.o)
                0x0001b6a0                __fini_cpp
 .text.__copy_rom_section
                0x0001b6d4       0x44 C:\fehqt\Proteus/EWL/lib/armv7e-m\librt.a(ROMCopy.o)
                0x0001b6d4                __copy_rom_section
 .text.__copy_rom_sections_to_ram
                0x0001b718       0x34 C:\fehqt\Proteus/EWL/lib/armv7e-m\librt.a(ROMCopy.o)
                0x0001b718                __copy_rom_sections_to_ram
 .text.__destroy_global_chain
                0x0001b74c       0x1c C:\fehqt\Proteus/EWL/lib/armv7e-m\librt.a(__arm_eabi_init.o)
                0x0001b74c                __destroy_global_chain
 .text.__init_registers
                0x0001b768       0x20 C:\fehqt\Proteus/EWL/lib/armv7e-m\librt.a(__arm_eabi_init.o)
                0x0001b768                __init_registers
 .text.__init_user
                0x0001b788        0x4 C:\fehqt\Proteus/EWL/lib/armv7e-m\librt.a(__arm_eabi_init.o)
                0x0001b788                __init_user
 *(.rodata)
 .rodata        0x0001b78c       0x88 ..\robot.o
 .rodata        0x0001b814       0x18 ..\main.o
 .rodata        0x0001b82c       0x10 Drivers\ff.o
 .rodata        0x0001b83c       0x78 Libraries\FEHIO.o
 .rodata        0x0001b8b4       0x34 Libraries\FEHLCD.o
 .rodata        0x0001b8e8      0x220 Libraries\FEHRPS.o
 .rodata        0x0001bb08       0xdc Libraries\FEHSD.o
 *(.rodata*)
 .rodata._ZZL11create_nameP3DIRPPKcE5excvt
                0x0001bbe4       0x80 Drivers\ff.o
 .rodata.K60_SDHC0_init
                0x0001bc64        0xc Drivers\SDHC.o
                0x0001bc64                K60_SDHC0_init
 .rodata._ZL21ESDHC_COMMAND_XFERTYP
                0x0001bc70      0x100 Drivers\SDHC.o
 .rodata._ZL9GPIOPorts
                0x0001bd70       0x20 Libraries\FEHIO.o
 .rodata._ZL10ADCNumbers
                0x0001bd90       0x24 Libraries\FEHIO.o
 .rodata._ZL14GPIOPinNumbers
                0x0001bdb4       0x80 Libraries\FEHIO.o
 .rodata._ZL16AnalogPinNumbers
                0x0001be34       0x84 Libraries\FEHIO.o
 .rodata.Zero   0x0001beb8       0x10 C:\fehqt\Proteus/EWL/lib/armv7e-m\libm.a(e_fmod.o)
 .rodata.npio2_hw
                0x0001bec8       0x80 C:\fehqt\Proteus/EWL/lib/armv7e-m\libm.a(e_rem_pio2f.o)
 .rodata.two_over_pi
                0x0001bf48      0x318 C:\fehqt\Proteus/EWL/lib/armv7e-m\libm.a(e_rem_pio2f.o)
 .rodata.init_jk
                0x0001c260        0xc C:\fehqt\Proteus/EWL/lib/armv7e-m\libm.a(k_rem_pio2f.o)
 .rodata.PIo2   0x0001c26c       0x2c C:\fehqt\Proteus/EWL/lib/armv7e-m\libm.a(k_rem_pio2f.o)
 .rodata.atanlo
                0x0001c298       0x10 C:\fehqt\Proteus/EWL/lib/armv7e-m\libm.a(s_atanf.o)
 .rodata.atanhi
                0x0001c2a8       0x10 C:\fehqt\Proteus/EWL/lib/armv7e-m\libm.a(s_atanf.o)
 .rodata.str1.1
                0x0001c2b8        0x1 C:\fehqt\Proteus/EWL/lib/armv7e-m\libc.a(printformat_.o)
 .rodata.__aeabi_ctype_table_C
                0x0001c2b9      0x101 C:\fehqt\Proteus/EWL/lib/armv7e-m\libc.a(ctype_aeabi.o)
                0x0001c2b9                __aeabi_ctype_table_C
 *(.glue_7)
 .glue_7        0x00000000        0x0 linker stubs
 *(.glue_7t)
 .glue_7t       0x00000000        0x0 linker stubs
 *(.eh_frame)
 *(.init)
 *(.fini)
                0x0001c3bc                . = ALIGN (0x4)
 *fill*         0x0001c3ba        0x2 00
                0x0001c3bc                _etext = .

.vfp11_veneer   0x0001c3bc        0x0
 .vfp11_veneer  0x00000000        0x0 linker stubs

.v4_bx          0x0001c3bc        0x0
 .v4_bx         0x00000000        0x0 linker stubs

.ARM.extab
 *(.ARM.extab* .gnu.linkonce.armextab.*)

.ARM            0x0001c3bc        0x0
                0x0001c3bc                __exidx_start = .
 *(.ARM.exidx*)
                0x0001c3bc                __exidx_end = .

.ctors          0x0001c3bc        0x0
                0x0001c3bc                __CTOR_LIST__ = .
 *crtbegin.o(.ctors)
 *(EXCLUDE_FILE(*crtend.o) .ctors)
 *(SORT(.ctors.*))
 *(.ctors)
                0x0001c3bc                __CTOR_END__ = .

.dtors          0x0001c3bc        0x0
                0x0001c3bc                __DTOR_LIST__ = .
 *crtbegin.o(.dtors)
 *(EXCLUDE_FILE(*crtend.o) .dtors)
 *(SORT(.dtors.*))
 *(.dtors)
                0x0001c3bc                __DTOR_END__ = .

.preinit_array  0x0001c3bc        0x0
                0x0001c3bc                PROVIDE (__preinit_array_start, .)
 *(.preinit_array*)
                0x0001c3bc                PROVIDE (__preinit_array_end, .)

.init_array     0x0001c3bc       0x1c
                0x0001c3bc                PROVIDE (__init_array_start, .)
 *(SORT(.init_array.*))
 *(.init_array*)
 .init_array    0x0001c3bc        0x4 FEHProteus.o
 .init_array    0x0001c3c0        0x4 Libraries\FEHBuzzer.o
 .init_array    0x0001c3c4        0x4 Libraries\FEHLCD.o
 .init_array    0x0001c3c8        0x4 Libraries\FEHAccel.o
 .init_array    0x0001c3cc        0x4 Libraries\FEHBattery.o
 .init_array    0x0001c3d0        0x4 Libraries\FEHRPS.o
 .init_array    0x0001c3d4        0x4 Libraries\FEHSD.o
                0x0001c3d8                PROVIDE (__init_array_end, .)

.fini_array     0x0001c3d8        0x0
                0x0001c3d8                PROVIDE (__fini_array_start, .)
 *(SORT(.fini_array.*))
 *(.fini_array*)
                0x0001c3d8                PROVIDE (__fini_array_end, .)
                0x0001c3d8                ___ROM_AT = .

.data           0x1fff0400      0xd1c load address 0x0001c3d8
                0x1fff0400                . = ALIGN (0x4)
                0x1fff0400                _sdata = .
 *(.data)
 *(.data*)
 .data._ZL4Stat
                0x1fff0400        0x1 Drivers\SDHC.o
 *fill*         0x1fff0401        0x3 00
 .data.image    0x1fff0404      0x750 Libraries\FEHLCD.o
                0x1fff0404                image
 .data.logo     0x1fff0b54      0x3e8 Libraries\FEHLCD.o
                0x1fff0b54                logo
 .data._ZN6FEHLCD8fontDataE
                0x1fff0f3c      0x1e0 Libraries\FEHLCD.o
                0x1fff0f3c                FEHLCD::fontData
                0x1fff111c                . = ALIGN (0x4)
                0x1fff111c                _edata = .
                0x00000d1c                ___data_size = (_edata - _sdata)
                0x0001d0f4                ___m_data2_ROMStart = (___ROM_AT + SIZEOF (.data))

.user_data2     0x20000000        0x0 load address 0x0001d0f4
                0x20000000                . = ALIGN (0x4)
                0x20000000                ___m_data2_RAMStart = .
 *(.data2)
                0x20000000                ___m_data2_RAMEnd = .
                0x20000000                . = ALIGN (0x4)
                0x00000000                ___m_data2_ROMSize = (___m_data2_RAMEnd - ___m_data2_RAMStart)
                0x20000000                . = ALIGN (0x4)

.bss            0x1fff111c      0x7f8 load address 0x0001d0f4
                0x1fff111c                __START_BSS = .
                0x1fff111c                PROVIDE (__bss_start__, __START_BSS)
 *(.bss)
 *(.bss*)
 .bss._ZL4argv  0x1fff111c        0x4 Startup\__arm_start.o
 .bss.MasterTransmission
                0x1fff1120        0x1 Drivers\i2c.o
                0x1fff1120                MasterTransmission
 .bss.SlaveID   0x1fff1121        0x1 Drivers\i2c.o
                0x1fff1121                SlaveID
 *fill*         0x1fff1122        0x2 00
 .bss._ZL5FatFs
                0x1fff1124        0x4 Drivers\ff.o
 .bss._ZL4Fsid  0x1fff1128        0x2 Drivers\ff.o
 .bss._ZL7CurrVol
                0x1fff112a        0x1 Drivers\ff.o
 *fill*         0x1fff112b        0x1 00
 .bss.SDHC_Card
                0x1fff112c       0x14 Drivers\SDHC.o
                0x1fff112c                SDHC_Card
 .bss.SDHC_Init
                0x1fff1140        0x4 Drivers\SDHC.o
                0x1fff1140                SDHC_Init
 .bss.SDHC_Info
                0x1fff1144      0x204 Drivers\SDHC.o
                0x1fff1144                SDHC_Info
 .bss.SDHC_Device
                0x1fff1348        0x8 Drivers\SDHC.o
                0x1fff1348                SDHC_Device
 .bss.Propeller
                0x1fff1350        0x4 FEHProteus.o
                0x1fff1350                Propeller
 .bss.CoreClockKHz
                0x1fff1354        0x4 FEHProteus.o
                0x1fff1354                CoreClockKHz
 .bss.CoreClockMHz
                0x1fff1358        0x4 FEHProteus.o
                0x1fff1358                CoreClockMHz
 .bss.PeripheralClockKHz
                0x1fff135c        0x4 FEHProteus.o
                0x1fff135c                PeripheralClockKHz
 .bss._ZN14AnalogInputPin17Master_Adc_ConfigE
                0x1fff1360       0x10 Libraries\FEHIO.o
                0x1fff1360                AnalogInputPin::Master_Adc_Config
 .bss._ZN14AnalogInputPin18Encoder_Adc_ConfigE
                0x1fff1370       0x10 Libraries\FEHIO.o
                0x1fff1370                AnalogInputPin::Encoder_Adc_Config
 .bss.interrupt_counts
                0x1fff1380       0x80 Libraries\FEHIO.o
                0x1fff1380                interrupt_counts
 .bss._ZN13AnalogEncoder7pinListE
                0x1fff1400        0x4 Libraries\FEHIO.o
                0x1fff1400                AnalogEncoder::pinList
 .bss.__interrupt_counter
                0x1fff1404        0x4 Libraries\FEHIO.o
                0x1fff1404                __interrupt_counter
 .bss.Buzzer    0x1fff1408        0x4 Libraries\FEHBuzzer.o
                0x1fff1408                Buzzer
 .bss.LCD       0x1fff140c       0x44 Libraries\FEHLCD.o
                0x1fff140c                LCD
 .bss.initialized
                0x1fff1450        0x1 Libraries\FEHLCD.o
                0x1fff1450                initialized
 *fill*         0x1fff1451        0x3 00
 .bss.Accel     0x1fff1454        0x4 Libraries\FEHAccel.o
                0x1fff1454                Accel
 .bss.Battery   0x1fff1458        0x4 Libraries\FEHBattery.o
                0x1fff1458                Battery
 .bss.XBeeDataProcess
                0x1fff145c        0x4 Drivers\FEHXBee.o
                0x1fff145c                XBeeDataProcess
 .bss._xbeebuffer
                0x1fff1460       0x10 Drivers\FEHXBee.o
                0x1fff1460                _xbeebuffer
 .bss._xbeebufferindex
                0x1fff1470        0x1 Drivers\FEHXBee.o
                0x1fff1470                _xbeebufferindex
 .bss._xbeestate
                0x1fff1471        0x1 Drivers\FEHXBee.o
                0x1fff1471                _xbeestate
 .bss._xbeebytereceived
                0x1fff1472        0x1 Drivers\FEHXBee.o
                0x1fff1472                _xbeebytereceived
 .bss._xbeebyte
                0x1fff1473        0x1 Drivers\FEHXBee.o
                0x1fff1473                _xbeebyte
 .bss.RPS       0x1fff1474        0x8 Libraries\FEHRPS.o
                0x1fff1474                RPS
 .bss._enabled  0x1fff147c        0x1 Libraries\FEHRPS.o
                0x1fff147c                _enabled
 *fill*         0x1fff147d        0x3 00
 .bss._RPS_x    0x1fff1480        0x4 Libraries\FEHRPS.o
                0x1fff1480                _RPS_x
 .bss._RPS_y    0x1fff1484        0x4 Libraries\FEHRPS.o
                0x1fff1484                _RPS_y
 .bss._RPS_heading
                0x1fff1488        0x4 Libraries\FEHRPS.o
                0x1fff1488                _RPS_heading
 .bss._RPS_objective
                0x1fff148c        0x4 Libraries\FEHRPS.o
                0x1fff148c                _RPS_objective
 .bss._RPS_time
                0x1fff1490        0x1 Libraries\FEHRPS.o
                0x1fff1490                _RPS_time
 .bss._RPS_stop
                0x1fff1491        0x1 Libraries\FEHRPS.o
                0x1fff1491                _RPS_stop
 .bss._RPS_foundpacket
                0x1fff1492        0x1 Libraries\FEHRPS.o
                0x1fff1492                _RPS_foundpacket
 *fill*         0x1fff1493        0x1 00
 .bss.SD        0x1fff1494        0x4 Libraries\FEHSD.o
                0x1fff1494                SD
 .bss.logfil    0x1fff1498      0x228 Libraries\FEHSD.o
                0x1fff1498                logfil
 .bss._ZL9FATFS_Obj
                0x1fff16c0      0x234 Libraries\FEHSD.o
 .bss.f_res     0x1fff18f4        0x1 Libraries\FEHSD.o
                0x1fff18f4                f_res
 *fill*         0x1fff18f5        0x3 00
 .bss.__stdio_exit
                0x1fff18f8        0x4 C:\fehqt\Proteus/EWL/lib/armv7e-m\libc.a(exit.o)
                0x1fff18f8                __stdio_exit
 .bss.__console_exit
                0x1fff18fc        0x4 C:\fehqt\Proteus/EWL/lib/armv7e-m\libc.a(exit.o)
                0x1fff18fc                __console_exit
 .bss.__S_romp  0x1fff1900        0xc C:\fehqt\Proteus/EWL/lib/armv7e-m\librt.a(ROMCopy.o)
 .bss.__global_destructor_chain
                0x1fff190c        0x4 C:\fehqt\Proteus/EWL/lib/armv7e-m\librt.a(__arm_eabi_init.o)
                0x1fff190c                __global_destructor_chain
 *(COMMON)
 COMMON         0x1fff1910        0x4 C:\fehqt\Proteus/EWL/lib/armv7e-m\libc.a(errno.o)
                0x1fff1910                errno
                0x1fff1914                . = ALIGN (0x4)
                0x1fff1914                __END_BSS = .
                0x1fff1914                PROVIDE (__bss_end__, __END_BSS)

._user_heap_stack
                0x1fff1914     0x1000 load address 0x0001d8ec
                0x1fff1914                . = ALIGN (0x4)
                0x1fff1914                PROVIDE (end, .)
                0x1fff1914                PROVIDE (_end, .)
                0x1fff1914                __heap_addr = .
                0x1fff2114                . = (. + __heap_size)
 *fill*         0x1fff1914      0x800 00
                0x1fff2914                . = (. + __stack_size)
 *fill*         0x1fff2114      0x800 00
                0x1fff2914                . = ALIGN (0x4)
                0x0001d0f4                _romp_at = ((___ROM_AT + SIZEOF (.data)) + SIZEOF (.user_data2))

.romp           0x20000000       0x24 load address 0x0001d0f4
                0x0001d0f4                __S_romp = _romp_at
                0x20000000        0x4 LONG 0x1c3d8 ___ROM_AT
                0x20000004        0x4 LONG 0x1fff0400 _sdata
                0x20000008        0x4 LONG 0xd1c ___data_size
                0x2000000c        0x4 LONG 0x1d0f4 ___m_data2_ROMStart
                0x20000010        0x4 LONG 0x20000000 ___m_data2_RAMStart
                0x20000014        0x4 LONG 0x0 ___m_data2_ROMSize
                0x20000018        0x4 LONG 0x0
                0x2000001c        0x4 LONG 0x0
                0x20000020        0x4 LONG 0x0

.ARM.attributes
                0x00000000       0x33
 *(.ARM.attributes)
 .ARM.attributes
                0x00000000       0x33 ..\robot.o
 .ARM.attributes
                0x00000033       0x33 ..\main.o
 .ARM.attributes
                0x00000066       0x33 Startup\__arm_start.o
 .ARM.attributes
                0x00000099       0x33 Startup\__arm_end.o
 .ARM.attributes
                0x000000cc       0x33 Startup\kinetis_sysinit.o
 .ARM.attributes
                0x000000ff       0x33 Libraries\FEHMotor.o
 .ARM.attributes
                0x00000132       0x33 Drivers\i2c.o
 .ARM.attributes
                0x00000165       0x33 Drivers\spi.o
 .ARM.attributes
                0x00000198       0x33 Drivers\uart.o
 .ARM.attributes
                0x000001cb       0x33 Drivers\ff.o
 .ARM.attributes
                0x000001fe       0x33 Drivers\SDHC.o
 .ARM.attributes
                0x00000231       0x33 Drivers\lptmr.o
 .ARM.attributes
                0x00000264       0x33 FEHProteus.o
 .ARM.attributes
                0x00000297       0x33 Drivers\FEHPropeller.o
 .ARM.attributes
                0x000002ca       0x33 Libraries\FEHUtility.o
 .ARM.attributes
                0x000002fd       0x33 Libraries\FEHIO.o
 .ARM.attributes
                0x00000330       0x33 Drivers\adc16.o
 .ARM.attributes
                0x00000363       0x33 Libraries\FEHBuzzer.o
 .ARM.attributes
                0x00000396       0x33 Libraries\FEHServo.o
 .ARM.attributes
                0x000003c9       0x33 Libraries\FEHLCD.o
 .ARM.attributes
                0x000003fc       0x33 Libraries\FEHAccel.o
 .ARM.attributes
                0x0000042f       0x33 Libraries\FEHBattery.o
 .ARM.attributes
                0x00000462       0x33 Drivers\FEHXBee.o
 .ARM.attributes
                0x00000495       0x33 Libraries\FEHRPS.o
 .ARM.attributes
                0x000004c8       0x33 Libraries\FEHSD.o
 .ARM.attributes
                0x000004fb       0x33 C:\fehqt\Proteus/EWL/lib/armv7e-m\libm.a(s_cosf.o)
 .ARM.attributes
                0x0000052e       0x33 C:\fehqt\Proteus/EWL/lib/armv7e-m\libm.a(s_floor.o)
 .ARM.attributes
                0x00000561       0x33 C:\fehqt\Proteus/EWL/lib/armv7e-m\libm.a(s_sinf.o)
 .ARM.attributes
                0x00000594       0x33 C:\fehqt\Proteus/EWL/lib/armv7e-m\libm.a(w_atan2f.o)
 .ARM.attributes
                0x000005c7       0x33 C:\fehqt\Proteus/EWL/lib/armv7e-m\libm.a(w_fmod.o)
 .ARM.attributes
                0x000005fa       0x33 C:\fehqt\Proteus/EWL/lib/armv7e-m\libm.a(e_atan2f.o)
 .ARM.attributes
                0x0000062d       0x33 C:\fehqt\Proteus/EWL/lib/armv7e-m\libm.a(e_fmod.o)
 .ARM.attributes
                0x00000660       0x33 C:\fehqt\Proteus/EWL/lib/armv7e-m\libm.a(e_rem_pio2f.o)
 .ARM.attributes
                0x00000693       0x33 C:\fehqt\Proteus/EWL/lib/armv7e-m\libm.a(k_cosf.o)
 .ARM.attributes
                0x000006c6       0x33 C:\fehqt\Proteus/EWL/lib/armv7e-m\libm.a(k_rem_pio2f.o)
 .ARM.attributes
                0x000006f9       0x33 C:\fehqt\Proteus/EWL/lib/armv7e-m\libm.a(k_sinf.o)
 .ARM.attributes
                0x0000072c       0x33 C:\fehqt\Proteus/EWL/lib/armv7e-m\libm.a(s_atanf.o)
 .ARM.attributes
                0x0000075f       0x33 C:\fehqt\Proteus/EWL/lib/armv7e-m\libm.a(s_floorf.o)
 .ARM.attributes
                0x00000792       0x33 C:\fehqt\Proteus/EWL/lib/armv7e-m\libm.a(s_scalbnf.o)
 .ARM.attributes
                0x000007c5       0x33 C:\fehqt\Proteus/EWL/lib/armv7e-m\libc.a(errno.o)
 .ARM.attributes
                0x000007f8       0x33 C:\fehqt\Proteus/EWL/lib/armv7e-m\libc.a(sprintf.o)
 .ARM.attributes
                0x0000082b       0x33 C:\fehqt\Proteus/EWL/lib/armv7e-m\libc.a(vsnprintf.o)
 .ARM.attributes
                0x0000085e       0x33 C:\fehqt\Proteus/EWL/lib/armv7e-m\libc.a(exit.o)
 .ARM.attributes
                0x00000891       0x33 C:\fehqt\Proteus/EWL/lib/armv7e-m\libc.a(memcpy.o)
 .ARM.attributes
                0x000008c4       0x33 C:\fehqt\Proteus/EWL/lib/armv7e-m\libc.a(memset.o)
 .ARM.attributes
                0x000008f7       0x33 C:\fehqt\Proteus/EWL/lib/armv7e-m\libc.a(strcpy.o)
 .ARM.attributes
                0x0000092a       0x33 C:\fehqt\Proteus/EWL/lib/armv7e-m\libc.a(strlen.o)
 .ARM.attributes
                0x0000095d       0x33 C:\fehqt\Proteus/EWL/lib/armv7e-m\libc.a(printformat_.o)
 .ARM.attributes
                0x00000990       0x33 C:\fehqt\Proteus/EWL/lib/armv7e-m\libc.a(scanformat_.o)
 .ARM.attributes
                0x000009c3       0x33 C:\fehqt\Proteus/EWL/lib/armv7e-m\libc.a(ctype_aeabi.o)
 .ARM.attributes
                0x000009f6       0x33 C:\fehqt\Proteus/EWL/lib/armv7e-m\libc.a(__strtoul.o)
 .ARM.attributes
                0x00000a29       0x33 C:\fehqt\Proteus/EWL/lib/armv7e-m\libc.a(__filll_mem.o)
 .ARM.attributes
                0x00000a5c       0x33 C:\fehqt\Proteus/EWL/lib/armv7e-m\libc.a(memchr.o)
 .ARM.attributes
                0x00000a8f       0x33 C:\fehqt\Proteus/EWL/lib/armv7e-m\libc.a(strchr.o)
 .ARM.attributes
                0x00000ac2       0x1e c:/fehqt/proteus/gcc/bin/../lib/gcc/arm-none-eabi/4.6.2/armv7e-m\libgcc.a(_arm_addsubdf3.o)
 .ARM.attributes
                0x00000ae0       0x1e c:/fehqt/proteus/gcc/bin/../lib/gcc/arm-none-eabi/4.6.2/armv7e-m\libgcc.a(_arm_muldivdf3.o)
 .ARM.attributes
                0x00000afe       0x1e c:/fehqt/proteus/gcc/bin/../lib/gcc/arm-none-eabi/4.6.2/armv7e-m\libgcc.a(_arm_cmpdf2.o)
 .ARM.attributes
                0x00000b1c       0x1e c:/fehqt/proteus/gcc/bin/../lib/gcc/arm-none-eabi/4.6.2/armv7e-m\libgcc.a(_arm_fixdfsi.o)
 .ARM.attributes
                0x00000b3a       0x1e c:/fehqt/proteus/gcc/bin/../lib/gcc/arm-none-eabi/4.6.2/armv7e-m\libgcc.a(_arm_fixunsdfsi.o)
 .ARM.attributes
                0x00000b58       0x1e c:/fehqt/proteus/gcc/bin/../lib/gcc/arm-none-eabi/4.6.2/armv7e-m\libgcc.a(_arm_truncdfsf2.o)
 .ARM.attributes
                0x00000b76       0x1e c:/fehqt/proteus/gcc/bin/../lib/gcc/arm-none-eabi/4.6.2/armv7e-m\libgcc.a(_arm_addsubsf3.o)
 .ARM.attributes
                0x00000b94       0x1e c:/fehqt/proteus/gcc/bin/../lib/gcc/arm-none-eabi/4.6.2/armv7e-m\libgcc.a(_arm_muldivsf3.o)
 .ARM.attributes
                0x00000bb2       0x1e c:/fehqt/proteus/gcc/bin/../lib/gcc/arm-none-eabi/4.6.2/armv7e-m\libgcc.a(_arm_cmpsf2.o)
 .ARM.attributes
                0x00000bd0       0x1e c:/fehqt/proteus/gcc/bin/../lib/gcc/arm-none-eabi/4.6.2/armv7e-m\libgcc.a(_arm_fixsfsi.o)
 .ARM.attributes
                0x00000bee       0x33 C:\fehqt\Proteus/EWL/lib/armv7e-m\librt.a(gcc_ctor_dtor.o)
 .ARM.attributes
                0x00000c21       0x33 C:\fehqt\Proteus/EWL/lib/armv7e-m\librt.a(ROMCopy.o)
 .ARM.attributes
                0x00000c54       0x33 C:\fehqt\Proteus/EWL/lib/armv7e-m\librt.a(__arm_eabi_init.o)
OUTPUT(../fehsla-robot.elf elf32-littlearm)

.debug_info     0x00000000    0x17c48
 .debug_info    0x00000000     0x1b90 ..\robot.o
 .debug_info    0x00001b90     0x165e ..\main.o
 .debug_info    0x000031ee     0x12c5 Startup\__arm_start.o
 .debug_info    0x000044b3       0x58 Startup\__arm_end.o
 .debug_info    0x0000450b      0x57d Startup\kinetis_sysinit.o
 .debug_info    0x00004a88      0x335 Libraries\FEHMotor.o
 .debug_info    0x00004dbd      0x250 Drivers\i2c.o
 .debug_info    0x0000500d      0x6cf Drivers\spi.o
 .debug_info    0x000056dc      0x59c Drivers\uart.o
 .debug_info    0x00005c78     0x1da0 Drivers\ff.o
 .debug_info    0x00007a18      0xf1d Drivers\SDHC.o
 .debug_info    0x00008935      0x2de Drivers\lptmr.o
 .debug_info    0x00008c13      0x1a7 FEHProteus.o
 .debug_info    0x00008dba      0x722 Drivers\FEHPropeller.o
 .debug_info    0x000094dc      0x36c Libraries\FEHUtility.o
 .debug_info    0x00009848     0x1c6a Libraries\FEHIO.o
 .debug_info    0x0000b4b2      0x4ab Drivers\adc16.o
 .debug_info    0x0000b95d      0xa42 Libraries\FEHBuzzer.o
 .debug_info    0x0000c39f     0x1500 Libraries\FEHServo.o
 .debug_info    0x0000d89f     0x2c25 Libraries\FEHLCD.o
 .debug_info    0x000104c4      0x26a Libraries\FEHAccel.o
 .debug_info    0x0001072e      0x3a9 Libraries\FEHBattery.o
 .debug_info    0x00010ad7      0xac3 Drivers\FEHXBee.o
 .debug_info    0x0001159a     0x19c7 Libraries\FEHRPS.o
 .debug_info    0x00012f61     0x1242 Libraries\FEHSD.o
 .debug_info    0x000141a3      0x159 C:\fehqt\Proteus/EWL/lib/armv7e-m\libm.a(s_cosf.o)
 .debug_info    0x000142fc      0x1b1 C:\fehqt\Proteus/EWL/lib/armv7e-m\libm.a(s_floor.o)
 .debug_info    0x000144ad      0x155 C:\fehqt\Proteus/EWL/lib/armv7e-m\libm.a(s_sinf.o)
 .debug_info    0x00014602       0xc6 C:\fehqt\Proteus/EWL/lib/armv7e-m\libm.a(w_atan2f.o)
 .debug_info    0x000146c8       0xc7 C:\fehqt\Proteus/EWL/lib/armv7e-m\libm.a(w_fmod.o)
 .debug_info    0x0001478f      0x205 C:\fehqt\Proteus/EWL/lib/armv7e-m\libm.a(e_atan2f.o)
 .debug_info    0x00014994      0x264 C:\fehqt\Proteus/EWL/lib/armv7e-m\libm.a(e_fmod.o)
 .debug_info    0x00014bf8      0x2e9 C:\fehqt\Proteus/EWL/lib/armv7e-m\libm.a(e_rem_pio2f.o)
 .debug_info    0x00014ee1      0x1d0 C:\fehqt\Proteus/EWL/lib/armv7e-m\libm.a(k_cosf.o)
 .debug_info    0x000150b1      0x305 C:\fehqt\Proteus/EWL/lib/armv7e-m\libm.a(k_rem_pio2f.o)
 .debug_info    0x000153b6      0x1c6 C:\fehqt\Proteus/EWL/lib/armv7e-m\libm.a(k_sinf.o)
 .debug_info    0x0001557c      0x1eb C:\fehqt\Proteus/EWL/lib/armv7e-m\libm.a(s_atanf.o)
 .debug_info    0x00015767      0x14a C:\fehqt\Proteus/EWL/lib/armv7e-m\libm.a(s_floorf.o)
 .debug_info    0x000158b1      0x18f C:\fehqt\Proteus/EWL/lib/armv7e-m\libm.a(s_scalbnf.o)
 .debug_info    0x00015a40       0xa5 C:\fehqt\Proteus/EWL/lib/armv7e-m\libc.a(errno.o)
 .debug_info    0x00015ae5      0x11f C:\fehqt\Proteus/EWL/lib/armv7e-m\libc.a(sprintf.o)
 .debug_info    0x00015c04      0x206 C:\fehqt\Proteus/EWL/lib/armv7e-m\libc.a(vsnprintf.o)
 .debug_info    0x00015e0a      0x103 C:\fehqt\Proteus/EWL/lib/armv7e-m\libc.a(exit.o)
 .debug_info    0x00015f0d      0x113 C:\fehqt\Proteus/EWL/lib/armv7e-m\libc.a(memcpy.o)
 .debug_info    0x00016020       0xf4 C:\fehqt\Proteus/EWL/lib/armv7e-m\libc.a(memset.o)
 .debug_info    0x00016114      0x10a C:\fehqt\Proteus/EWL/lib/armv7e-m\libc.a(strcpy.o)
 .debug_info    0x0001621e       0xf3 C:\fehqt\Proteus/EWL/lib/armv7e-m\libc.a(strlen.o)
 .debug_info    0x00016311      0x512 C:\fehqt\Proteus/EWL/lib/armv7e-m\libc.a(printformat_.o)
 .debug_info    0x00016823      0x564 C:\fehqt\Proteus/EWL/lib/armv7e-m\libc.a(scanformat_.o)
 .debug_info    0x00016d87      0x32a C:\fehqt\Proteus/EWL/lib/armv7e-m\libc.a(ctype_aeabi.o)
 .debug_info    0x000170b1      0x1d7 C:\fehqt\Proteus/EWL/lib/armv7e-m\libc.a(__strtoul.o)
 .debug_info    0x00017288      0x13d C:\fehqt\Proteus/EWL/lib/armv7e-m\libc.a(__filll_mem.o)
 .debug_info    0x000173c5      0x129 C:\fehqt\Proteus/EWL/lib/armv7e-m\libc.a(memchr.o)
 .debug_info    0x000174ee      0x110 C:\fehqt\Proteus/EWL/lib/armv7e-m\libc.a(strchr.o)
 .debug_info    0x000175fe      0x1c0 C:\fehqt\Proteus/EWL/lib/armv7e-m\librt.a(gcc_ctor_dtor.o)
 .debug_info    0x000177be      0x1b8 C:\fehqt\Proteus/EWL/lib/armv7e-m\librt.a(ROMCopy.o)
 .debug_info    0x00017976      0x2d2 C:\fehqt\Proteus/EWL/lib/armv7e-m\librt.a(__arm_eabi_init.o)

.debug_abbrev   0x00000000     0x4c56
 .debug_abbrev  0x00000000      0x37f ..\robot.o
 .debug_abbrev  0x0000037f      0x2a8 ..\main.o
 .debug_abbrev  0x00000627      0x28f Startup\__arm_start.o
 .debug_abbrev  0x000008b6       0x45 Startup\__arm_end.o
 .debug_abbrev  0x000008fb      0x18a Startup\kinetis_sysinit.o
 .debug_abbrev  0x00000a85      0x18c Libraries\FEHMotor.o
 .debug_abbrev  0x00000c11       0xfc Drivers\i2c.o
 .debug_abbrev  0x00000d0d      0x18b Drivers\spi.o
 .debug_abbrev  0x00000e98      0x15f Drivers\uart.o
 .debug_abbrev  0x00000ff7      0x18f Drivers\ff.o
 .debug_abbrev  0x00001186      0x223 Drivers\SDHC.o
 .debug_abbrev  0x000013a9       0xd2 Drivers\lptmr.o
 .debug_abbrev  0x0000147b      0x101 FEHProteus.o
 .debug_abbrev  0x0000157c      0x1c6 Drivers\FEHPropeller.o
 .debug_abbrev  0x00001742      0x154 Libraries\FEHUtility.o
 .debug_abbrev  0x00001896      0x448 Libraries\FEHIO.o
 .debug_abbrev  0x00001cde      0x12a Drivers\adc16.o
 .debug_abbrev  0x00001e08      0x1da Libraries\FEHBuzzer.o
 .debug_abbrev  0x00001fe2      0x312 Libraries\FEHServo.o
 .debug_abbrev  0x000022f4      0x38c Libraries\FEHLCD.o
 .debug_abbrev  0x00002680      0x13b Libraries\FEHAccel.o
 .debug_abbrev  0x000027bb      0x1cb Libraries\FEHBattery.o
 .debug_abbrev  0x00002986      0x231 Drivers\FEHXBee.o
 .debug_abbrev  0x00002bb7      0x37f Libraries\FEHRPS.o
 .debug_abbrev  0x00002f36      0x33a Libraries\FEHSD.o
 .debug_abbrev  0x00003270       0xb0 C:\fehqt\Proteus/EWL/lib/armv7e-m\libm.a(s_cosf.o)
 .debug_abbrev  0x00003320       0xc3 C:\fehqt\Proteus/EWL/lib/armv7e-m\libm.a(s_floor.o)
 .debug_abbrev  0x000033e3       0xbd C:\fehqt\Proteus/EWL/lib/armv7e-m\libm.a(s_sinf.o)
 .debug_abbrev  0x000034a0       0x5d C:\fehqt\Proteus/EWL/lib/armv7e-m\libm.a(w_atan2f.o)
 .debug_abbrev  0x000034fd       0x5d C:\fehqt\Proteus/EWL/lib/armv7e-m\libm.a(w_fmod.o)
 .debug_abbrev  0x0000355a       0xe3 C:\fehqt\Proteus/EWL/lib/armv7e-m\libm.a(e_atan2f.o)
 .debug_abbrev  0x0000363d      0x102 C:\fehqt\Proteus/EWL/lib/armv7e-m\libm.a(e_fmod.o)
 .debug_abbrev  0x0000373f      0x109 C:\fehqt\Proteus/EWL/lib/armv7e-m\libm.a(e_rem_pio2f.o)
 .debug_abbrev  0x00003848       0xb4 C:\fehqt\Proteus/EWL/lib/armv7e-m\libm.a(k_cosf.o)
 .debug_abbrev  0x000038fc      0x104 C:\fehqt\Proteus/EWL/lib/armv7e-m\libm.a(k_rem_pio2f.o)
 .debug_abbrev  0x00003a00       0xc3 C:\fehqt\Proteus/EWL/lib/armv7e-m\libm.a(k_sinf.o)
 .debug_abbrev  0x00003ac3       0xe4 C:\fehqt\Proteus/EWL/lib/armv7e-m\libm.a(s_atanf.o)
 .debug_abbrev  0x00003ba7       0xa7 C:\fehqt\Proteus/EWL/lib/armv7e-m\libm.a(s_floorf.o)
 .debug_abbrev  0x00003c4e       0xb4 C:\fehqt\Proteus/EWL/lib/armv7e-m\libm.a(s_scalbnf.o)
 .debug_abbrev  0x00003d02       0x48 C:\fehqt\Proteus/EWL/lib/armv7e-m\libc.a(errno.o)
 .debug_abbrev  0x00003d4a       0xb5 C:\fehqt\Proteus/EWL/lib/armv7e-m\libc.a(sprintf.o)
 .debug_abbrev  0x00003dff       0xf4 C:\fehqt\Proteus/EWL/lib/armv7e-m\libc.a(vsnprintf.o)
 .debug_abbrev  0x00003ef3       0x8f C:\fehqt\Proteus/EWL/lib/armv7e-m\libc.a(exit.o)
 .debug_abbrev  0x00003f82       0x97 C:\fehqt\Proteus/EWL/lib/armv7e-m\libc.a(memcpy.o)
 .debug_abbrev  0x00004019       0x66 C:\fehqt\Proteus/EWL/lib/armv7e-m\libc.a(memset.o)
 .debug_abbrev  0x0000407f       0x7c C:\fehqt\Proteus/EWL/lib/armv7e-m\libc.a(strcpy.o)
 .debug_abbrev  0x000040fb       0x7e C:\fehqt\Proteus/EWL/lib/armv7e-m\libc.a(strlen.o)
 .debug_abbrev  0x00004179      0x204 C:\fehqt\Proteus/EWL/lib/armv7e-m\libc.a(printformat_.o)
 .debug_abbrev  0x0000437d      0x1fb C:\fehqt\Proteus/EWL/lib/armv7e-m\libc.a(scanformat_.o)
 .debug_abbrev  0x00004578       0x9a C:\fehqt\Proteus/EWL/lib/armv7e-m\libc.a(ctype_aeabi.o)
 .debug_abbrev  0x00004612       0xc6 C:\fehqt\Proteus/EWL/lib/armv7e-m\libc.a(__strtoul.o)
 .debug_abbrev  0x000046d8       0x8b C:\fehqt\Proteus/EWL/lib/armv7e-m\libc.a(__filll_mem.o)
 .debug_abbrev  0x00004763       0x99 C:\fehqt\Proteus/EWL/lib/armv7e-m\libc.a(memchr.o)
 .debug_abbrev  0x000047fc       0x8d C:\fehqt\Proteus/EWL/lib/armv7e-m\libc.a(strchr.o)
 .debug_abbrev  0x00004889       0x9d C:\fehqt\Proteus/EWL/lib/armv7e-m\librt.a(gcc_ctor_dtor.o)
 .debug_abbrev  0x00004926      0x160 C:\fehqt\Proteus/EWL/lib/armv7e-m\librt.a(ROMCopy.o)
 .debug_abbrev  0x00004a86      0x1d0 C:\fehqt\Proteus/EWL/lib/armv7e-m\librt.a(__arm_eabi_init.o)

.debug_loc      0x00000000     0x80b5
 .debug_loc     0x00000000      0x429 ..\robot.o
 .debug_loc     0x00000429       0x3a ..\main.o
 .debug_loc     0x00000463       0xb0 Startup\__arm_start.o
 .debug_loc     0x00000513       0x38 Startup\__arm_end.o
 .debug_loc     0x0000054b       0x84 Startup\kinetis_sysinit.o
 .debug_loc     0x000005cf       0xe0 Libraries\FEHMotor.o
 .debug_loc     0x000006af       0xe0 Drivers\i2c.o
 .debug_loc     0x0000078f      0x19c Drivers\spi.o
 .debug_loc     0x0000092b       0xe0 Drivers\uart.o
 .debug_loc     0x00000a0b      0xa96 Drivers\ff.o
 .debug_loc     0x000014a1      0x370 Drivers\SDHC.o
 .debug_loc     0x00001811       0x38 Drivers\lptmr.o
 .debug_loc     0x00001849       0x64 FEHProteus.o
 .debug_loc     0x000018ad      0x118 Drivers\FEHPropeller.o
 .debug_loc     0x000019c5      0x1a8 Libraries\FEHUtility.o
 .debug_loc     0x00001b6d      0x8d6 Libraries\FEHIO.o
 .debug_loc     0x00002443       0xa8 Drivers\adc16.o
 .debug_loc     0x000024eb      0x304 Libraries\FEHBuzzer.o
 .debug_loc     0x000027ef      0x1fa Libraries\FEHServo.o
 .debug_loc     0x000029e9     0x1147 Libraries\FEHLCD.o
 .debug_loc     0x00003b30      0x144 Libraries\FEHAccel.o
 .debug_loc     0x00003c74       0xd4 Libraries\FEHBattery.o
 .debug_loc     0x00003d48      0x1c0 Drivers\FEHXBee.o
 .debug_loc     0x00003f08      0x3e8 Libraries\FEHRPS.o
 .debug_loc     0x000042f0      0x188 Libraries\FEHSD.o
 .debug_loc     0x00004478       0xf8 C:\fehqt\Proteus/EWL/lib/armv7e-m\libm.a(s_cosf.o)
 .debug_loc     0x00004570      0x108 C:\fehqt\Proteus/EWL/lib/armv7e-m\libm.a(s_floor.o)
 .debug_loc     0x00004678       0xae C:\fehqt\Proteus/EWL/lib/armv7e-m\libm.a(s_sinf.o)
 .debug_loc     0x00004726       0x26 C:\fehqt\Proteus/EWL/lib/armv7e-m\libm.a(w_atan2f.o)
 .debug_loc     0x0000474c       0x30 C:\fehqt\Proteus/EWL/lib/armv7e-m\libm.a(w_fmod.o)
 .debug_loc     0x0000477c      0x29f C:\fehqt\Proteus/EWL/lib/armv7e-m\libm.a(e_atan2f.o)
 .debug_loc     0x00004a1b      0x310 C:\fehqt\Proteus/EWL/lib/armv7e-m\libm.a(e_fmod.o)
 .debug_loc     0x00004d2b      0x321 C:\fehqt\Proteus/EWL/lib/armv7e-m\libm.a(e_rem_pio2f.o)
 .debug_loc     0x0000504c       0xf7 C:\fehqt\Proteus/EWL/lib/armv7e-m\libm.a(k_cosf.o)
 .debug_loc     0x00005143      0x654 C:\fehqt\Proteus/EWL/lib/armv7e-m\libm.a(k_rem_pio2f.o)
 .debug_loc     0x00005797       0xdf C:\fehqt\Proteus/EWL/lib/armv7e-m\libm.a(k_sinf.o)
 .debug_loc     0x00005876      0x1c0 C:\fehqt\Proteus/EWL/lib/armv7e-m\libm.a(s_atanf.o)
 .debug_loc     0x00005a36       0xcf C:\fehqt\Proteus/EWL/lib/armv7e-m\libm.a(s_floorf.o)
 .debug_loc     0x00005b05       0xe5 C:\fehqt\Proteus/EWL/lib/armv7e-m\libm.a(s_scalbnf.o)
 .debug_loc     0x00005bea       0x3f C:\fehqt\Proteus/EWL/lib/armv7e-m\libc.a(sprintf.o)
 .debug_loc     0x00005c29      0x105 C:\fehqt\Proteus/EWL/lib/armv7e-m\libc.a(vsnprintf.o)
 .debug_loc     0x00005d2e       0x3e C:\fehqt\Proteus/EWL/lib/armv7e-m\libc.a(exit.o)
 .debug_loc     0x00005d6c       0x46 C:\fehqt\Proteus/EWL/lib/armv7e-m\libc.a(memcpy.o)
 .debug_loc     0x00005db2       0x64 C:\fehqt\Proteus/EWL/lib/armv7e-m\libc.a(memset.o)
 .debug_loc     0x00005e16       0x20 C:\fehqt\Proteus/EWL/lib/armv7e-m\libc.a(strcpy.o)
 .debug_loc     0x00005e36       0x31 C:\fehqt\Proteus/EWL/lib/armv7e-m\libc.a(strlen.o)
 .debug_loc     0x00005e67     0x106f C:\fehqt\Proteus/EWL/lib/armv7e-m\libc.a(printformat_.o)
 .debug_loc     0x00006ed6      0x8cb C:\fehqt\Proteus/EWL/lib/armv7e-m\libc.a(scanformat_.o)
 .debug_loc     0x000077a1      0x18e C:\fehqt\Proteus/EWL/lib/armv7e-m\libc.a(ctype_aeabi.o)
 .debug_loc     0x0000792f      0x2ad C:\fehqt\Proteus/EWL/lib/armv7e-m\libc.a(__strtoul.o)
 .debug_loc     0x00007bdc      0x12c C:\fehqt\Proteus/EWL/lib/armv7e-m\libc.a(__filll_mem.o)
 .debug_loc     0x00007d08       0x82 C:\fehqt\Proteus/EWL/lib/armv7e-m\libc.a(memchr.o)
 .debug_loc     0x00007d8a       0x78 C:\fehqt\Proteus/EWL/lib/armv7e-m\libc.a(strchr.o)
 .debug_loc     0x00007e02       0xbe C:\fehqt\Proteus/EWL/lib/armv7e-m\librt.a(gcc_ctor_dtor.o)
 .debug_loc     0x00007ec0       0x9b C:\fehqt\Proteus/EWL/lib/armv7e-m\librt.a(ROMCopy.o)
 .debug_loc     0x00007f5b      0x15a C:\fehqt\Proteus/EWL/lib/armv7e-m\librt.a(__arm_eabi_init.o)

.debug_aranges  0x00000000     0x10f8
 .debug_aranges
                0x00000000       0xb0 ..\robot.o
 .debug_aranges
                0x000000b0       0x20 ..\main.o
 .debug_aranges
                0x000000d0       0x48 Startup\__arm_start.o
 .debug_aranges
                0x00000118       0x20 Startup\__arm_end.o
 .debug_aranges
                0x00000138       0x30 Startup\kinetis_sysinit.o
 .debug_aranges
                0x00000168       0x38 Libraries\FEHMotor.o
 .debug_aranges
                0x000001a0       0x38 Drivers\i2c.o
 .debug_aranges
                0x000001d8       0x58 Drivers\spi.o
 .debug_aranges
                0x00000230       0x38 Drivers\uart.o
 .debug_aranges
                0x00000268      0x198 Drivers\ff.o
 .debug_aranges
                0x00000400       0x98 Drivers\SDHC.o
 .debug_aranges
                0x00000498       0x20 Drivers\lptmr.o
 .debug_aranges
                0x000004b8       0x28 FEHProteus.o
 .debug_aranges
                0x000004e0       0x40 Drivers\FEHPropeller.o
 .debug_aranges
                0x00000520       0x58 Libraries\FEHUtility.o
 .debug_aranges
                0x00000578      0x160 Libraries\FEHIO.o
 .debug_aranges
                0x000006d8       0x30 Drivers\adc16.o
 .debug_aranges
                0x00000708       0x88 Libraries\FEHBuzzer.o
 .debug_aranges
                0x00000790       0x60 Libraries\FEHServo.o
 .debug_aranges
                0x000007f0      0x290 Libraries\FEHLCD.o
 .debug_aranges
                0x00000a80       0x48 Libraries\FEHAccel.o
 .debug_aranges
                0x00000ac8       0x38 Libraries\FEHBattery.o
 .debug_aranges
                0x00000b00       0x58 Drivers\FEHXBee.o
 .debug_aranges
                0x00000b58       0xa8 Libraries\FEHRPS.o
 .debug_aranges
                0x00000c00       0x50 Libraries\FEHSD.o
 .debug_aranges
                0x00000c50       0x20 C:\fehqt\Proteus/EWL/lib/armv7e-m\libm.a(s_cosf.o)
 .debug_aranges
                0x00000c70       0x20 C:\fehqt\Proteus/EWL/lib/armv7e-m\libm.a(s_floor.o)
 .debug_aranges
                0x00000c90       0x20 C:\fehqt\Proteus/EWL/lib/armv7e-m\libm.a(s_sinf.o)
 .debug_aranges
                0x00000cb0       0x20 C:\fehqt\Proteus/EWL/lib/armv7e-m\libm.a(w_atan2f.o)
 .debug_aranges
                0x00000cd0       0x20 C:\fehqt\Proteus/EWL/lib/armv7e-m\libm.a(w_fmod.o)
 .debug_aranges
                0x00000cf0       0x20 C:\fehqt\Proteus/EWL/lib/armv7e-m\libm.a(e_atan2f.o)
 .debug_aranges
                0x00000d10       0x20 C:\fehqt\Proteus/EWL/lib/armv7e-m\libm.a(e_fmod.o)
 .debug_aranges
                0x00000d30       0x20 C:\fehqt\Proteus/EWL/lib/armv7e-m\libm.a(e_rem_pio2f.o)
 .debug_aranges
                0x00000d50       0x20 C:\fehqt\Proteus/EWL/lib/armv7e-m\libm.a(k_cosf.o)
 .debug_aranges
                0x00000d70       0x20 C:\fehqt\Proteus/EWL/lib/armv7e-m\libm.a(k_rem_pio2f.o)
 .debug_aranges
                0x00000d90       0x20 C:\fehqt\Proteus/EWL/lib/armv7e-m\libm.a(k_sinf.o)
 .debug_aranges
                0x00000db0       0x20 C:\fehqt\Proteus/EWL/lib/armv7e-m\libm.a(s_atanf.o)
 .debug_aranges
                0x00000dd0       0x20 C:\fehqt\Proteus/EWL/lib/armv7e-m\libm.a(s_floorf.o)
 .debug_aranges
                0x00000df0       0x20 C:\fehqt\Proteus/EWL/lib/armv7e-m\libm.a(s_scalbnf.o)
 .debug_aranges
                0x00000e10       0x20 C:\fehqt\Proteus/EWL/lib/armv7e-m\libc.a(sprintf.o)
 .debug_aranges
                0x00000e30       0x28 C:\fehqt\Proteus/EWL/lib/armv7e-m\libc.a(vsnprintf.o)
 .debug_aranges
                0x00000e58       0x20 C:\fehqt\Proteus/EWL/lib/armv7e-m\libc.a(exit.o)
 .debug_aranges
                0x00000e78       0x20 C:\fehqt\Proteus/EWL/lib/armv7e-m\libc.a(memcpy.o)
 .debug_aranges
                0x00000e98       0x20 C:\fehqt\Proteus/EWL/lib/armv7e-m\libc.a(memset.o)
 .debug_aranges
                0x00000eb8       0x20 C:\fehqt\Proteus/EWL/lib/armv7e-m\libc.a(strcpy.o)
 .debug_aranges
                0x00000ed8       0x20 C:\fehqt\Proteus/EWL/lib/armv7e-m\libc.a(strlen.o)
 .debug_aranges
                0x00000ef8       0x28 C:\fehqt\Proteus/EWL/lib/armv7e-m\libc.a(printformat_.o)
 .debug_aranges
                0x00000f20       0x20 C:\fehqt\Proteus/EWL/lib/armv7e-m\libc.a(scanformat_.o)
 .debug_aranges
                0x00000f40       0x88 C:\fehqt\Proteus/EWL/lib/armv7e-m\libc.a(ctype_aeabi.o)
 .debug_aranges
                0x00000fc8       0x20 C:\fehqt\Proteus/EWL/lib/armv7e-m\libc.a(__strtoul.o)
 .debug_aranges
                0x00000fe8       0x20 C:\fehqt\Proteus/EWL/lib/armv7e-m\libc.a(__filll_mem.o)
 .debug_aranges
                0x00001008       0x20 C:\fehqt\Proteus/EWL/lib/armv7e-m\libc.a(memchr.o)
 .debug_aranges
                0x00001028       0x20 C:\fehqt\Proteus/EWL/lib/armv7e-m\libc.a(strchr.o)
 .debug_aranges
                0x00001048       0x28 C:\fehqt\Proteus/EWL/lib/armv7e-m\librt.a(gcc_ctor_dtor.o)
 .debug_aranges
                0x00001070       0x30 C:\fehqt\Proteus/EWL/lib/armv7e-m\librt.a(ROMCopy.o)
 .debug_aranges
                0x000010a0       0x58 C:\fehqt\Proteus/EWL/lib/armv7e-m\librt.a(__arm_eabi_init.o)

.debug_line     0x00000000     0x916e
 .debug_line    0x00000000      0x697 ..\robot.o
 .debug_line    0x00000697      0x3dd ..\main.o
 .debug_line    0x00000a74      0x3ad Startup\__arm_start.o
 .debug_line    0x00000e21      0x21a Startup\__arm_end.o
 .debug_line    0x0000103b      0x283 Startup\kinetis_sysinit.o
 .debug_line    0x000012be      0x237 Libraries\FEHMotor.o
 .debug_line    0x000014f5      0x2ad Drivers\i2c.o
 .debug_line    0x000017a2      0x295 Drivers\spi.o
 .debug_line    0x00001a37      0x212 Drivers\uart.o
 .debug_line    0x00001c49     0x1114 Drivers\ff.o
 .debug_line    0x00002d5d      0x678 Drivers\SDHC.o
 .debug_line    0x000033d5      0x1c0 Drivers\lptmr.o
 .debug_line    0x00003595      0x1da FEHProteus.o
 .debug_line    0x0000376f      0x264 Drivers\FEHPropeller.o
 .debug_line    0x000039d3      0x282 Libraries\FEHUtility.o
 .debug_line    0x00003c55      0x6ee Libraries\FEHIO.o
 .debug_line    0x00004343      0x20f Drivers\adc16.o
 .debug_line    0x00004552      0x2df Libraries\FEHBuzzer.o
 .debug_line    0x00004831      0x545 Libraries\FEHServo.o
 .debug_line    0x00004d76     0x1151 Libraries\FEHLCD.o
 .debug_line    0x00005ec7      0x23f Libraries\FEHAccel.o
 .debug_line    0x00006106      0x218 Libraries\FEHBattery.o
 .debug_line    0x0000631e      0x349 Drivers\FEHXBee.o
 .debug_line    0x00006667      0x6fa Libraries\FEHRPS.o
 .debug_line    0x00006d61      0x334 Libraries\FEHSD.o
 .debug_line    0x00007095       0xc0 C:\fehqt\Proteus/EWL/lib/armv7e-m\libm.a(s_cosf.o)
 .debug_line    0x00007155       0xd0 C:\fehqt\Proteus/EWL/lib/armv7e-m\libm.a(s_floor.o)
 .debug_line    0x00007225       0xc6 C:\fehqt\Proteus/EWL/lib/armv7e-m\libm.a(s_sinf.o)
 .debug_line    0x000072eb       0x78 C:\fehqt\Proteus/EWL/lib/armv7e-m\libm.a(w_atan2f.o)
 .debug_line    0x00007363       0x76 C:\fehqt\Proteus/EWL/lib/armv7e-m\libm.a(w_fmod.o)
 .debug_line    0x000073d9      0x10c C:\fehqt\Proteus/EWL/lib/armv7e-m\libm.a(e_atan2f.o)
 .debug_line    0x000074e5      0x16d C:\fehqt\Proteus/EWL/lib/armv7e-m\libm.a(e_fmod.o)
 .debug_line    0x00007652      0x11b C:\fehqt\Proteus/EWL/lib/armv7e-m\libm.a(e_rem_pio2f.o)
 .debug_line    0x0000776d       0xbc C:\fehqt\Proteus/EWL/lib/armv7e-m\libm.a(k_cosf.o)
 .debug_line    0x00007829      0x433 C:\fehqt\Proteus/EWL/lib/armv7e-m\libm.a(k_rem_pio2f.o)
 .debug_line    0x00007c5c       0xab C:\fehqt\Proteus/EWL/lib/armv7e-m\libm.a(k_sinf.o)
 .debug_line    0x00007d07       0xe6 C:\fehqt\Proteus/EWL/lib/armv7e-m\libm.a(s_atanf.o)
 .debug_line    0x00007ded       0xc4 C:\fehqt\Proteus/EWL/lib/armv7e-m\libm.a(s_floorf.o)
 .debug_line    0x00007eb1       0xc7 C:\fehqt\Proteus/EWL/lib/armv7e-m\libm.a(s_scalbnf.o)
 .debug_line    0x00007f78       0x4d C:\fehqt\Proteus/EWL/lib/armv7e-m\libc.a(errno.o)
 .debug_line    0x00007fc5       0x94 C:\fehqt\Proteus/EWL/lib/armv7e-m\libc.a(sprintf.o)
 .debug_line    0x00008059       0xd2 C:\fehqt\Proteus/EWL/lib/armv7e-m\libc.a(vsnprintf.o)
 .debug_line    0x0000812b       0x94 C:\fehqt\Proteus/EWL/lib/armv7e-m\libc.a(exit.o)
 .debug_line    0x000081bf       0x8d C:\fehqt\Proteus/EWL/lib/armv7e-m\libc.a(memcpy.o)
 .debug_line    0x0000824c       0x8f C:\fehqt\Proteus/EWL/lib/armv7e-m\libc.a(memset.o)
 .debug_line    0x000082db       0x8e C:\fehqt\Proteus/EWL/lib/armv7e-m\libc.a(strcpy.o)
 .debug_line    0x00008369       0x89 C:\fehqt\Proteus/EWL/lib/armv7e-m\libc.a(strlen.o)
 .debug_line    0x000083f2      0x2c6 C:\fehqt\Proteus/EWL/lib/armv7e-m\libc.a(printformat_.o)
 .debug_line    0x000086b8      0x2e3 C:\fehqt\Proteus/EWL/lib/armv7e-m\libc.a(scanformat_.o)
 .debug_line    0x0000899b      0x1dd C:\fehqt\Proteus/EWL/lib/armv7e-m\libc.a(ctype_aeabi.o)
 .debug_line    0x00008b78      0x141 C:\fehqt\Proteus/EWL/lib/armv7e-m\libc.a(__strtoul.o)
 .debug_line    0x00008cb9      0x121 C:\fehqt\Proteus/EWL/lib/armv7e-m\libc.a(__filll_mem.o)
 .debug_line    0x00008dda       0xa3 C:\fehqt\Proteus/EWL/lib/armv7e-m\libc.a(memchr.o)
 .debug_line    0x00008e7d       0x84 C:\fehqt\Proteus/EWL/lib/armv7e-m\libc.a(strchr.o)
 .debug_line    0x00008f01       0x94 C:\fehqt\Proteus/EWL/lib/armv7e-m\librt.a(gcc_ctor_dtor.o)
 .debug_line    0x00008f95       0xc0 C:\fehqt\Proteus/EWL/lib/armv7e-m\librt.a(ROMCopy.o)
 .debug_line    0x00009055      0x119 C:\fehqt\Proteus/EWL/lib/armv7e-m\librt.a(__arm_eabi_init.o)

.debug_macinfo  0x00000000   0x906b56
 .debug_macinfo
                0x00000000    0x67fa8 ..\robot.o
 .debug_macinfo
                0x00067fa8    0x67fb7 ..\main.o
 .debug_macinfo
                0x000cff5f    0x647fb Startup\__arm_start.o
 .debug_macinfo
                0x0013475a     0x3464 Startup\__arm_end.o
 .debug_macinfo
                0x00137bbe    0x64cce Startup\kinetis_sysinit.o
 .debug_macinfo
                0x0019c88c    0x6305c Libraries\FEHMotor.o
 .debug_macinfo
                0x001ff8e8    0x6318f Drivers\i2c.o
 .debug_macinfo
                0x00262a77    0x62fd6 Drivers\spi.o
 .debug_macinfo
                0x002c5a4d    0x62fc7 Drivers\uart.o
 .debug_macinfo
                0x00328a14     0x4396 Drivers\ff.o
 .debug_macinfo
                0x0032cdaa    0x6452b Drivers\SDHC.o
 .debug_macinfo
                0x003912d5    0x63036 Drivers\lptmr.o
 .debug_macinfo
                0x003f430b    0x62fdc FEHProteus.o
 .debug_macinfo
                0x004572e7    0x63085 Drivers\FEHPropeller.o
 .debug_macinfo
                0x004ba36c    0x62ff1 Libraries\FEHUtility.o
 .debug_macinfo
                0x0051d35d    0x64348 Libraries\FEHIO.o
 .debug_macinfo
                0x005816a5    0x63678 Drivers\adc16.o
 .debug_macinfo
                0x005e4d1d    0x6301e Libraries\FEHBuzzer.o
 .debug_macinfo
                0x00647d3b    0x64476 Libraries\FEHServo.o
 .debug_macinfo
                0x006ac1b1    0x649ab Libraries\FEHLCD.o
 .debug_macinfo
                0x00710b5c    0x631be Libraries\FEHAccel.o
 .debug_macinfo
                0x00773d1a    0x636a3 Libraries\FEHBattery.o
 .debug_macinfo
                0x007d73bd    0x63d5d Drivers\FEHXBee.o
 .debug_macinfo
                0x0083b11a    0x661ab Libraries\FEHRPS.o
 .debug_macinfo
                0x008a12c5    0x65891 Libraries\FEHSD.o

.debug_str      0x00000000     0x5232
 .debug_str     0x00000000     0x1655 ..\robot.o
                               0x1731 (size before relaxing)
 .debug_str     0x00001655       0x1f ..\main.o
                               0x15bb (size before relaxing)
 .debug_str     0x00001674      0x338 Startup\__arm_start.o
                                0xe67 (size before relaxing)
 .debug_str     0x000019ac       0x23 Startup\__arm_end.o
                                 0xbb (size before relaxing)
 .debug_str     0x000019cf      0x154 Startup\kinetis_sysinit.o
                                0x366 (size before relaxing)
 .debug_str     0x00001b23       0x2a Libraries\FEHMotor.o
                                0x2d9 (size before relaxing)
 .debug_str     0x00001b4d      0x11a Drivers\i2c.o
                                0x202 (size before relaxing)
 .debug_str     0x00001c67      0x18b Drivers\spi.o
                                0x3bb (size before relaxing)
 .debug_str     0x00001df2      0x188 Drivers\uart.o
                                0x350 (size before relaxing)
 .debug_str     0x00001f7a      0x6af Drivers\ff.o
                                0x853 (size before relaxing)
 .debug_str     0x00002629      0x546 Drivers\SDHC.o
                                0x829 (size before relaxing)
 .debug_str     0x00002b6f       0x5a Drivers\lptmr.o
                                0x209 (size before relaxing)
 .debug_str     0x00002bc9       0x6c FEHProteus.o
                                0x255 (size before relaxing)
 .debug_str     0x00002c35       0x25 Drivers\FEHPropeller.o
                                0x396 (size before relaxing)
 .debug_str     0x00002c5a       0xc0 Libraries\FEHUtility.o
                                0x1da (size before relaxing)
 .debug_str     0x00002d1a      0xdf2 Libraries\FEHIO.o
                               0x12ab (size before relaxing)
 .debug_str     0x00003b0c       0xd7 Drivers\adc16.o
                                0x29a (size before relaxing)
 .debug_str     0x00003be3      0x1ba Libraries\FEHBuzzer.o
                                0x3ac (size before relaxing)
 .debug_str     0x00003d9d      0x24c Libraries\FEHServo.o
                               0x110c (size before relaxing)
 .debug_str     0x00003fe9      0x2bd Libraries\FEHLCD.o
                               0x110d (size before relaxing)
 .debug_str     0x000042a6       0x68 Libraries\FEHAccel.o
                                0x19e (size before relaxing)
 .debug_str     0x0000430e       0x5d Libraries\FEHBattery.o
                                0x35f (size before relaxing)
 .debug_str     0x0000436b       0xfd Drivers\FEHXBee.o
                                0x545 (size before relaxing)
 .debug_str     0x00004468      0x165 Libraries\FEHRPS.o
                               0x1502 (size before relaxing)
 .debug_str     0x000045cd       0x75 Libraries\FEHSD.o
                                0xf2a (size before relaxing)
 .debug_str     0x00004642       0x98 C:\fehqt\Proteus/EWL/lib/armv7e-m\libm.a(s_cosf.o)
                                0x150 (size before relaxing)
 .debug_str     0x000046da       0x2d C:\fehqt\Proteus/EWL/lib/armv7e-m\libm.a(s_floor.o)
                                0x14c (size before relaxing)
 .debug_str     0x00004707       0x12 C:\fehqt\Proteus/EWL/lib/armv7e-m\libm.a(s_sinf.o)
                                0x150 (size before relaxing)
 .debug_str     0x00004719       0x14 C:\fehqt\Proteus/EWL/lib/armv7e-m\libm.a(w_atan2f.o)
                                0x12f (size before relaxing)
 .debug_str     0x0000472d       0x12 C:\fehqt\Proteus/EWL/lib/armv7e-m\libm.a(w_fmod.o)
                                0x12b (size before relaxing)
 .debug_str     0x0000473f       0x50 C:\fehqt\Proteus/EWL/lib/armv7e-m\libm.a(e_atan2f.o)
                                0x18f (size before relaxing)
 .debug_str     0x0000478f       0x26 C:\fehqt\Proteus/EWL/lib/armv7e-m\libm.a(e_fmod.o)
                                0x16c (size before relaxing)
 .debug_str     0x000047b5       0x84 C:\fehqt\Proteus/EWL/lib/armv7e-m\libm.a(e_rem_pio2f.o)
                                0x1c7 (size before relaxing)
 .debug_str     0x00004839       0x20 C:\fehqt\Proteus/EWL/lib/armv7e-m\libm.a(k_cosf.o)
                                0x159 (size before relaxing)